Archive member included to satisfy reference by file (symbol)

/Applications/STM32CubeIDE.app/Contents/Eclipse/plugins/com.st.stm32cube.ide.mcu.externaltools.gnu-tools-for-stm32.7-2018-q2-update.macos64_1.0.0.201904181610/tools/bin/../lib/gcc/arm-none-eabi/7.3.1/../../../../arm-none-eabi/lib/thumb/v7e-m/fpv5/hard/libc_nano.a(lib_a-errno.o)
                              Src/syscalls.o (__errno)
/Applications/STM32CubeIDE.app/Contents/Eclipse/plugins/com.st.stm32cube.ide.mcu.externaltools.gnu-tools-for-stm32.7-2018-q2-update.macos64_1.0.0.201904181610/tools/bin/../lib/gcc/arm-none-eabi/7.3.1/../../../../arm-none-eabi/lib/thumb/v7e-m/fpv5/hard/libc_nano.a(lib_a-exit.o)
                              /Applications/STM32CubeIDE.app/Contents/Eclipse/plugins/com.st.stm32cube.ide.mcu.externaltools.gnu-tools-for-stm32.7-2018-q2-update.macos64_1.0.0.201904181610/tools/bin/../lib/gcc/arm-none-eabi/7.3.1/../../../../arm-none-eabi/lib/thumb/v7e-m/fpv5/hard/crt0.o (exit)
/Applications/STM32CubeIDE.app/Contents/Eclipse/plugins/com.st.stm32cube.ide.mcu.externaltools.gnu-tools-for-stm32.7-2018-q2-update.macos64_1.0.0.201904181610/tools/bin/../lib/gcc/arm-none-eabi/7.3.1/../../../../arm-none-eabi/lib/thumb/v7e-m/fpv5/hard/libc_nano.a(lib_a-impure.o)
                              /Applications/STM32CubeIDE.app/Contents/Eclipse/plugins/com.st.stm32cube.ide.mcu.externaltools.gnu-tools-for-stm32.7-2018-q2-update.macos64_1.0.0.201904181610/tools/bin/../lib/gcc/arm-none-eabi/7.3.1/../../../../arm-none-eabi/lib/thumb/v7e-m/fpv5/hard/libc_nano.a(lib_a-exit.o) (_global_impure_ptr)
/Applications/STM32CubeIDE.app/Contents/Eclipse/plugins/com.st.stm32cube.ide.mcu.externaltools.gnu-tools-for-stm32.7-2018-q2-update.macos64_1.0.0.201904181610/tools/bin/../lib/gcc/arm-none-eabi/7.3.1/../../../../arm-none-eabi/lib/thumb/v7e-m/fpv5/hard/libc_nano.a(lib_a-init.o)
                              /Applications/STM32CubeIDE.app/Contents/Eclipse/plugins/com.st.stm32cube.ide.mcu.externaltools.gnu-tools-for-stm32.7-2018-q2-update.macos64_1.0.0.201904181610/tools/bin/../lib/gcc/arm-none-eabi/7.3.1/../../../../arm-none-eabi/lib/thumb/v7e-m/fpv5/hard/crt0.o (__libc_init_array)
/Applications/STM32CubeIDE.app/Contents/Eclipse/plugins/com.st.stm32cube.ide.mcu.externaltools.gnu-tools-for-stm32.7-2018-q2-update.macos64_1.0.0.201904181610/tools/bin/../lib/gcc/arm-none-eabi/7.3.1/../../../../arm-none-eabi/lib/thumb/v7e-m/fpv5/hard/libc_nano.a(lib_a-itoa.o)
                              Src/main.o (itoa)
/Applications/STM32CubeIDE.app/Contents/Eclipse/plugins/com.st.stm32cube.ide.mcu.externaltools.gnu-tools-for-stm32.7-2018-q2-update.macos64_1.0.0.201904181610/tools/bin/../lib/gcc/arm-none-eabi/7.3.1/../../../../arm-none-eabi/lib/thumb/v7e-m/fpv5/hard/libc_nano.a(lib_a-memset.o)
                              /Applications/STM32CubeIDE.app/Contents/Eclipse/plugins/com.st.stm32cube.ide.mcu.externaltools.gnu-tools-for-stm32.7-2018-q2-update.macos64_1.0.0.201904181610/tools/bin/../lib/gcc/arm-none-eabi/7.3.1/../../../../arm-none-eabi/lib/thumb/v7e-m/fpv5/hard/crt0.o (memset)
/Applications/STM32CubeIDE.app/Contents/Eclipse/plugins/com.st.stm32cube.ide.mcu.externaltools.gnu-tools-for-stm32.7-2018-q2-update.macos64_1.0.0.201904181610/tools/bin/../lib/gcc/arm-none-eabi/7.3.1/../../../../arm-none-eabi/lib/thumb/v7e-m/fpv5/hard/libc_nano.a(lib_a-strncat.o)
                              Src/main.o (strncat)
/Applications/STM32CubeIDE.app/Contents/Eclipse/plugins/com.st.stm32cube.ide.mcu.externaltools.gnu-tools-for-stm32.7-2018-q2-update.macos64_1.0.0.201904181610/tools/bin/../lib/gcc/arm-none-eabi/7.3.1/../../../../arm-none-eabi/lib/thumb/v7e-m/fpv5/hard/libc_nano.a(lib_a-utoa.o)
                              /Applications/STM32CubeIDE.app/Contents/Eclipse/plugins/com.st.stm32cube.ide.mcu.externaltools.gnu-tools-for-stm32.7-2018-q2-update.macos64_1.0.0.201904181610/tools/bin/../lib/gcc/arm-none-eabi/7.3.1/../../../../arm-none-eabi/lib/thumb/v7e-m/fpv5/hard/libc_nano.a(lib_a-itoa.o) (__utoa)

Allocating common symbols
Common symbol       size              file

retSD               0x1               Src/fatfs.o
stringPositions     0x14              Src/main.o
hspi2               0x88              Src/spi.o
myFile              0x230             Src/main.o
res2                0x1               Src/main.o
fs                  0x234             Src/main.o
byteswritten        0x4               Src/main.o
hi2c2               0x4c              Src/i2c.o
wtext               0xbb80            Src/main.o
hdma_spi2_rx        0x78              Src/spi.o
hsd1                0x80              Src/sdmmc.o
uwTick              0x4               Drivers/STM32H7xx_HAL_Driver/Src/stm32h7xx_hal.o
pFlash              0x1c              Drivers/STM32H7xx_HAL_Driver/Src/stm32h7xx_hal_flash.o
bytesread           0x4               Src/main.o
hsai_BlockB1        0x98              Src/sai.o
filename            0x1e              Src/main.o
hdma_sai1_a         0x78              Src/sai.o
[...]
Memory Configuration

Name             Origin             Length             Attributes
DTCMRAM          0x0000000020000000 0x0000000000020000 xrw
ITCMRAM          0x0000000000000000 0x0000000000010000 xrw
RAM_D1           0x0000000024000000 0x0000000000080000 xrw
RAM_D2           0x0000000030000000 0x0000000000048000 xrw
RAM_D3           0x0000000038000000 0x0000000000010000 xrw
FLASH            0x0000000008000000 0x00000000001c0000 xr
FIXED_DATA       0x00000000081e0000 0x0000000000040000 rw
SDRAM            0x0000000060000000 0x0000000002000000 xr
*default*        0x0000000000000000 0xffffffffffffffff

Linker script and memory map

LOAD /Applications/STM32CubeIDE.app/Contents/Eclipse/plugins/com.st.stm32cube.ide.mcu.externaltools.gnu-tools-for-stm32.7-2018-q2-update.macos64_1.0.0.201904181610/tools/bin/../lib/gcc/arm-none-eabi/7.3.1/thumb/v7e-m/fpv5/hard/crti.o
LOAD /Applications/STM32CubeIDE.app/Contents/Eclipse/plugins/com.st.stm32cube.ide.mcu.externaltools.gnu-tools-for-stm32.7-2018-q2-update.macos64_1.0.0.201904181610/tools/bin/../lib/gcc/arm-none-eabi/7.3.1/thumb/v7e-m/fpv5/hard/crtbegin.o
LOAD /Applications/STM32CubeIDE.app/Contents/Eclipse/plugins/com.st.stm32cube.ide.mcu.externaltools.gnu-tools-for-stm32.7-2018-q2-update.macos64_1.0.0.201904181610/tools/bin/../lib/gcc/arm-none-eabi/7.3.1/../../../../arm-none-eabi/lib/thumb/v7e-m/fpv5/hard/crt0.o
LOAD Drivers/STM32H7xx_HAL_Driver/Src/stm32h7xx_hal.o
LOAD Drivers/STM32H7xx_HAL_Driver/Src/stm32h7xx_hal_adc.o
LOAD Drivers/STM32H7xx_HAL_Driver/Src/stm32h7xx_hal_adc_ex.o
LOAD Drivers/STM32H7xx_HAL_Driver/Src/stm32h7xx_hal_cortex.o
LOAD Drivers/STM32H7xx_HAL_Driver/Src/stm32h7xx_hal_dma.o
LOAD Drivers/STM32H7xx_HAL_Driver/Src/stm32h7xx_hal_dma_ex.o
LOAD Drivers/STM32H7xx_HAL_Driver/Src/stm32h7xx_hal_exti.o
LOAD Drivers/STM32H7xx_HAL_Driver/Src/stm32h7xx_hal_flash.o
LOAD Drivers/STM32H7xx_HAL_Driver/Src/stm32h7xx_hal_flash_ex.o
LOAD Drivers/STM32H7xx_HAL_Driver/Src/stm32h7xx_hal_gpio.o
LOAD Drivers/STM32H7xx_HAL_Driver/Src/stm32h7xx_hal_hsem.o
LOAD Drivers/STM32H7xx_HAL_Driver/Src/stm32h7xx_hal_i2c.o
LOAD Drivers/STM32H7xx_HAL_Driver/Src/stm32h7xx_hal_i2c_ex.o
LOAD Drivers/STM32H7xx_HAL_Driver/Src/stm32h7xx_hal_mdma.o
LOAD Drivers/STM32H7xx_HAL_Driver/Src/stm32h7xx_hal_pwr.o
LOAD Drivers/STM32H7xx_HAL_Driver/Src/stm32h7xx_hal_pwr_ex.o
LOAD Drivers/STM32H7xx_HAL_Driver/Src/stm32h7xx_hal_rcc.o
LOAD Drivers/STM32H7xx_HAL_Driver/Src/stm32h7xx_hal_rcc_ex.o
LOAD Drivers/STM32H7xx_HAL_Driver/Src/stm32h7xx_hal_rng.o
LOAD Drivers/STM32H7xx_HAL_Driver/Src/stm32h7xx_hal_rng_ex.o
LOAD Drivers/STM32H7xx_HAL_Driver/Src/stm32h7xx_hal_sai.o
LOAD Drivers/STM32H7xx_HAL_Driver/Src/stm32h7xx_hal_sai_ex.o
LOAD Drivers/STM32H7xx_HAL_Driver/Src/stm32h7xx_hal_sd.o
LOAD Drivers/STM32H7xx_HAL_Driver/Src/stm32h7xx_hal_sd_ex.o
LOAD Drivers/STM32H7xx_HAL_Driver/Src/stm32h7xx_hal_sdram.o
LOAD Drivers/STM32H7xx_HAL_Driver/Src/stm32h7xx_hal_spi.o
LOAD Drivers/STM32H7xx_HAL_Driver/Src/stm32h7xx_hal_spi_ex.o
LOAD Drivers/STM32H7xx_HAL_Driver/Src/stm32h7xx_hal_tim.o
LOAD Drivers/STM32H7xx_HAL_Driver/Src/stm32h7xx_hal_tim_ex.o
LOAD Drivers/STM32H7xx_HAL_Driver/Src/stm32h7xx_ll_delayblock.o
LOAD Drivers/STM32H7xx_HAL_Driver/Src/stm32h7xx_ll_fmc.o
LOAD Drivers/STM32H7xx_HAL_Driver/Src/stm32h7xx_ll_sdmmc.o
LOAD Middlewares/Third_Party/FatFs/src/diskio.o
LOAD Middlewares/Third_Party/FatFs/src/ff.o
LOAD Middlewares/Third_Party/FatFs/src/ff_gen_drv.o
LOAD Middlewares/Third_Party/FatFs/src/option/ccsbcs.o
LOAD Middlewares/Third_Party/FatFs/src/option/syscall.o
LOAD Src/adc.o
LOAD Src/bsp_driver_sd.o
LOAD Src/debug.o
LOAD Src/dma.o
LOAD Src/fatfs.o
LOAD Src/fatfs_platform.o
LOAD Src/fmc.o
LOAD Src/gpio.o
LOAD Src/i2c.o
LOAD Src/main.o
LOAD Src/rng.o
LOAD Src/sai.o
LOAD Src/sd_diskio.o
LOAD Src/sdmmc.o
LOAD Src/spi.o
LOAD Src/stm32h7xx_hal_msp.o
LOAD Src/stm32h7xx_it.o
LOAD Src/syscalls.o
LOAD Src/sysmem.o
LOAD Src/system_stm32h7xx.o
LOAD Startup/startup_stm32h743zitx.o
START GROUP
LOAD /Applications/STM32CubeIDE.app/Contents/Eclipse/plugins/com.st.stm32cube.ide.mcu.externaltools.gnu-tools-for-stm32.7-2018-q2-update.macos64_1.0.0.201904181610/tools/bin/../lib/gcc/arm-none-eabi/7.3.1/../../../../arm-none-eabi/lib/thumb/v7e-m/fpv5/hard/libc_nano.a
LOAD /Applications/STM32CubeIDE.app/Contents/Eclipse/plugins/com.st.stm32cube.ide.mcu.externaltools.gnu-tools-for-stm32.7-2018-q2-update.macos64_1.0.0.201904181610/tools/bin/../lib/gcc/arm-none-eabi/7.3.1/../../../../arm-none-eabi/lib/thumb/v7e-m/fpv5/hard/libm.a
END GROUP
START GROUP
LOAD /Applications/STM32CubeIDE.app/Contents/Eclipse/plugins/com.st.stm32cube.ide.mcu.externaltools.gnu-tools-for-stm32.7-2018-q2-update.macos64_1.0.0.201904181610/tools/bin/../lib/gcc/arm-none-eabi/7.3.1/thumb/v7e-m/fpv5/hard/libgcc.a
LOAD /Applications/STM32CubeIDE.app/Contents/Eclipse/plugins/com.st.stm32cube.ide.mcu.externaltools.gnu-tools-for-stm32.7-2018-q2-update.macos64_1.0.0.201904181610/tools/bin/../lib/gcc/arm-none-eabi/7.3.1/../../../../arm-none-eabi/lib/thumb/v7e-m/fpv5/hard/libc_nano.a
END GROUP
START GROUP
LOAD /Applications/STM32CubeIDE.app/Contents/Eclipse/plugins/com.st.stm32cube.ide.mcu.externaltools.gnu-tools-for-stm32.7-2018-q2-update.macos64_1.0.0.201904181610/tools/bin/../lib/gcc/arm-none-eabi/7.3.1/thumb/v7e-m/fpv5/hard/libgcc.a
LOAD /Applications/STM32CubeIDE.app/Contents/Eclipse/plugins/com.st.stm32cube.ide.mcu.externaltools.gnu-tools-for-stm32.7-2018-q2-update.macos64_1.0.0.201904181610/tools/bin/../lib/gcc/arm-none-eabi/7.3.1/../../../../arm-none-eabi/lib/thumb/v7e-m/fpv5/hard/libc_nano.a
LOAD /Applications/STM32CubeIDE.app/Contents/Eclipse/plugins/com.st.stm32cube.ide.mcu.externaltools.gnu-tools-for-stm32.7-2018-q2-update.macos64_1.0.0.201904181610/tools/bin/../lib/gcc/arm-none-eabi/7.3.1/../../../../arm-none-eabi/lib/thumb/v7e-m/fpv5/hard/libnosys.a
END GROUP
START GROUP
LOAD /Applications/STM32CubeIDE.app/Contents/Eclipse/plugins/com.st.stm32cube.ide.mcu.externaltools.gnu-tools-for-stm32.7-2018-q2-update.macos64_1.0.0.201904181610/tools/bin/../lib/gcc/arm-none-eabi/7.3.1/thumb/v7e-m/fpv5/hard/libgcc.a
LOAD /Applications/STM32CubeIDE.app/Contents/Eclipse/plugins/com.st.stm32cube.ide.mcu.externaltools.gnu-tools-for-stm32.7-2018-q2-update.macos64_1.0.0.201904181610/tools/bin/../lib/gcc/arm-none-eabi/7.3.1/../../../../arm-none-eabi/lib/thumb/v7e-m/fpv5/hard/libc_nano.a
LOAD /Applications/STM32CubeIDE.app/Contents/Eclipse/plugins/com.st.stm32cube.ide.mcu.externaltools.gnu-tools-for-stm32.7-2018-q2-update.macos64_1.0.0.201904181610/tools/bin/../lib/gcc/arm-none-eabi/7.3.1/../../../../arm-none-eabi/lib/thumb/v7e-m/fpv5/hard/libnosys.a
END GROUP
LOAD /Applications/STM32CubeIDE.app/Contents/Eclipse/plugins/com.st.stm32cube.ide.mcu.externaltools.gnu-tools-for-stm32.7-2018-q2-update.macos64_1.0.0.201904181610/tools/bin/../lib/gcc/arm-none-eabi/7.3.1/thumb/v7e-m/fpv5/hard/crtend.o
LOAD /Applications/STM32CubeIDE.app/Contents/Eclipse/plugins/com.st.stm32cube.ide.mcu.externaltools.gnu-tools-for-stm32.7-2018-q2-update.macos64_1.0.0.201904181610/tools/bin/../lib/gcc/arm-none-eabi/7.3.1/thumb/v7e-m/fpv5/hard/crtn.o
                0x0000000020020000                _estack = 0x20020000
                0x0000000000003000                _Min_Heap_Size = 0x3000
                0x0000000000003000                _Min_Stack_Size = 0x3000

.isr_vector     0x0000000008000000      0x298
                0x0000000008000000                . = ALIGN (0x4)
 *(.isr_vector)
 .isr_vector    0x0000000008000000      0x298 Startup/startup_stm32h743zitx.o
                0x0000000008000000                g_pfnVectors
                0x0000000008000298                . = ALIGN (0x4)

.text           0x0000000008000298    0x10c3c
                0x0000000008000298                . = ALIGN (0x4)
 *(.text)
 .text          0x0000000008000298       0x40 /Applications/STM32CubeIDE.app/Contents/Eclipse/plugins/com.st.stm32cube.ide.mcu.externaltools.gnu-tools-for-stm32.7-2018-q2-update.macos64_1.0.0.201904181610/tools/bin/../lib/gcc/arm-none-eabi/7.3.1/thumb/v7e-m/fpv5/hard/crtbegin.o
 *(.text*)
 .text.HAL_Init
                0x00000000080002d8       0x78 Drivers/STM32H7xx_HAL_Driver/Src/stm32h7xx_hal.o
                0x00000000080002d8                HAL_Init
 .text.HAL_InitTick
                0x0000000008000350       0x6c Drivers/STM32H7xx_HAL_Driver/Src/stm32h7xx_hal.o
                0x0000000008000350                HAL_InitTick
 .text.HAL_IncTick
                0x00000000080003bc       0x28 Drivers/STM32H7xx_HAL_Driver/Src/stm32h7xx_hal.o
                0x00000000080003bc                HAL_IncTick
 .text.HAL_GetTick
                0x00000000080003e4       0x18 Drivers/STM32H7xx_HAL_Driver/Src/stm32h7xx_hal.o
                0x00000000080003e4                HAL_GetTick
 .text.HAL_Delay
                0x00000000080003fc       0x44 Drivers/STM32H7xx_HAL_Driver/Src/stm32h7xx_hal.o
                0x00000000080003fc                HAL_Delay
 .text.HAL_GetREVID
                0x0000000008000440       0x18 Drivers/STM32H7xx_HAL_Driver/Src/stm32h7xx_hal.o
                0x0000000008000440                HAL_GetREVID
 .text.HAL_SetFMCMemorySwappingConfig
                0x0000000008000458       0x28 Drivers/STM32H7xx_HAL_Driver/Src/stm32h7xx_hal.o
                0x0000000008000458                HAL_SetFMCMemorySwappingConfig
 .text.LL_ADC_SetCommonClock
                0x0000000008000480       0x26 Drivers/STM32H7xx_HAL_Driver/Src/stm32h7xx_hal_adc.o
 .text.LL_ADC_SetCommonPathInternalCh
                0x00000000080004a6       0x26 Drivers/STM32H7xx_HAL_Driver/Src/stm32h7xx_hal_adc.o
 .text.LL_ADC_GetCommonPathInternalCh
                0x00000000080004cc       0x1c Drivers/STM32H7xx_HAL_Driver/Src/stm32h7xx_hal_adc.o
 .text.LL_ADC_SetOffset
                0x00000000080004e8       0x3a Drivers/STM32H7xx_HAL_Driver/Src/stm32h7xx_hal_adc.o
 .text.LL_ADC_SetDataRightShift
                0x0000000008000522       0x32 Drivers/STM32H7xx_HAL_Driver/Src/stm32h7xx_hal_adc.o
 .text.LL_ADC_SetOffsetSignedSaturation
                0x0000000008000554       0x30 Drivers/STM32H7xx_HAL_Driver/Src/stm32h7xx_hal_adc.o
 .text.LL_ADC_REG_IsTriggerSourceSWStart
                0x0000000008000584       0x26 Drivers/STM32H7xx_HAL_Driver/Src/stm32h7xx_hal_adc.o
 .text.LL_ADC_REG_SetSequencerRanks
                0x00000000080005aa       0x52 Drivers/STM32H7xx_HAL_Driver/Src/stm32h7xx_hal_adc.o
 .text.LL_ADC_REG_SetDataTransferMode
                0x00000000080005fc       0x26 Drivers/STM32H7xx_HAL_Driver/Src/stm32h7xx_hal_adc.o
 .text.LL_ADC_SetChannelSamplingTime
                0x0000000008000622       0x50 Drivers/STM32H7xx_HAL_Driver/Src/stm32h7xx_hal_adc.o
 *fill*         0x0000000008000672        0x2 
 .text.LL_ADC_SetChannelSingleDiff
                0x0000000008000674       0x48 Drivers/STM32H7xx_HAL_Driver/Src/stm32h7xx_hal_adc.o
 .text.LL_ADC_GetMultimode
                0x00000000080006bc       0x1c Drivers/STM32H7xx_HAL_Driver/Src/stm32h7xx_hal_adc.o
 .text.LL_ADC_DisableDeepPowerDown
                0x00000000080006d8       0x24 Drivers/STM32H7xx_HAL_Driver/Src/stm32h7xx_hal_adc.o
 .text.LL_ADC_IsDeepPowerDownEnabled
                0x00000000080006fc       0x28 Drivers/STM32H7xx_HAL_Driver/Src/stm32h7xx_hal_adc.o
 .text.LL_ADC_EnableInternalRegulator
                0x0000000008000724       0x28 Drivers/STM32H7xx_HAL_Driver/Src/stm32h7xx_hal_adc.o
 .text.LL_ADC_IsInternalRegulatorEnabled
                0x000000000800074c       0x28 Drivers/STM32H7xx_HAL_Driver/Src/stm32h7xx_hal_adc.o
 .text.LL_ADC_Enable
                0x0000000008000774       0x28 Drivers/STM32H7xx_HAL_Driver/Src/stm32h7xx_hal_adc.o
 .text.LL_ADC_Disable
                0x000000000800079c       0x28 Drivers/STM32H7xx_HAL_Driver/Src/stm32h7xx_hal_adc.o
 .text.LL_ADC_IsEnabled
                0x00000000080007c4       0x26 Drivers/STM32H7xx_HAL_Driver/Src/stm32h7xx_hal_adc.o
 .text.LL_ADC_IsDisableOngoing
                0x00000000080007ea       0x26 Drivers/STM32H7xx_HAL_Driver/Src/stm32h7xx_hal_adc.o
 .text.LL_ADC_REG_StartConversion
                0x0000000008000810       0x28 Drivers/STM32H7xx_HAL_Driver/Src/stm32h7xx_hal_adc.o
 .text.LL_ADC_REG_StopConversion
                0x0000000008000838       0x28 Drivers/STM32H7xx_HAL_Driver/Src/stm32h7xx_hal_adc.o
 .text.LL_ADC_REG_IsConversionOngoing
                0x0000000008000860       0x26 Drivers/STM32H7xx_HAL_Driver/Src/stm32h7xx_hal_adc.o
 *fill*         0x0000000008000886        0x2 
 .text.LL_ADC_INJ_StopConversion
                0x0000000008000888       0x28 Drivers/STM32H7xx_HAL_Driver/Src/stm32h7xx_hal_adc.o
 .text.LL_ADC_INJ_IsConversionOngoing
                0x00000000080008b0       0x26 Drivers/STM32H7xx_HAL_Driver/Src/stm32h7xx_hal_adc.o
 *fill*         0x00000000080008d6        0x2 
 .text.HAL_ADC_Init
                0x00000000080008d8      0x340 Drivers/STM32H7xx_HAL_Driver/Src/stm32h7xx_hal_adc.o
                0x00000000080008d8                HAL_ADC_Init
 .text.HAL_ADC_Stop
                0x0000000008000c18       0x68 Drivers/STM32H7xx_HAL_Driver/Src/stm32h7xx_hal_adc.o
                0x0000000008000c18                HAL_ADC_Stop
 .text.HAL_ADC_Start_DMA
                0x0000000008000c80      0x188 Drivers/STM32H7xx_HAL_Driver/Src/stm32h7xx_hal_adc.o
                0x0000000008000c80                HAL_ADC_Start_DMA
 .text.HAL_ADC_ErrorCallback
                0x0000000008000e08       0x14 Drivers/STM32H7xx_HAL_Driver/Src/stm32h7xx_hal_adc.o
                0x0000000008000e08                HAL_ADC_ErrorCallback
 .text.HAL_ADC_ConfigChannel
                0x0000000008000e1c      0x628 Drivers/STM32H7xx_HAL_Driver/Src/stm32h7xx_hal_adc.o
                0x0000000008000e1c                HAL_ADC_ConfigChannel
 .text.ADC_ConversionStop
                0x0000000008001444      0x168 Drivers/STM32H7xx_HAL_Driver/Src/stm32h7xx_hal_adc.o
                0x0000000008001444                ADC_ConversionStop
 .text.ADC_Enable
                0x00000000080015ac      0x108 Drivers/STM32H7xx_HAL_Driver/Src/stm32h7xx_hal_adc.o
                0x00000000080015ac                ADC_Enable
 .text.ADC_Disable
                0x00000000080016b4       0xb0 Drivers/STM32H7xx_HAL_Driver/Src/stm32h7xx_hal_adc.o
                0x00000000080016b4                ADC_Disable
 .text.ADC_DMAConvCplt
                0x0000000008001764       0xd8 Drivers/STM32H7xx_HAL_Driver/Src/stm32h7xx_hal_adc.o
                0x0000000008001764                ADC_DMAConvCplt
 .text.ADC_DMAHalfConvCplt
                0x000000000800183c       0x1c Drivers/STM32H7xx_HAL_Driver/Src/stm32h7xx_hal_adc.o
                0x000000000800183c                ADC_DMAHalfConvCplt
 .text.ADC_DMAError
                0x0000000008001858       0x34 Drivers/STM32H7xx_HAL_Driver/Src/stm32h7xx_hal_adc.o
                0x0000000008001858                ADC_DMAError
 .text.ADC_ConfigureBoostMode
                0x000000000800188c      0x1f0 Drivers/STM32H7xx_HAL_Driver/Src/stm32h7xx_hal_adc.o
                0x000000000800188c                ADC_ConfigureBoostMode
 .text.LL_ADC_IsEnabled
                0x0000000008001a7c       0x26 Drivers/STM32H7xx_HAL_Driver/Src/stm32h7xx_hal_adc_ex.o
 .text.LL_ADC_REG_IsConversionOngoing
                0x0000000008001aa2       0x26 Drivers/STM32H7xx_HAL_Driver/Src/stm32h7xx_hal_adc_ex.o
 .text.HAL_ADCEx_MultiModeConfigChannel
                0x0000000008001ac8      0x1b4 Drivers/STM32H7xx_HAL_Driver/Src/stm32h7xx_hal_adc_ex.o
                0x0000000008001ac8                HAL_ADCEx_MultiModeConfigChannel
 .text.__NVIC_SetPriorityGrouping
                0x0000000008001c7c       0x48 Drivers/STM32H7xx_HAL_Driver/Src/stm32h7xx_hal_cortex.o
 .text.__NVIC_GetPriorityGrouping
                0x0000000008001cc4       0x1c Drivers/STM32H7xx_HAL_Driver/Src/stm32h7xx_hal_cortex.o
 .text.__NVIC_EnableIRQ
                0x0000000008001ce0       0x3c Drivers/STM32H7xx_HAL_Driver/Src/stm32h7xx_hal_cortex.o
 .text.__NVIC_SetPriority
                0x0000000008001d1c       0x54 Drivers/STM32H7xx_HAL_Driver/Src/stm32h7xx_hal_cortex.o
 .text.NVIC_EncodePriority
                0x0000000008001d70       0x66 Drivers/STM32H7xx_HAL_Driver/Src/stm32h7xx_hal_cortex.o
 *fill*         0x0000000008001dd6        0x2 
 .text.SysTick_Config
                0x0000000008001dd8       0x44 Drivers/STM32H7xx_HAL_Driver/Src/stm32h7xx_hal_cortex.o
 .text.HAL_NVIC_SetPriorityGrouping
                0x0000000008001e1c       0x16 Drivers/STM32H7xx_HAL_Driver/Src/stm32h7xx_hal_cortex.o
                0x0000000008001e1c                HAL_NVIC_SetPriorityGrouping
 .text.HAL_NVIC_SetPriority
                0x0000000008001e32       0x34 Drivers/STM32H7xx_HAL_Driver/Src/stm32h7xx_hal_cortex.o
                0x0000000008001e32                HAL_NVIC_SetPriority
 .text.HAL_NVIC_EnableIRQ
                0x0000000008001e66       0x1c Drivers/STM32H7xx_HAL_Driver/Src/stm32h7xx_hal_cortex.o
                0x0000000008001e66                HAL_NVIC_EnableIRQ
 .text.HAL_SYSTICK_Config
                0x0000000008001e82       0x18 Drivers/STM32H7xx_HAL_Driver/Src/stm32h7xx_hal_cortex.o
                0x0000000008001e82                HAL_SYSTICK_Config
 *fill*         0x0000000008001e9a        0x2 
 .text.HAL_MPU_Disable
                0x0000000008001e9c       0x2c Drivers/STM32H7xx_HAL_Driver/Src/stm32h7xx_hal_cortex.o
                0x0000000008001e9c                HAL_MPU_Disable
 .text.HAL_MPU_Enable
                0x0000000008001ec8       0x3c Drivers/STM32H7xx_HAL_Driver/Src/stm32h7xx_hal_cortex.o
                0x0000000008001ec8                HAL_MPU_Enable
 .text.HAL_MPU_ConfigRegion
                0x0000000008001f04       0x88 Drivers/STM32H7xx_HAL_Driver/Src/stm32h7xx_hal_cortex.o
                0x0000000008001f04                HAL_MPU_ConfigRegion
 .text.HAL_DMA_Init
                0x0000000008001f8c      0x6b8 Drivers/STM32H7xx_HAL_Driver/Src/stm32h7xx_hal_dma.o
                0x0000000008001f8c                HAL_DMA_Init
 .text.HAL_DMA_Start_IT
                0x0000000008002644      0x4d4 Drivers/STM32H7xx_HAL_Driver/Src/stm32h7xx_hal_dma.o
                0x0000000008002644                HAL_DMA_Start_IT
 .text.HAL_DMA_Abort_IT
                0x0000000008002b18      0x488 Drivers/STM32H7xx_HAL_Driver/Src/stm32h7xx_hal_dma.o
                0x0000000008002b18                HAL_DMA_Abort_IT
 .text.HAL_DMA_IRQHandler
                0x0000000008002fa0      0xe54 Drivers/STM32H7xx_HAL_Driver/Src/stm32h7xx_hal_dma.o
                0x0000000008002fa0                HAL_DMA_IRQHandler
 .text.HAL_DMA_GetError
                0x0000000008003df4       0x18 Drivers/STM32H7xx_HAL_Driver/Src/stm32h7xx_hal_dma.o
                0x0000000008003df4                HAL_DMA_GetError
 .text.DMA_SetConfig
                0x0000000008003e0c      0x358 Drivers/STM32H7xx_HAL_Driver/Src/stm32h7xx_hal_dma.o
 .text.DMA_CalcBaseAndBitshift
                0x0000000008004164      0x164 Drivers/STM32H7xx_HAL_Driver/Src/stm32h7xx_hal_dma.o
 .text.DMA_CheckFifoParam
                0x00000000080042c8       0xf8 Drivers/STM32H7xx_HAL_Driver/Src/stm32h7xx_hal_dma.o
 .text.DMA_CalcDMAMUXChannelBaseAndMask
                0x00000000080043c0      0x134 Drivers/STM32H7xx_HAL_Driver/Src/stm32h7xx_hal_dma.o
 .text.DMA_CalcDMAMUXRequestGenBaseAndMask
                0x00000000080044f4       0xe8 Drivers/STM32H7xx_HAL_Driver/Src/stm32h7xx_hal_dma.o
 .text.HAL_GPIO_Init
                0x00000000080045dc      0x360 Drivers/STM32H7xx_HAL_Driver/Src/stm32h7xx_hal_gpio.o
                0x00000000080045dc                HAL_GPIO_Init
 .text.HAL_GPIO_ReadPin
                0x000000000800493c       0x30 Drivers/STM32H7xx_HAL_Driver/Src/stm32h7xx_hal_gpio.o
                0x000000000800493c                HAL_GPIO_ReadPin
 .text.HAL_GPIO_WritePin
                0x000000000800496c       0x32 Drivers/STM32H7xx_HAL_Driver/Src/stm32h7xx_hal_gpio.o
                0x000000000800496c                HAL_GPIO_WritePin
 *fill*         0x000000000800499e        0x2 
 .text.HAL_I2C_Init
                0x00000000080049a0      0x120 Drivers/STM32H7xx_HAL_Driver/Src/stm32h7xx_hal_i2c.o
                0x00000000080049a0                HAL_I2C_Init
 .text.HAL_I2CEx_ConfigAnalogFilter
                0x0000000008004ac0       0x96 Drivers/STM32H7xx_HAL_Driver/Src/stm32h7xx_hal_i2c_ex.o
                0x0000000008004ac0                HAL_I2CEx_ConfigAnalogFilter
 .text.HAL_I2CEx_ConfigDigitalFilter
                0x0000000008004b56       0x98 Drivers/STM32H7xx_HAL_Driver/Src/stm32h7xx_hal_i2c_ex.o
                0x0000000008004b56                HAL_I2CEx_ConfigDigitalFilter
 *fill*         0x0000000008004bee        0x2 
 .text.HAL_PWREx_ConfigSupply
                0x0000000008004bf0       0x74 Drivers/STM32H7xx_HAL_Driver/Src/stm32h7xx_hal_pwr_ex.o
                0x0000000008004bf0                HAL_PWREx_ConfigSupply
 .text.HAL_RCC_OscConfig
                0x0000000008004c64      0x7b0 Drivers/STM32H7xx_HAL_Driver/Src/stm32h7xx_hal_rcc.o
                0x0000000008004c64                HAL_RCC_OscConfig
 .text.HAL_RCC_ClockConfig
                0x0000000008005414      0x36c Drivers/STM32H7xx_HAL_Driver/Src/stm32h7xx_hal_rcc.o
                0x0000000008005414                HAL_RCC_ClockConfig
 .text.HAL_RCC_GetSysClockFreq
                0x0000000008005780      0x2e4 Drivers/STM32H7xx_HAL_Driver/Src/stm32h7xx_hal_rcc.o
                0x0000000008005780                HAL_RCC_GetSysClockFreq
 .text.HAL_RCC_GetHCLKFreq
                0x0000000008005a64       0x60 Drivers/STM32H7xx_HAL_Driver/Src/stm32h7xx_hal_rcc.o
                0x0000000008005a64                HAL_RCC_GetHCLKFreq
 .text.HAL_RCCEx_PeriphCLKConfig
                0x0000000008005ac4      0xdbc Drivers/STM32H7xx_HAL_Driver/Src/stm32h7xx_hal_rcc_ex.o
                0x0000000008005ac4                HAL_RCCEx_PeriphCLKConfig
 .text.HAL_RCCEx_GetPeriphCLKFreq
                0x0000000008006880      0x4f0 Drivers/STM32H7xx_HAL_Driver/Src/stm32h7xx_hal_rcc_ex.o
                0x0000000008006880                HAL_RCCEx_GetPeriphCLKFreq
 .text.HAL_RCCEx_GetD3PCLK1Freq
                0x0000000008006d70       0x2c Drivers/STM32H7xx_HAL_Driver/Src/stm32h7xx_hal_rcc_ex.o
                0x0000000008006d70                HAL_RCCEx_GetD3PCLK1Freq
 .text.HAL_RCCEx_GetPLL2ClockFreq
                0x0000000008006d9c      0x298 Drivers/STM32H7xx_HAL_Driver/Src/stm32h7xx_hal_rcc_ex.o
                0x0000000008006d9c                HAL_RCCEx_GetPLL2ClockFreq
 .text.HAL_RCCEx_GetPLL3ClockFreq
                0x0000000008007034      0x298 Drivers/STM32H7xx_HAL_Driver/Src/stm32h7xx_hal_rcc_ex.o
                0x0000000008007034                HAL_RCCEx_GetPLL3ClockFreq
 .text.HAL_RCCEx_GetPLL1ClockFreq
                0x00000000080072cc      0x298 Drivers/STM32H7xx_HAL_Driver/Src/stm32h7xx_hal_rcc_ex.o
                0x00000000080072cc                HAL_RCCEx_GetPLL1ClockFreq
 .text.RCCEx_PLL2_Config
                0x0000000008007564      0x164 Drivers/STM32H7xx_HAL_Driver/Src/stm32h7xx_hal_rcc_ex.o
 .text.RCCEx_PLL3_Config
                0x00000000080076c8      0x164 Drivers/STM32H7xx_HAL_Driver/Src/stm32h7xx_hal_rcc_ex.o
 .text.HAL_RNG_Init
                0x000000000800782c       0xb6 Drivers/STM32H7xx_HAL_Driver/Src/stm32h7xx_hal_rng.o
                0x000000000800782c                HAL_RNG_Init
 .text.HAL_RNG_GenerateRandomNumber
                0x00000000080078e2       0x9e Drivers/STM32H7xx_HAL_Driver/Src/stm32h7xx_hal_rng.o
                0x00000000080078e2                HAL_RNG_GenerateRandomNumber
 .text.HAL_SAI_InitProtocol
                0x0000000008007980       0x74 Drivers/STM32H7xx_HAL_Driver/Src/stm32h7xx_hal_sai.o
                0x0000000008007980                HAL_SAI_InitProtocol
 .text.HAL_SAI_Init
                0x00000000080079f4      0x508 Drivers/STM32H7xx_HAL_Driver/Src/stm32h7xx_hal_sai.o
                0x00000000080079f4                HAL_SAI_Init
 .text.HAL_SAI_Transmit_DMA
                0x0000000008007efc      0x16c Drivers/STM32H7xx_HAL_Driver/Src/stm32h7xx_hal_sai.o
                0x0000000008007efc                HAL_SAI_Transmit_DMA
 .text.HAL_SAI_Receive_DMA
                0x0000000008008068      0x128 Drivers/STM32H7xx_HAL_Driver/Src/stm32h7xx_hal_sai.o
                0x0000000008008068                HAL_SAI_Receive_DMA
 .text.HAL_SAI_TxCpltCallback
                0x0000000008008190       0x14 Drivers/STM32H7xx_HAL_Driver/Src/stm32h7xx_hal_sai.o
                0x0000000008008190                HAL_SAI_TxCpltCallback
 .text.HAL_SAI_TxHalfCpltCallback
                0x00000000080081a4       0x14 Drivers/STM32H7xx_HAL_Driver/Src/stm32h7xx_hal_sai.o
                0x00000000080081a4                HAL_SAI_TxHalfCpltCallback
 .text.HAL_SAI_RxCpltCallback
                0x00000000080081b8       0x14 Drivers/STM32H7xx_HAL_Driver/Src/stm32h7xx_hal_sai.o
                0x00000000080081b8                HAL_SAI_RxCpltCallback
 .text.HAL_SAI_RxHalfCpltCallback
                0x00000000080081cc       0x14 Drivers/STM32H7xx_HAL_Driver/Src/stm32h7xx_hal_sai.o
                0x00000000080081cc                HAL_SAI_RxHalfCpltCallback
 .text.HAL_SAI_ErrorCallback
                0x00000000080081e0       0x14 Drivers/STM32H7xx_HAL_Driver/Src/stm32h7xx_hal_sai.o
                0x00000000080081e0                HAL_SAI_ErrorCallback
 .text.SAI_InitI2S
                0x00000000080081f4      0x164 Drivers/STM32H7xx_HAL_Driver/Src/stm32h7xx_hal_sai.o
 .text.SAI_InitPCM
                0x0000000008008358      0x104 Drivers/STM32H7xx_HAL_Driver/Src/stm32h7xx_hal_sai.o
 .text.SAI_InterruptFlag
                0x000000000800845c       0x6e Drivers/STM32H7xx_HAL_Driver/Src/stm32h7xx_hal_sai.o
 *fill*         0x00000000080084ca        0x2 
 .text.SAI_Disable
                0x00000000080084cc       0x68 Drivers/STM32H7xx_HAL_Driver/Src/stm32h7xx_hal_sai.o
 .text.SAI_DMATxCplt
                0x0000000008008534       0x60 Drivers/STM32H7xx_HAL_Driver/Src/stm32h7xx_hal_sai.o
 .text.SAI_DMATxHalfCplt
                0x0000000008008594       0x1c Drivers/STM32H7xx_HAL_Driver/Src/stm32h7xx_hal_sai.o
 .text.SAI_DMARxCplt
                0x00000000080085b0       0x60 Drivers/STM32H7xx_HAL_Driver/Src/stm32h7xx_hal_sai.o
 .text.SAI_DMARxHalfCplt
                0x0000000008008610       0x1c Drivers/STM32H7xx_HAL_Driver/Src/stm32h7xx_hal_sai.o
 .text.SAI_DMAError
                0x000000000800862c       0x5e Drivers/STM32H7xx_HAL_Driver/Src/stm32h7xx_hal_sai.o
 .text.HAL_SD_Init
                0x000000000800868a      0x114 Drivers/STM32H7xx_HAL_Driver/Src/stm32h7xx_hal_sd.o
                0x000000000800868a                HAL_SD_Init
 *fill*         0x000000000800879e        0x2 
 .text.HAL_SD_InitCard
                0x00000000080087a0      0x128 Drivers/STM32H7xx_HAL_Driver/Src/stm32h7xx_hal_sd.o
                0x00000000080087a0                HAL_SD_InitCard
 .text.HAL_SD_ReadBlocks
                0x00000000080088c8      0x314 Drivers/STM32H7xx_HAL_Driver/Src/stm32h7xx_hal_sd.o
                0x00000000080088c8                HAL_SD_ReadBlocks
 .text.HAL_SD_WriteBlocks
                0x0000000008008bdc      0x31c Drivers/STM32H7xx_HAL_Driver/Src/stm32h7xx_hal_sd.o
                0x0000000008008bdc                HAL_SD_WriteBlocks
 .text.HAL_SD_IRQHandler
                0x0000000008008ef8      0x36c Drivers/STM32H7xx_HAL_Driver/Src/stm32h7xx_hal_sd.o
                0x0000000008008ef8                HAL_SD_IRQHandler
 .text.HAL_SD_ErrorCallback
                0x0000000008009264       0x14 Drivers/STM32H7xx_HAL_Driver/Src/stm32h7xx_hal_sd.o
                0x0000000008009264                HAL_SD_ErrorCallback
 .text.HAL_SD_DriveTransceiver_1_8V_Callback
                0x0000000008009278       0x16 Drivers/STM32H7xx_HAL_Driver/Src/stm32h7xx_hal_sd.o
                0x0000000008009278                HAL_SD_DriveTransceiver_1_8V_Callback
 *fill*         0x000000000800928e        0x2 
 .text.HAL_SD_GetCardCSD
                0x0000000008009290      0x348 Drivers/STM32H7xx_HAL_Driver/Src/stm32h7xx_hal_sd.o
                0x0000000008009290                HAL_SD_GetCardCSD
 .text.HAL_SD_GetCardStatus
                0x00000000080095d8      0x16c Drivers/STM32H7xx_HAL_Driver/Src/stm32h7xx_hal_sd.o
                0x00000000080095d8                HAL_SD_GetCardStatus
 .text.HAL_SD_GetCardInfo
                0x0000000008009744       0x58 Drivers/STM32H7xx_HAL_Driver/Src/stm32h7xx_hal_sd.o
                0x0000000008009744                HAL_SD_GetCardInfo
 .text.HAL_SD_ConfigWideBusOperation
                0x000000000800979c      0x154 Drivers/STM32H7xx_HAL_Driver/Src/stm32h7xx_hal_sd.o
                0x000000000800979c                HAL_SD_ConfigWideBusOperation
 .text.HAL_SD_GetCardState
                0x00000000080098f0       0x40 Drivers/STM32H7xx_HAL_Driver/Src/stm32h7xx_hal_sd.o
                0x00000000080098f0                HAL_SD_GetCardState
 .text.SD_InitCard
                0x0000000008009930      0x17c Drivers/STM32H7xx_HAL_Driver/Src/stm32h7xx_hal_sd.o
 .text.SD_PowerON
                0x0000000008009aac      0x210 Drivers/STM32H7xx_HAL_Driver/Src/stm32h7xx_hal_sd.o
 .text.SD_SendSDStatus
                0x0000000008009cbc      0x1a0 Drivers/STM32H7xx_HAL_Driver/Src/stm32h7xx_hal_sd.o
 .text.SD_SendStatus
                0x0000000008009e5c       0x50 Drivers/STM32H7xx_HAL_Driver/Src/stm32h7xx_hal_sd.o
 .text.SD_WideBus_Enable
                0x0000000008009eac       0x96 Drivers/STM32H7xx_HAL_Driver/Src/stm32h7xx_hal_sd.o
 .text.SD_WideBus_Disable
                0x0000000008009f42       0x96 Drivers/STM32H7xx_HAL_Driver/Src/stm32h7xx_hal_sd.o
 .text.SD_FindSCR
                0x0000000008009fd8      0x1a0 Drivers/STM32H7xx_HAL_Driver/Src/stm32h7xx_hal_sd.o
 .text.SD_Read_IT
                0x000000000800a178       0x8c Drivers/STM32H7xx_HAL_Driver/Src/stm32h7xx_hal_sd.o
 .text.SD_Write_IT
                0x000000000800a204       0x94 Drivers/STM32H7xx_HAL_Driver/Src/stm32h7xx_hal_sd.o
 .text.HAL_SDEx_Read_DMADoubleBuf0CpltCallback
                0x000000000800a298       0x14 Drivers/STM32H7xx_HAL_Driver/Src/stm32h7xx_hal_sd.o
                0x000000000800a298                HAL_SDEx_Read_DMADoubleBuf0CpltCallback
 .text.HAL_SDEx_Read_DMADoubleBuf1CpltCallback
                0x000000000800a2ac       0x14 Drivers/STM32H7xx_HAL_Driver/Src/stm32h7xx_hal_sd.o
                0x000000000800a2ac                HAL_SDEx_Read_DMADoubleBuf1CpltCallback
 .text.HAL_SDEx_Write_DMADoubleBuf0CpltCallback
                0x000000000800a2c0       0x14 Drivers/STM32H7xx_HAL_Driver/Src/stm32h7xx_hal_sd.o
                0x000000000800a2c0                HAL_SDEx_Write_DMADoubleBuf0CpltCallback
 .text.HAL_SDEx_Write_DMADoubleBuf1CpltCallback
                0x000000000800a2d4       0x14 Drivers/STM32H7xx_HAL_Driver/Src/stm32h7xx_hal_sd.o
                0x000000000800a2d4                HAL_SDEx_Write_DMADoubleBuf1CpltCallback
 .text.HAL_SDRAM_Init
                0x000000000800a2e8       0x78 Drivers/STM32H7xx_HAL_Driver/Src/stm32h7xx_hal_sdram.o
                0x000000000800a2e8                HAL_SDRAM_Init
 .text.HAL_SDRAM_SendCommand
                0x000000000800a360       0x6a Drivers/STM32H7xx_HAL_Driver/Src/stm32h7xx_hal_sdram.o
                0x000000000800a360                HAL_SDRAM_SendCommand
 .text.HAL_SDRAM_ProgramRefreshRate
                0x000000000800a3ca       0x50 Drivers/STM32H7xx_HAL_Driver/Src/stm32h7xx_hal_sdram.o
                0x000000000800a3ca                HAL_SDRAM_ProgramRefreshRate
 *fill*         0x000000000800a41a        0x2 
 .text.HAL_SPI_Init
                0x000000000800a41c      0x1f0 Drivers/STM32H7xx_HAL_Driver/Src/stm32h7xx_hal_spi.o
                0x000000000800a41c                HAL_SPI_Init
 .text.HAL_SPI_TransmitReceive_DMA
                0x000000000800a60c      0x39c Drivers/STM32H7xx_HAL_Driver/Src/stm32h7xx_hal_spi.o
                0x000000000800a60c                HAL_SPI_TransmitReceive_DMA
 .text.HAL_SPI_IRQHandler
                0x000000000800a9a8      0x3c4 Drivers/STM32H7xx_HAL_Driver/Src/stm32h7xx_hal_spi.o
                0x000000000800a9a8                HAL_SPI_IRQHandler
 .text.HAL_SPI_TxCpltCallback
                0x000000000800ad6c       0x14 Drivers/STM32H7xx_HAL_Driver/Src/stm32h7xx_hal_spi.o
                0x000000000800ad6c                HAL_SPI_TxCpltCallback
 .text.HAL_SPI_RxCpltCallback
                0x000000000800ad80       0x14 Drivers/STM32H7xx_HAL_Driver/Src/stm32h7xx_hal_spi.o
                0x000000000800ad80                HAL_SPI_RxCpltCallback
 .text.HAL_SPI_TxRxCpltCallback
                0x000000000800ad94       0x14 Drivers/STM32H7xx_HAL_Driver/Src/stm32h7xx_hal_spi.o
                0x000000000800ad94                HAL_SPI_TxRxCpltCallback
 .text.HAL_SPI_RxHalfCpltCallback
                0x000000000800ada8       0x14 Drivers/STM32H7xx_HAL_Driver/Src/stm32h7xx_hal_spi.o
                0x000000000800ada8                HAL_SPI_RxHalfCpltCallback
 .text.HAL_SPI_TxRxHalfCpltCallback
                0x000000000800adbc       0x14 Drivers/STM32H7xx_HAL_Driver/Src/stm32h7xx_hal_spi.o
                0x000000000800adbc                HAL_SPI_TxRxHalfCpltCallback
 .text.HAL_SPI_ErrorCallback
                0x000000000800add0       0x14 Drivers/STM32H7xx_HAL_Driver/Src/stm32h7xx_hal_spi.o
                0x000000000800add0                HAL_SPI_ErrorCallback
 .text.SPI_DMAReceiveCplt
                0x000000000800ade4       0x46 Drivers/STM32H7xx_HAL_Driver/Src/stm32h7xx_hal_spi.o
 .text.SPI_DMATransmitReceiveCplt
                0x000000000800ae2a       0x46 Drivers/STM32H7xx_HAL_Driver/Src/stm32h7xx_hal_spi.o
 .text.SPI_DMAHalfReceiveCplt
                0x000000000800ae70       0x1c Drivers/STM32H7xx_HAL_Driver/Src/stm32h7xx_hal_spi.o
 .text.SPI_DMAHalfTransmitReceiveCplt
                0x000000000800ae8c       0x1c Drivers/STM32H7xx_HAL_Driver/Src/stm32h7xx_hal_spi.o
 .text.SPI_DMAError
                0x000000000800aea8       0x46 Drivers/STM32H7xx_HAL_Driver/Src/stm32h7xx_hal_spi.o
 .text.SPI_DMAAbortOnError
                0x000000000800aeee       0x34 Drivers/STM32H7xx_HAL_Driver/Src/stm32h7xx_hal_spi.o
 *fill*         0x000000000800af22        0x2 
 .text.SPI_CloseTransfer
                0x000000000800af24      0x140 Drivers/STM32H7xx_HAL_Driver/Src/stm32h7xx_hal_spi.o
 .text.SPI_GetPacketSize
                0x000000000800b064       0x36 Drivers/STM32H7xx_HAL_Driver/Src/stm32h7xx_hal_spi.o
 *fill*         0x000000000800b09a        0x2 
 .text.FMC_SDRAM_Init
                0x000000000800b09c       0xb8 Drivers/STM32H7xx_HAL_Driver/Src/stm32h7xx_ll_fmc.o
                0x000000000800b09c                FMC_SDRAM_Init
 .text.FMC_SDRAM_Timing_Init
                0x000000000800b154       0xd4 Drivers/STM32H7xx_HAL_Driver/Src/stm32h7xx_ll_fmc.o
                0x000000000800b154                FMC_SDRAM_Timing_Init
 .text.FMC_SDRAM_SendCommand
                0x000000000800b228       0x40 Drivers/STM32H7xx_HAL_Driver/Src/stm32h7xx_ll_fmc.o
                0x000000000800b228                FMC_SDRAM_SendCommand
 .text.FMC_SDRAM_ProgramRefreshRate
                0x000000000800b268       0x30 Drivers/STM32H7xx_HAL_Driver/Src/stm32h7xx_ll_fmc.o
                0x000000000800b268                FMC_SDRAM_ProgramRefreshRate
 .text.SDMMC_Init
                0x000000000800b298       0x54 Drivers/STM32H7xx_HAL_Driver/Src/stm32h7xx_ll_sdmmc.o
                0x000000000800b298                SDMMC_Init
 .text.SDMMC_ReadFIFO
                0x000000000800b2ec       0x1a Drivers/STM32H7xx_HAL_Driver/Src/stm32h7xx_ll_sdmmc.o
                0x000000000800b2ec                SDMMC_ReadFIFO
 .text.SDMMC_WriteFIFO
                0x000000000800b306       0x22 Drivers/STM32H7xx_HAL_Driver/Src/stm32h7xx_ll_sdmmc.o
                0x000000000800b306                SDMMC_WriteFIFO
 .text.SDMMC_PowerState_ON
                0x000000000800b328       0x22 Drivers/STM32H7xx_HAL_Driver/Src/stm32h7xx_ll_sdmmc.o
                0x000000000800b328                SDMMC_PowerState_ON
 .text.SDMMC_GetPowerState
                0x000000000800b34a       0x1c Drivers/STM32H7xx_HAL_Driver/Src/stm32h7xx_ll_sdmmc.o
                0x000000000800b34a                SDMMC_GetPowerState
 *fill*         0x000000000800b366        0x2 
 .text.SDMMC_SendCommand
                0x000000000800b368       0x54 Drivers/STM32H7xx_HAL_Driver/Src/stm32h7xx_ll_sdmmc.o
                0x000000000800b368                SDMMC_SendCommand
 .text.SDMMC_GetCommandResponse
                0x000000000800b3bc       0x1a Drivers/STM32H7xx_HAL_Driver/Src/stm32h7xx_ll_sdmmc.o
                0x000000000800b3bc                SDMMC_GetCommandResponse
 .text.SDMMC_GetResponse
                0x000000000800b3d6       0x26 Drivers/STM32H7xx_HAL_Driver/Src/stm32h7xx_ll_sdmmc.o
                0x000000000800b3d6                SDMMC_GetResponse
 .text.SDMMC_ConfigData
                0x000000000800b3fc       0x58 Drivers/STM32H7xx_HAL_Driver/Src/stm32h7xx_ll_sdmmc.o
                0x000000000800b3fc                SDMMC_ConfigData
 .text.SDMMC_CmdBlockLength
                0x000000000800b454       0x46 Drivers/STM32H7xx_HAL_Driver/Src/stm32h7xx_ll_sdmmc.o
                0x000000000800b454                SDMMC_CmdBlockLength
 .text.SDMMC_CmdReadSingleBlock
                0x000000000800b49a       0x46 Drivers/STM32H7xx_HAL_Driver/Src/stm32h7xx_ll_sdmmc.o
                0x000000000800b49a                SDMMC_CmdReadSingleBlock
 .text.SDMMC_CmdReadMultiBlock
                0x000000000800b4e0       0x46 Drivers/STM32H7xx_HAL_Driver/Src/stm32h7xx_ll_sdmmc.o
                0x000000000800b4e0                SDMMC_CmdReadMultiBlock
 .text.SDMMC_CmdWriteSingleBlock
                0x000000000800b526       0x46 Drivers/STM32H7xx_HAL_Driver/Src/stm32h7xx_ll_sdmmc.o
                0x000000000800b526                SDMMC_CmdWriteSingleBlock
 .text.SDMMC_CmdWriteMultiBlock
                0x000000000800b56c       0x46 Drivers/STM32H7xx_HAL_Driver/Src/stm32h7xx_ll_sdmmc.o
                0x000000000800b56c                SDMMC_CmdWriteMultiBlock
 *fill*         0x000000000800b5b2        0x2 
 .text.SDMMC_CmdStopTransfer
                0x000000000800b5b4       0x78 Drivers/STM32H7xx_HAL_Driver/Src/stm32h7xx_ll_sdmmc.o
                0x000000000800b5b4                SDMMC_CmdStopTransfer
 .text.SDMMC_CmdSelDesel
                0x000000000800b62c       0x48 Drivers/STM32H7xx_HAL_Driver/Src/stm32h7xx_ll_sdmmc.o
                0x000000000800b62c                SDMMC_CmdSelDesel
 .text.SDMMC_CmdGoIdleState
                0x000000000800b674       0x3c Drivers/STM32H7xx_HAL_Driver/Src/stm32h7xx_ll_sdmmc.o
                0x000000000800b674                SDMMC_CmdGoIdleState
 .text.SDMMC_CmdOperCond
                0x000000000800b6b0       0x40 Drivers/STM32H7xx_HAL_Driver/Src/stm32h7xx_ll_sdmmc.o
                0x000000000800b6b0                SDMMC_CmdOperCond
 .text.SDMMC_CmdAppCommand
                0x000000000800b6f0       0x46 Drivers/STM32H7xx_HAL_Driver/Src/stm32h7xx_ll_sdmmc.o
                0x000000000800b6f0                SDMMC_CmdAppCommand
 .text.SDMMC_CmdAppOperCommand
                0x000000000800b736       0x40 Drivers/STM32H7xx_HAL_Driver/Src/stm32h7xx_ll_sdmmc.o
                0x000000000800b736                SDMMC_CmdAppOperCommand
 .text.SDMMC_CmdBusWidth
                0x000000000800b776       0x46 Drivers/STM32H7xx_HAL_Driver/Src/stm32h7xx_ll_sdmmc.o
                0x000000000800b776                SDMMC_CmdBusWidth
 .text.SDMMC_CmdSendSCR
                0x000000000800b7bc       0x44 Drivers/STM32H7xx_HAL_Driver/Src/stm32h7xx_ll_sdmmc.o
                0x000000000800b7bc                SDMMC_CmdSendSCR
 .text.SDMMC_CmdSendCID
                0x000000000800b800       0x3e Drivers/STM32H7xx_HAL_Driver/Src/stm32h7xx_ll_sdmmc.o
                0x000000000800b800                SDMMC_CmdSendCID
 .text.SDMMC_CmdSendCSD
                0x000000000800b83e       0x40 Drivers/STM32H7xx_HAL_Driver/Src/stm32h7xx_ll_sdmmc.o
                0x000000000800b83e                SDMMC_CmdSendCSD
 .text.SDMMC_CmdSetRelAdd
                0x000000000800b87e       0x44 Drivers/STM32H7xx_HAL_Driver/Src/stm32h7xx_ll_sdmmc.o
                0x000000000800b87e                SDMMC_CmdSetRelAdd
 .text.SDMMC_CmdSendStatus
                0x000000000800b8c2       0x46 Drivers/STM32H7xx_HAL_Driver/Src/stm32h7xx_ll_sdmmc.o
                0x000000000800b8c2                SDMMC_CmdSendStatus
 .text.SDMMC_CmdStatusRegister
                0x000000000800b908       0x44 Drivers/STM32H7xx_HAL_Driver/Src/stm32h7xx_ll_sdmmc.o
                0x000000000800b908                SDMMC_CmdStatusRegister
 .text.SDMMC_CmdVoltageSwitch
                0x000000000800b94c       0x44 Drivers/STM32H7xx_HAL_Driver/Src/stm32h7xx_ll_sdmmc.o
                0x000000000800b94c                SDMMC_CmdVoltageSwitch
 .text.SDMMC_GetCmdError
                0x000000000800b990       0x54 Drivers/STM32H7xx_HAL_Driver/Src/stm32h7xx_ll_sdmmc.o
 .text.SDMMC_GetCmdResp1
                0x000000000800b9e4      0x1e0 Drivers/STM32H7xx_HAL_Driver/Src/stm32h7xx_ll_sdmmc.o
 .text.SDMMC_GetCmdResp2
                0x000000000800bbc4       0x90 Drivers/STM32H7xx_HAL_Driver/Src/stm32h7xx_ll_sdmmc.o
 .text.SDMMC_GetCmdResp3
                0x000000000800bc54       0x78 Drivers/STM32H7xx_HAL_Driver/Src/stm32h7xx_ll_sdmmc.o
 .text.SDMMC_GetCmdResp6
                0x000000000800bccc       0xec Drivers/STM32H7xx_HAL_Driver/Src/stm32h7xx_ll_sdmmc.o
 .text.SDMMC_GetCmdResp7
                0x000000000800bdb8       0x98 Drivers/STM32H7xx_HAL_Driver/Src/stm32h7xx_ll_sdmmc.o
 .text.disk_status
                0x000000000800be50       0x34 Middlewares/Third_Party/FatFs/src/diskio.o
                0x000000000800be50                disk_status
 .text.disk_initialize
                0x000000000800be84       0x4c Middlewares/Third_Party/FatFs/src/diskio.o
                0x000000000800be84                disk_initialize
 .text.disk_read
                0x000000000800bed0       0x40 Middlewares/Third_Party/FatFs/src/diskio.o
                0x000000000800bed0                disk_read
 .text.disk_write
                0x000000000800bf10       0x40 Middlewares/Third_Party/FatFs/src/diskio.o
                0x000000000800bf10                disk_write
 .text.disk_ioctl
                0x000000000800bf50       0x3c Middlewares/Third_Party/FatFs/src/diskio.o
                0x000000000800bf50                disk_ioctl
 .text.ld_word  0x000000000800bf8c       0x30 Middlewares/Third_Party/FatFs/src/ff.o
 .text.ld_dword
                0x000000000800bfbc       0x46 Middlewares/Third_Party/FatFs/src/ff.o
 .text.st_word  0x000000000800c002       0x36 Middlewares/Third_Party/FatFs/src/ff.o
 .text.st_dword
                0x000000000800c038       0x58 Middlewares/Third_Party/FatFs/src/ff.o
 .text.mem_cpy  0x000000000800c090       0x42 Middlewares/Third_Party/FatFs/src/ff.o
 .text.mem_set  0x000000000800c0d2       0x34 Middlewares/Third_Party/FatFs/src/ff.o
 .text.mem_cmp  0x000000000800c106       0x4e Middlewares/Third_Party/FatFs/src/ff.o
 .text.chk_chr  0x000000000800c154       0x36 Middlewares/Third_Party/FatFs/src/ff.o
 *fill*         0x000000000800c18a        0x2 
 .text.chk_lock
                0x000000000800c18c       0xb8 Middlewares/Third_Party/FatFs/src/ff.o
 .text.enq_lock
                0x000000000800c244       0x44 Middlewares/Third_Party/FatFs/src/ff.o
 .text.inc_lock
                0x000000000800c288      0x11c Middlewares/Third_Party/FatFs/src/ff.o
 .text.dec_lock
                0x000000000800c3a4       0x78 Middlewares/Third_Party/FatFs/src/ff.o
 .text.clear_lock
                0x000000000800c41c       0x48 Middlewares/Third_Party/FatFs/src/ff.o
 .text.sync_window
                0x000000000800c464       0x88 Middlewares/Third_Party/FatFs/src/ff.o
 .text.move_window
                0x000000000800c4ec       0x5a Middlewares/Third_Party/FatFs/src/ff.o
 *fill*         0x000000000800c546        0x2 
 .text.sync_fs  0x000000000800c548       0xdc Middlewares/Third_Party/FatFs/src/ff.o
 .text.clust2sect
                0x000000000800c624       0x3e Middlewares/Third_Party/FatFs/src/ff.o
 .text.get_fat  0x000000000800c662      0x14a Middlewares/Third_Party/FatFs/src/ff.o
 .text.put_fat  0x000000000800c7ac      0x1ce Middlewares/Third_Party/FatFs/src/ff.o
 .text.remove_chain
                0x000000000800c97a       0xca Middlewares/Third_Party/FatFs/src/ff.o
 .text.create_chain
                0x000000000800ca44      0x130 Middlewares/Third_Party/FatFs/src/ff.o
 .text.clmt_clust
                0x000000000800cb74       0x68 Middlewares/Third_Party/FatFs/src/ff.o
 .text.dir_sdi  0x000000000800cbdc       0xf6 Middlewares/Third_Party/FatFs/src/ff.o
 .text.dir_next
                0x000000000800ccd2      0x18a Middlewares/Third_Party/FatFs/src/ff.o
 .text.dir_alloc
                0x000000000800ce5c       0x8e Middlewares/Third_Party/FatFs/src/ff.o
 .text.ld_clust
                0x000000000800ceea       0x3e Middlewares/Third_Party/FatFs/src/ff.o
 .text.st_clust
                0x000000000800cf28       0x40 Middlewares/Third_Party/FatFs/src/ff.o
 .text.cmp_lfn  0x000000000800cf68       0xe0 Middlewares/Third_Party/FatFs/src/ff.o
 .text.put_lfn  0x000000000800d048       0xd0 Middlewares/Third_Party/FatFs/src/ff.o
 .text.gen_numname
                0x000000000800d118      0x120 Middlewares/Third_Party/FatFs/src/ff.o
 .text.sum_sfn  0x000000000800d238       0x42 Middlewares/Third_Party/FatFs/src/ff.o
 .text.dir_find
                0x000000000800d27a      0x180 Middlewares/Third_Party/FatFs/src/ff.o
 *fill*         0x000000000800d3fa        0x2 
 .text.dir_register
                0x000000000800d3fc      0x1f0 Middlewares/Third_Party/FatFs/src/ff.o
 .text.create_name
                0x000000000800d5ec      0x370 Middlewares/Third_Party/FatFs/src/ff.o
 .text.follow_path
                0x000000000800d95c       0xe2 Middlewares/Third_Party/FatFs/src/ff.o
 .text.get_ldnumber
                0x000000000800da3e       0x88 Middlewares/Third_Party/FatFs/src/ff.o
 *fill*         0x000000000800dac6        0x2 
 .text.check_fs
                0x000000000800dac8       0xac Middlewares/Third_Party/FatFs/src/ff.o
 .text.find_volume
                0x000000000800db74      0x4a4 Middlewares/Third_Party/FatFs/src/ff.o
 .text.validate
                0x000000000800e018       0x6a Middlewares/Third_Party/FatFs/src/ff.o
 *fill*         0x000000000800e082        0x2 
 .text.f_mount  0x000000000800e084       0x8c Middlewares/Third_Party/FatFs/src/ff.o
                0x000000000800e084                f_mount
 .text.f_open   0x000000000800e110      0x37c Middlewares/Third_Party/FatFs/src/ff.o
                0x000000000800e110                f_open
 .text.f_write  0x000000000800e48c      0x2ea Middlewares/Third_Party/FatFs/src/ff.o
                0x000000000800e48c                f_write
 .text.f_sync   0x000000000800e776       0xfc Middlewares/Third_Party/FatFs/src/ff.o
                0x000000000800e776                f_sync
 .text.f_close  0x000000000800e872       0x54 Middlewares/Third_Party/FatFs/src/ff.o
                0x000000000800e872                f_close
 *fill*         0x000000000800e8c6        0x2 
 .text.FATFS_LinkDriverEx
                0x000000000800e8c8       0x98 Middlewares/Third_Party/FatFs/src/ff_gen_drv.o
                0x000000000800e8c8                FATFS_LinkDriverEx
 .text.FATFS_LinkDriver
                0x000000000800e960       0x1e Middlewares/Third_Party/FatFs/src/ff_gen_drv.o
                0x000000000800e960                FATFS_LinkDriver
 *fill*         0x000000000800e97e        0x2 
 .text.ff_convert
                0x000000000800e980       0x78 Middlewares/Third_Party/FatFs/src/option/ccsbcs.o
                0x000000000800e980                ff_convert
 .text.ff_wtoupper
                0x000000000800e9f8      0x114 Middlewares/Third_Party/FatFs/src/option/ccsbcs.o
                0x000000000800e9f8                ff_wtoupper
 .text.MX_ADC1_Init
                0x000000000800eb0c      0x240 Src/adc.o
                0x000000000800eb0c                MX_ADC1_Init
 .text.HAL_ADC_MspInit
                0x000000000800ed4c      0x140 Src/adc.o
                0x000000000800ed4c                HAL_ADC_MspInit
 .text.BSP_SD_Init
                0x000000000800ee8c       0x4c Src/bsp_driver_sd.o
                0x000000000800ee8c                BSP_SD_Init
 .text.BSP_SD_ReadBlocks
                0x000000000800eed8       0x3c Src/bsp_driver_sd.o
                0x000000000800eed8                BSP_SD_ReadBlocks
 .text.BSP_SD_WriteBlocks
                0x000000000800ef14       0x3c Src/bsp_driver_sd.o
                0x000000000800ef14                BSP_SD_WriteBlocks
 .text.BSP_SD_GetCardState
                0x000000000800ef50       0x20 Src/bsp_driver_sd.o
                0x000000000800ef50                BSP_SD_GetCardState
 .text.BSP_SD_GetCardInfo
                0x000000000800ef70       0x1c Src/bsp_driver_sd.o
                0x000000000800ef70                BSP_SD_GetCardInfo
 .text.HAL_SD_TxCpltCallback
                0x000000000800ef8c       0x14 Src/bsp_driver_sd.o
                0x000000000800ef8c                HAL_SD_TxCpltCallback
 .text.HAL_SD_RxCpltCallback
                0x000000000800efa0       0x14 Src/bsp_driver_sd.o
                0x000000000800efa0                HAL_SD_RxCpltCallback
 .text.BSP_SD_WriteCpltCallback
                0x000000000800efb4        0xe Src/bsp_driver_sd.o
                0x000000000800efb4                BSP_SD_WriteCpltCallback
 .text.BSP_SD_ReadCpltCallback
                0x000000000800efc2        0xe Src/bsp_driver_sd.o
                0x000000000800efc2                BSP_SD_ReadCpltCallback
 .text.BSP_SD_IsDetected
                0x000000000800efd0       0x24 Src/bsp_driver_sd.o
                0x000000000800efd0                BSP_SD_IsDetected
 .text.MX_DMA_Init
                0x000000000800eff4       0x90 Src/dma.o
                0x000000000800eff4                MX_DMA_Init
 .text.MX_FATFS_Init
                0x000000000800f084       0x24 Src/fatfs.o
                0x000000000800f084                MX_FATFS_Init
 .text.get_fattime
                0x000000000800f0a8       0x10 Src/fatfs.o
                0x000000000800f0a8                get_fattime
 .text.BSP_PlatformIsDetected
                0x000000000800f0b8       0x44 Src/fatfs_platform.o
                0x000000000800f0b8                BSP_PlatformIsDetected
 .text.MX_FMC_Init
                0x000000000800f0fc       0xa8 Src/fmc.o
                0x000000000800f0fc                MX_FMC_Init
 .text.HAL_FMC_MspInit
                0x000000000800f1a4      0x104 Src/fmc.o
 .text.HAL_SDRAM_MspInit
                0x000000000800f2a8       0x14 Src/fmc.o
                0x000000000800f2a8                HAL_SDRAM_MspInit
 .text.MX_GPIO_Init
                0x000000000800f2bc      0x274 Src/gpio.o
                0x000000000800f2bc                MX_GPIO_Init
 .text.MX_I2C2_Init
                0x000000000800f530       0x80 Src/i2c.o
                0x000000000800f530                MX_I2C2_Init
 .text.HAL_I2C_MspInit
                0x000000000800f5b0       0x94 Src/i2c.o
                0x000000000800f5b0                HAL_I2C_MspInit
 .text.SCB_EnableICache
                0x000000000800f644       0x40 Src/main.o
 .text.SCB_EnableDCache
                0x000000000800f684       0x80 Src/main.o
 .text.main     0x000000000800f704      0x124 Src/main.o
                0x000000000800f704                main
 .text.SystemClock_Config
                0x000000000800f828      0x20c Src/main.o
                0x000000000800f828                SystemClock_Config
 .text.SDRAM_Initialization_sequence
                0x000000000800fa34       0xc8 Src/main.o
                0x000000000800fa34                SDRAM_Initialization_sequence
 .text.randomNumber
                0x000000000800fafc       0x40 Src/main.o
                0x000000000800fafc                randomNumber
 .text.FS_FileOperations
                0x000000000800fb3c       0xa0 Src/main.o
 .text.writeToSD
                0x000000000800fbdc      0x398 Src/main.o
                0x000000000800fbdc                writeToSD
 .text.MPU_Conf
                0x000000000800ff74       0x84 Src/main.o
                0x000000000800ff74                MPU_Conf
 .text.ADC_Frame
                0x000000000800fff8       0xa4 Src/main.o
                0x000000000800fff8                ADC_Frame
 .text.HAL_ADC_ConvCpltCallback
                0x000000000801009c       0x16 Src/main.o
                0x000000000801009c                HAL_ADC_ConvCpltCallback
 .text.HAL_ADC_ConvHalfCpltCallback
                0x00000000080100b2       0x16 Src/main.o
                0x00000000080100b2                HAL_ADC_ConvHalfCpltCallback
 .text.Error_Handler
                0x00000000080100c8        0xe Src/main.o
                0x00000000080100c8                Error_Handler
 *fill*         0x00000000080100d6        0x2 
 .text.MX_RNG_Init
                0x00000000080100d8       0x2c Src/rng.o
                0x00000000080100d8                MX_RNG_Init
 .text.HAL_RNG_MspInit
                0x0000000008010104       0x44 Src/rng.o
                0x0000000008010104                HAL_RNG_MspInit
 .text.MX_SAI1_Init
                0x0000000008010148       0xc0 Src/sai.o
                0x0000000008010148                MX_SAI1_Init
 .text.HAL_SAI_MspInit
                0x0000000008010208      0x1f0 Src/sai.o
                0x0000000008010208                HAL_SAI_MspInit
 .text.SD_CheckStatus
                0x00000000080103f8       0x3c Src/sd_diskio.o
 .text.SD_initialize
                0x0000000008010434       0x3c Src/sd_diskio.o
                0x0000000008010434                SD_initialize
 .text.SD_status
                0x0000000008010470       0x1c Src/sd_diskio.o
                0x0000000008010470                SD_status
 .text.SD_read  0x000000000801048c       0x42 Src/sd_diskio.o
                0x000000000801048c                SD_read
 .text.SD_write
                0x00000000080104ce       0x42 Src/sd_diskio.o
                0x00000000080104ce                SD_write
 .text.SD_ioctl
                0x0000000008010510       0xb0 Src/sd_diskio.o
                0x0000000008010510                SD_ioctl
 .text.MX_SDMMC1_SD_Init
                0x00000000080105c0       0x44 Src/sdmmc.o
                0x00000000080105c0                MX_SDMMC1_SD_Init
 .text.HAL_SD_MspInit
                0x0000000008010604       0xe8 Src/sdmmc.o
                0x0000000008010604                HAL_SD_MspInit
 .text.MX_SPI1_Init
                0x00000000080106ec       0xb0 Src/spi.o
                0x00000000080106ec                MX_SPI1_Init
 .text.MX_SPI2_Init
                0x000000000801079c       0xa0 Src/spi.o
                0x000000000801079c                MX_SPI2_Init
 .text.HAL_SPI_MspInit
                0x000000000801083c      0x2f4 Src/spi.o
                0x000000000801083c                HAL_SPI_MspInit
 .text.HAL_MspInit
                0x0000000008010b30       0x34 Src/stm32h7xx_hal_msp.o
                0x0000000008010b30                HAL_MspInit
 .text.NMI_Handler
                0x0000000008010b64        0xe Src/stm32h7xx_it.o
                0x0000000008010b64                NMI_Handler
 .text.HardFault_Handler
                0x0000000008010b72        0x6 Src/stm32h7xx_it.o
                0x0000000008010b72                HardFault_Handler
 .text.MemManage_Handler
                0x0000000008010b78        0x6 Src/stm32h7xx_it.o
                0x0000000008010b78                MemManage_Handler
 .text.BusFault_Handler
                0x0000000008010b7e        0x6 Src/stm32h7xx_it.o
                0x0000000008010b7e                BusFault_Handler
 .text.UsageFault_Handler
                0x0000000008010b84        0x6 Src/stm32h7xx_it.o
                0x0000000008010b84                UsageFault_Handler
 .text.SVC_Handler
                0x0000000008010b8a        0xe Src/stm32h7xx_it.o
                0x0000000008010b8a                SVC_Handler
 .text.DebugMon_Handler
                0x0000000008010b98        0xe Src/stm32h7xx_it.o
                0x0000000008010b98                DebugMon_Handler
 .text.PendSV_Handler
                0x0000000008010ba6        0xe Src/stm32h7xx_it.o
                0x0000000008010ba6                PendSV_Handler
 .text.SysTick_Handler
                0x0000000008010bb4        0xc Src/stm32h7xx_it.o
                0x0000000008010bb4                SysTick_Handler
 .text.DMA1_Stream0_IRQHandler
                0x0000000008010bc0       0x14 Src/stm32h7xx_it.o
                0x0000000008010bc0                DMA1_Stream0_IRQHandler
 .text.DMA1_Stream1_IRQHandler
                0x0000000008010bd4       0x14 Src/stm32h7xx_it.o
                0x0000000008010bd4                DMA1_Stream1_IRQHandler
 .text.DMA1_Stream2_IRQHandler
                0x0000000008010be8       0x14 Src/stm32h7xx_it.o
                0x0000000008010be8                DMA1_Stream2_IRQHandler
 .text.DMA1_Stream3_IRQHandler
                0x0000000008010bfc       0x14 Src/stm32h7xx_it.o
                0x0000000008010bfc                DMA1_Stream3_IRQHandler
 .text.DMA1_Stream4_IRQHandler
                0x0000000008010c10       0x14 Src/stm32h7xx_it.o
                0x0000000008010c10                DMA1_Stream4_IRQHandler
 .text.DMA1_Stream5_IRQHandler
                0x0000000008010c24       0x14 Src/stm32h7xx_it.o
                0x0000000008010c24                DMA1_Stream5_IRQHandler
 .text.SPI1_IRQHandler
                0x0000000008010c38       0x14 Src/stm32h7xx_it.o
                0x0000000008010c38                SPI1_IRQHandler
 .text.SPI2_IRQHandler
                0x0000000008010c4c       0x14 Src/stm32h7xx_it.o
                0x0000000008010c4c                SPI2_IRQHandler
 .text.SDMMC1_IRQHandler
                0x0000000008010c60       0x14 Src/stm32h7xx_it.o
                0x0000000008010c60                SDMMC1_IRQHandler
 .text.SystemInit
                0x0000000008010c74       0xc4 Src/system_stm32h7xx.o
                0x0000000008010c74                SystemInit
 .text.Reset_Handler
                0x0000000008010d38       0x50 Startup/startup_stm32h743zitx.o
                0x0000000008010d38                Reset_Handler
 .text.Default_Handler
                0x0000000008010d88        0x2 Startup/startup_stm32h743zitx.o
                0x0000000008010d88                SAI1_IRQHandler
                0x0000000008010d88                EXTI2_IRQHandler
                0x0000000008010d88                TIM8_CC_IRQHandler
                0x0000000008010d88                HRTIM1_Master_IRQHandler
                0x0000000008010d88                UART8_IRQHandler
                0x0000000008010d88                SPI4_IRQHandler
                0x0000000008010d88                TIM1_CC_IRQHandler
                0x0000000008010d88                BDMA_Channel6_IRQHandler
                0x0000000008010d88                DMA2_Stream5_IRQHandler
                0x0000000008010d88                HRTIM1_FLT_IRQHandler
                0x0000000008010d88                JPEG_IRQHandler
                0x0000000008010d88                BDMA_Channel1_IRQHandler
                0x0000000008010d88                HRTIM1_TIMD_IRQHandler
                0x0000000008010d88                TAMP_STAMP_IRQHandler
                0x0000000008010d88                EXTI3_IRQHandler
                0x0000000008010d88                LPTIM4_IRQHandler
                0x0000000008010d88                TIM8_TRG_COM_TIM14_IRQHandler
                0x0000000008010d88                LPTIM2_IRQHandler
                0x0000000008010d88                DFSDM1_FLT1_IRQHandler
                0x0000000008010d88                DMAMUX2_OVR_IRQHandler
                0x0000000008010d88                TIM8_UP_TIM13_IRQHandler
                0x0000000008010d88                I2C3_ER_IRQHandler
                0x0000000008010d88                DFSDM1_FLT2_IRQHandler
                0x0000000008010d88                MDMA_IRQHandler
                0x0000000008010d88                LPTIM3_IRQHandler
                0x0000000008010d88                HSEM1_IRQHandler
                0x0000000008010d88                EXTI0_IRQHandler
                0x0000000008010d88                I2C2_EV_IRQHandler
                0x0000000008010d88                FPU_IRQHandler
                0x0000000008010d88                OTG_HS_WKUP_IRQHandler
                0x0000000008010d88                FDCAN1_IT1_IRQHandler
                0x0000000008010d88                LTDC_ER_IRQHandler
                0x0000000008010d88                DMA2_Stream2_IRQHandler
                0x0000000008010d88                HRTIM1_TIME_IRQHandler
                0x0000000008010d88                TIM6_DAC_IRQHandler
                0x0000000008010d88                DCMI_IRQHandler
                0x0000000008010d88                HRTIM1_TIMC_IRQHandler
                0x0000000008010d88                DMA2_Stream3_IRQHandler
                0x0000000008010d88                SAI2_IRQHandler
                0x0000000008010d88                DFSDM1_FLT3_IRQHandler
                0x0000000008010d88                USART6_IRQHandler
                0x0000000008010d88                TIM17_IRQHandler
                0x0000000008010d88                USART3_IRQHandler
                0x0000000008010d88                BDMA_Channel7_IRQHandler
                0x0000000008010d88                LPTIM5_IRQHandler
                0x0000000008010d88                UART5_IRQHandler
                0x0000000008010d88                ADC3_IRQHandler
                0x0000000008010d88                DMA2_Stream0_IRQHandler
                0x0000000008010d88                TIM4_IRQHandler
                0x0000000008010d88                BDMA_Channel2_IRQHandler
                0x0000000008010d88                QUADSPI_IRQHandler
                0x0000000008010d88                I2C1_EV_IRQHandler
                0x0000000008010d88                DMA1_Stream6_IRQHandler
                0x0000000008010d88                DMAMUX1_OVR_IRQHandler
                0x0000000008010d88                TIM16_IRQHandler
                0x0000000008010d88                UART4_IRQHandler
                0x0000000008010d88                BDMA_Channel5_IRQHandler
                0x0000000008010d88                TIM3_IRQHandler
                0x0000000008010d88                RCC_IRQHandler
                0x0000000008010d88                TIM8_BRK_TIM12_IRQHandler
                0x0000000008010d88                TIM1_TRG_COM_IRQHandler
                0x0000000008010d88                Default_Handler
                0x0000000008010d88                ECC_IRQHandler
                0x0000000008010d88                CEC_IRQHandler
                0x0000000008010d88                EXTI15_10_IRQHandler
                0x0000000008010d88                BDMA_Channel0_IRQHandler
                0x0000000008010d88                ADC_IRQHandler
                0x0000000008010d88                DMA1_Stream7_IRQHandler
                0x0000000008010d88                HRTIM1_TIMA_IRQHandler
                0x0000000008010d88                SPI5_IRQHandler
                0x0000000008010d88                TIM7_IRQHandler
                0x0000000008010d88                TIM5_IRQHandler
                0x0000000008010d88                DMA2_Stream7_IRQHandler
                0x0000000008010d88                TIM15_IRQHandler
                0x0000000008010d88                PVD_AVD_IRQHandler
                0x0000000008010d88                I2C3_EV_IRQHandler
                0x0000000008010d88                EXTI9_5_IRQHandler
                0x0000000008010d88                RTC_WKUP_IRQHandler
                0x0000000008010d88                LTDC_IRQHandler
                0x0000000008010d88                SAI3_IRQHandler
                0x0000000008010d88                ETH_WKUP_IRQHandler
                0x0000000008010d88                SPDIF_RX_IRQHandler
                0x0000000008010d88                OTG_HS_EP1_IN_IRQHandler
                0x0000000008010d88                CRS_IRQHandler
                0x0000000008010d88                EXTI4_IRQHandler
                0x0000000008010d88                RNG_IRQHandler
                0x0000000008010d88                HRTIM1_TIMB_IRQHandler
                0x0000000008010d88                FDCAN2_IT1_IRQHandler
                0x0000000008010d88                ETH_IRQHandler
                0x0000000008010d88                TIM1_UP_IRQHandler
                0x0000000008010d88                BDMA_Channel4_IRQHandler
                0x0000000008010d88                OTG_HS_EP1_OUT_IRQHandler
                0x0000000008010d88                WWDG_IRQHandler
                0x0000000008010d88                SPI6_IRQHandler
                0x0000000008010d88                MDIOS_IRQHandler
                0x0000000008010d88                I2C4_EV_IRQHandler
                0x0000000008010d88                FDCAN2_IT0_IRQHandler
                0x0000000008010d88                LPUART1_IRQHandler
                0x0000000008010d88                FDCAN1_IT0_IRQHandler
                0x0000000008010d88                TIM2_IRQHandler
                0x0000000008010d88                OTG_FS_WKUP_IRQHandler
                0x0000000008010d88                OTG_HS_IRQHandler
                0x0000000008010d88                DMA2D_IRQHandler
                0x0000000008010d88                TIM1_BRK_IRQHandler
                0x0000000008010d88                EXTI1_IRQHandler
                0x0000000008010d88                SDMMC2_IRQHandler
                0x0000000008010d88                OTG_FS_EP1_OUT_IRQHandler
                0x0000000008010d88                BDMA_Channel3_IRQHandler
                0x0000000008010d88                UART7_IRQHandler
                0x0000000008010d88                MDIOS_WKUP_IRQHandler
                0x0000000008010d88                USART2_IRQHandler
                0x0000000008010d88                DFSDM1_FLT0_IRQHandler
                0x0000000008010d88                SAI4_IRQHandler
                0x0000000008010d88                I2C2_ER_IRQHandler
                0x0000000008010d88                DMA2_Stream1_IRQHandler
                0x0000000008010d88                FLASH_IRQHandler
                0x0000000008010d88                DMA2_Stream4_IRQHandler
                0x0000000008010d88                USART1_IRQHandler
                0x0000000008010d88                OTG_FS_IRQHandler
                0x0000000008010d88                SPI3_IRQHandler
                0x0000000008010d88                WAKEUP_PIN_IRQHandler
                0x0000000008010d88                OTG_FS_EP1_IN_IRQHandler
                0x0000000008010d88                I2C1_ER_IRQHandler
                0x0000000008010d88                FMC_IRQHandler
                0x0000000008010d88                FDCAN_CAL_IRQHandler
                0x0000000008010d88                SWPMI1_IRQHandler
                0x0000000008010d88                COMP1_IRQHandler
                0x0000000008010d88                LPTIM1_IRQHandler
                0x0000000008010d88                I2C4_ER_IRQHandler
                0x0000000008010d88                DMA2_Stream6_IRQHandler
                0x0000000008010d88                RTC_Alarm_IRQHandler
 *fill*         0x0000000008010d8a        0x2 
 .text.__libc_init_array
                0x0000000008010d8c       0x48 /Applications/STM32CubeIDE.app/Contents/Eclipse/plugins/com.st.stm32cube.ide.mcu.externaltools.gnu-tools-for-stm32.7-2018-q2-update.macos64_1.0.0.201904181610/tools/bin/../lib/gcc/arm-none-eabi/7.3.1/../../../../arm-none-eabi/lib/thumb/v7e-m/fpv5/hard/libc_nano.a(lib_a-init.o)
                0x0000000008010d8c                __libc_init_array
 .text.__itoa   0x0000000008010dd4       0x30 /Applications/STM32CubeIDE.app/Contents/Eclipse/plugins/com.st.stm32cube.ide.mcu.externaltools.gnu-tools-for-stm32.7-2018-q2-update.macos64_1.0.0.201904181610/tools/bin/../lib/gcc/arm-none-eabi/7.3.1/../../../../arm-none-eabi/lib/thumb/v7e-m/fpv5/hard/libc_nano.a(lib_a-itoa.o)
                0x0000000008010dd4                __itoa
 .text.itoa     0x0000000008010e04        0x4 /Applications/STM32CubeIDE.app/Contents/Eclipse/plugins/com.st.stm32cube.ide.mcu.externaltools.gnu-tools-for-stm32.7-2018-q2-update.macos64_1.0.0.201904181610/tools/bin/../lib/gcc/arm-none-eabi/7.3.1/../../../../arm-none-eabi/lib/thumb/v7e-m/fpv5/hard/libc_nano.a(lib_a-itoa.o)
                0x0000000008010e04                itoa
 .text.memset   0x0000000008010e08       0x10 /Applications/STM32CubeIDE.app/Contents/Eclipse/plugins/com.st.stm32cube.ide.mcu.externaltools.gnu-tools-for-stm32.7-2018-q2-update.macos64_1.0.0.201904181610/tools/bin/../lib/gcc/arm-none-eabi/7.3.1/../../../../arm-none-eabi/lib/thumb/v7e-m/fpv5/hard/libc_nano.a(lib_a-memset.o)
                0x0000000008010e08                memset
 .text.strncat  0x0000000008010e18       0x28 /Applications/STM32CubeIDE.app/Contents/Eclipse/plugins/com.st.stm32cube.ide.mcu.externaltools.gnu-tools-for-stm32.7-2018-q2-update.macos64_1.0.0.201904181610/tools/bin/../lib/gcc/arm-none-eabi/7.3.1/../../../../arm-none-eabi/lib/thumb/v7e-m/fpv5/hard/libc_nano.a(lib_a-strncat.o)
                0x0000000008010e18                strncat
 .text.__utoa   0x0000000008010e40       0x7c /Applications/STM32CubeIDE.app/Contents/Eclipse/plugins/com.st.stm32cube.ide.mcu.externaltools.gnu-tools-for-stm32.7-2018-q2-update.macos64_1.0.0.201904181610/tools/bin/../lib/gcc/arm-none-eabi/7.3.1/../../../../arm-none-eabi/lib/thumb/v7e-m/fpv5/hard/libc_nano.a(lib_a-utoa.o)
                0x0000000008010e40                __utoa
 *(.glue_7)
 .glue_7        0x0000000008010ebc        0x0 linker stubs
 *(.glue_7t)
 .glue_7t       0x0000000008010ebc        0x0 linker stubs
 *(.eh_frame)
 .eh_frame      0x0000000008010ebc        0x0 /Applications/STM32CubeIDE.app/Contents/Eclipse/plugins/com.st.stm32cube.ide.mcu.externaltools.gnu-tools-for-stm32.7-2018-q2-update.macos64_1.0.0.201904181610/tools/bin/../lib/gcc/arm-none-eabi/7.3.1/thumb/v7e-m/fpv5/hard/crtbegin.o
 *(.init)
 .init          0x0000000008010ebc        0x4 /Applications/STM32CubeIDE.app/Contents/Eclipse/plugins/com.st.stm32cube.ide.mcu.externaltools.gnu-tools-for-stm32.7-2018-q2-update.macos64_1.0.0.201904181610/tools/bin/../lib/gcc/arm-none-eabi/7.3.1/thumb/v7e-m/fpv5/hard/crti.o
                0x0000000008010ebc                _init
 .init          0x0000000008010ec0        0x8 /Applications/STM32CubeIDE.app/Contents/Eclipse/plugins/com.st.stm32cube.ide.mcu.externaltools.gnu-tools-for-stm32.7-2018-q2-update.macos64_1.0.0.201904181610/tools/bin/../lib/gcc/arm-none-eabi/7.3.1/thumb/v7e-m/fpv5/hard/crtn.o
 *(.fini)
 .fini          0x0000000008010ec8        0x4 /Applications/STM32CubeIDE.app/Contents/Eclipse/plugins/com.st.stm32cube.ide.mcu.externaltools.gnu-tools-for-stm32.7-2018-q2-update.macos64_1.0.0.201904181610/tools/bin/../lib/gcc/arm-none-eabi/7.3.1/thumb/v7e-m/fpv5/hard/crti.o
                0x0000000008010ec8                _fini
 .fini          0x0000000008010ecc        0x8 /Applications/STM32CubeIDE.app/Contents/Eclipse/plugins/com.st.stm32cube.ide.mcu.externaltools.gnu-tools-for-stm32.7-2018-q2-update.macos64_1.0.0.201904181610/tools/bin/../lib/gcc/arm-none-eabi/7.3.1/thumb/v7e-m/fpv5/hard/crtn.o
                0x0000000008010ed4                . = ALIGN (0x4)
                0x0000000008010ed4                _etext = .

.vfp11_veneer   0x0000000008010ed4        0x0
 .vfp11_veneer  0x0000000008010ed4        0x0 linker stubs

.v4_bx          0x0000000008010ed4        0x0
 .v4_bx         0x0000000008010ed4        0x0 linker stubs

.iplt           0x0000000008010ed4        0x0
 .iplt          0x0000000008010ed4        0x0 /Applications/STM32CubeIDE.app/Contents/Eclipse/plugins/com.st.stm32cube.ide.mcu.externaltools.gnu-tools-for-stm32.7-2018-q2-update.macos64_1.0.0.201904181610/tools/bin/../lib/gcc/arm-none-eabi/7.3.1/thumb/v7e-m/fpv5/hard/crtbegin.o

.rodata         0x0000000008010ed4      0x4dc
                0x0000000008010ed4                . = ALIGN (0x4)
 *(.rodata)
 .rodata        0x0000000008010ed4       0x48 Middlewares/Third_Party/FatFs/src/ff.o
 *(.rodata*)
 .rodata.flagBitshiftOffset.11784
                0x0000000008010f1c        0x8 Drivers/STM32H7xx_HAL_Driver/Src/stm32h7xx_hal_dma.o
 .rodata.ExCvt  0x0000000008010f24       0x80 Middlewares/Third_Party/FatFs/src/ff.o
 .rodata.LfnOfs
                0x0000000008010fa4        0xd Middlewares/Third_Party/FatFs/src/ff.o
 *fill*         0x0000000008010fb1        0x3 
 .rodata.Tbl    0x0000000008010fb4      0x100 Middlewares/Third_Party/FatFs/src/option/ccsbcs.o
 .rodata.cvt1.12324
                0x00000000080110b4      0x1f2 Middlewares/Third_Party/FatFs/src/option/ccsbcs.o
 *fill*         0x00000000080112a6        0x2 
 .rodata.cvt2.12325
                0x00000000080112a8       0xbc Middlewares/Third_Party/FatFs/src/option/ccsbcs.o
 .rodata.SD_Driver
                0x0000000008011364       0x14 Src/sd_diskio.o
                0x0000000008011364                SD_Driver
 .rodata.D1CorePrescTable
                0x0000000008011378       0x10 Src/system_stm32h7xx.o
                0x0000000008011378                D1CorePrescTable
 .rodata.__utoa.str1.1
                0x0000000008011388       0x25 /Applications/STM32CubeIDE.app/Contents/Eclipse/plugins/com.st.stm32cube.ide.mcu.externaltools.gnu-tools-for-stm32.7-2018-q2-update.macos64_1.0.0.201904181610/tools/bin/../lib/gcc/arm-none-eabi/7.3.1/../../../../arm-none-eabi/lib/thumb/v7e-m/fpv5/hard/libc_nano.a(lib_a-utoa.o)
                0x00000000080113b0                . = ALIGN (0x4)
 *fill*         0x00000000080113ad        0x3 

.rel.dyn        0x00000000080113b0        0x0
 .rel.iplt      0x00000000080113b0        0x0 /Applications/STM32CubeIDE.app/Contents/Eclipse/plugins/com.st.stm32cube.ide.mcu.externaltools.gnu-tools-for-stm32.7-2018-q2-update.macos64_1.0.0.201904181610/tools/bin/../lib/gcc/arm-none-eabi/7.3.1/thumb/v7e-m/fpv5/hard/crtbegin.o

.ARM.extab      0x00000000080113b0        0x0
                0x00000000080113b0                . = ALIGN (0x4)
 *(.ARM.extab* .gnu.linkonce.armextab.*)
                0x00000000080113b0                . = ALIGN (0x4)

.ARM            0x00000000080113b0        0x0
                0x00000000080113b0                . = ALIGN (0x4)
                0x00000000080113b0                __exidx_start = .
 *(.ARM.exidx*)
                0x00000000080113b0                __exidx_end = .
                0x00000000080113b0                . = ALIGN (0x4)

.preinit_array  0x00000000080113b0        0x0
                0x00000000080113b0                . = ALIGN (0x4)
                0x00000000080113b0                PROVIDE (__preinit_array_start = .)
 *(.preinit_array*)
                0x00000000080113b0                PROVIDE (__preinit_array_end = .)
                0x00000000080113b0                . = ALIGN (0x4)

.init_array     0x00000000080113b0        0x4
                0x00000000080113b0                . = ALIGN (0x4)
                0x00000000080113b0                PROVIDE (__init_array_start = .)
 *(SORT_BY_NAME(.init_array.*))
 *(.init_array*)
 .init_array    0x00000000080113b0        0x4 /Applications/STM32CubeIDE.app/Contents/Eclipse/plugins/com.st.stm32cube.ide.mcu.externaltools.gnu-tools-for-stm32.7-2018-q2-update.macos64_1.0.0.201904181610/tools/bin/../lib/gcc/arm-none-eabi/7.3.1/thumb/v7e-m/fpv5/hard/crtbegin.o
                0x00000000080113b4                PROVIDE (__init_array_end = .)
                0x00000000080113b4                . = ALIGN (0x4)

.fini_array     0x00000000080113b4        0x4
                0x00000000080113b4                . = ALIGN (0x4)
                [!provide]                        PROVIDE (__fini_array_start = .)
 *(SORT_BY_NAME(.fini_array.*))
 *(.fini_array*)
 .fini_array    0x00000000080113b4        0x4 /Applications/STM32CubeIDE.app/Contents/Eclipse/plugins/com.st.stm32cube.ide.mcu.externaltools.gnu-tools-for-stm32.7-2018-q2-update.macos64_1.0.0.201904181610/tools/bin/../lib/gcc/arm-none-eabi/7.3.1/thumb/v7e-m/fpv5/hard/crtbegin.o
                [!provide]                        PROVIDE (__fini_array_end = .)
                0x00000000080113b8                . = ALIGN (0x4)
                0x00000000080113b8                _sidata = LOADADDR (.data)

.data           0x0000000020000000       0x18 load address 0x00000000080113b8
                0x0000000020000000                . = ALIGN (0x4)
                0x0000000020000000                _sdata = .
 *(.data)
 *(.data*)
 .data.uwTickPrio
                0x0000000020000000        0x4 Drivers/STM32H7xx_HAL_Driver/Src/stm32h7xx_hal.o
                0x0000000020000000                uwTickPrio
 .data.uwTickFreq
                0x0000000020000004        0x1 Drivers/STM32H7xx_HAL_Driver/Src/stm32h7xx_hal.o
                0x0000000020000004                uwTickFreq
 *fill*         0x0000000020000005        0x3 
 .data.fileExt  0x0000000020000008        0x5 Src/main.o
                0x0000000020000008                fileExt
 .data.Stat     0x000000002000000d        0x1 Src/sd_diskio.o
 *fill*         0x000000002000000e        0x2 
 .data.SystemCoreClock
                0x0000000020000010        0x4 Src/system_stm32h7xx.o
                0x0000000020000010                SystemCoreClock
 .data.SystemD2Clock
                0x0000000020000014        0x4 Src/system_stm32h7xx.o
                0x0000000020000014                SystemD2Clock
                0x0000000020000018                . = ALIGN (0x4)
                0x0000000020000018                _edata = .

.igot.plt       0x0000000020000018        0x0 load address 0x00000000080113d0
 .igot.plt      0x0000000020000018        0x0 /Applications/STM32CubeIDE.app/Contents/Eclipse/plugins/com.st.stm32cube.ide.mcu.externaltools.gnu-tools-for-stm32.7-2018-q2-update.macos64_1.0.0.201904181610/tools/bin/../lib/gcc/arm-none-eabi/7.3.1/thumb/v7e-m/fpv5/hard/crtbegin.o
                0x0000000020000018                . = ALIGN (0x4)

.bss            0x0000000020000018     0xd84c load address 0x00000000080113d0
                0x0000000020000018                _sbss = .
                0x0000000020000018                __bss_start__ = _sbss
 *(.bss)
 .bss           0x0000000020000018       0x1c /Applications/STM32CubeIDE.app/Contents/Eclipse/plugins/com.st.stm32cube.ide.mcu.externaltools.gnu-tools-for-stm32.7-2018-q2-update.macos64_1.0.0.201904181610/tools/bin/../lib/gcc/arm-none-eabi/7.3.1/thumb/v7e-m/fpv5/hard/crtbegin.o
 *(.bss*)
 .bss.FatFs     0x0000000020000034        0x4 Middlewares/Third_Party/FatFs/src/ff.o
 .bss.Fsid      0x0000000020000038        0x2 Middlewares/Third_Party/FatFs/src/ff.o
 *fill*         0x000000002000003a        0x2 
 .bss.Files     0x000000002000003c       0x20 Middlewares/Third_Party/FatFs/src/ff.o
 .bss.LfnBuf    0x000000002000005c      0x200 Middlewares/Third_Party/FatFs/src/ff.o
 .bss.disk      0x000000002000025c        0xc Middlewares/Third_Party/FatFs/src/ff_gen_drv.o
                0x000000002000025c                disk
 .bss.FMC_Initialized
                0x0000000020000268        0x4 Src/fmc.o
 .bss.SDReady   0x000000002000026c        0x4 Src/main.o
                0x000000002000026c                SDReady
 .bss.SDWriteIndex
                0x0000000020000270        0x8 Src/main.o
                0x0000000020000270                SDWriteIndex
 .bss.finishSD  0x0000000020000278        0x4 Src/main.o
                0x0000000020000278                finishSD
 *fill*         0x000000002000027c        0x4 
 .bss.memoryPointer
                0x0000000020000280        0x8 Src/main.o
                0x0000000020000280                memoryPointer
 .bss.SAI1_client
                0x0000000020000288        0x4 Src/sai.o
 *(COMMON)
 COMMON         0x000000002000028c        0x4 Drivers/STM32H7xx_HAL_Driver/Src/stm32h7xx_hal.o
                0x000000002000028c                uwTick
 COMMON         0x0000000020000290       0xdc Src/adc.o
                0x0000000020000290                hadc1
                0x00000000200002f4                hdma_adc1
 COMMON         0x000000002000036c      0x46c Src/fatfs.o
                0x000000002000036c                retSD
                0x0000000020000370                SDPath
                0x0000000020000374                SDFile
                0x00000000200005a4                SDFatFS
 COMMON         0x00000000200007d8       0x34 Src/fmc.o
                0x00000000200007d8                hsdram1
 COMMON         0x000000002000080c       0x4c Src/i2c.o
                0x000000002000080c                hi2c2
 COMMON         0x0000000020000858     0xcae0 Src/main.o
                0x0000000020000858                stringPositions
                0x000000002000086c                myFile
                0x0000000020000a9c                res2
                0x0000000020000aa0                fs
                0x0000000020000cd4                byteswritten
                0x0000000020000cd8                wtext
                0x000000002000c858                bytesread
                0x000000002000c85c                filename
                0x000000002000c87c                workBuffer
                0x000000002000cc7c                tempText
                0x000000002000cc9a                statusH
                0x000000002000cc9b                counter
                0x000000002000cc9c                MMCFatFs
                0x000000002000ced0                rtext
                0x000000002000cf34                res
                0x000000002000cf38                work
 COMMON         0x000000002000d338       0x14 Src/rng.o
                0x000000002000d338                hrng
 COMMON         0x000000002000d34c      0x220 Src/sai.o
                0x000000002000d34c                hsai_BlockB1
                0x000000002000d3e4                hdma_sai1_a
                0x000000002000d45c                hdma_sai1_b
                0x000000002000d4d4                hsai_BlockA1
 COMMON         0x000000002000d56c       0x80 Src/sdmmc.o
                0x000000002000d56c                hsd1
 COMMON         0x000000002000d5ec      0x278 Src/spi.o
                0x000000002000d5ec                hspi2
                0x000000002000d674                hdma_spi2_rx
                0x000000002000d6ec                hspi1
                0x000000002000d774                hdma_spi2_tx
                0x000000002000d7ec                hdma_spi1_tx
                0x000000002000d864                . = ALIGN (0x4)
                0x000000002000d864                _ebss = .
                0x000000002000d864                __bss_end__ = _ebss

._user_heap_stack
                0x000000002000d864     0x6004 load address 0x00000000080113d0
                0x000000002000d868                . = ALIGN (0x8)
 *fill*         0x000000002000d864        0x4 
                0x000000002000d868                PROVIDE (end = .)
                [!provide]                        PROVIDE (_end = .)
                0x0000000020010868                . = (. + _Min_Heap_Size)
 *fill*         0x000000002000d868     0x3000 
                0x0000000020013868                . = (. + _Min_Stack_Size)
 *fill*         0x0000000020010868     0x3000 
                0x0000000020013868                . = ALIGN (0x8)

.RAM_D1
 *(.RAM_D1)

.RAM_D2         0x0000000030000000     0x3840
 *(.RAM_D2)
 .RAM_D2        0x0000000030000000     0x3840 Src/main.o
                0x0000000030000000                SPI_TX
                0x0000000030000020                SPI_RX
                0x0000000030000040                audioOutBuffer
                0x0000000030000840                audioInBuffer
                0x0000000030001040                ADC_values

.RAM_D3
 *(.RAM_D3)

.SDRAM          0x0000000060000000  0x2000000
 *(.SDRAM)
 .SDRAM         0x0000000060000000  0x2000000 Src/main.o
                0x0000000060000000                largeMemory

.FIXED_DATA
 *(STATIC_DATA)

/DISCARD/
 libc.a(*)
 libm.a(*)
 libgcc.a(*)

.ARM.attributes
                0x0000000000000000       0x2e
 *(.ARM.attributes)
 .ARM.attributes
                0x0000000000000000       0x20 /Applications/STM32CubeIDE.app/Contents/Eclipse/plugins/com.st.stm32cube.ide.mcu.externaltools.gnu-tools-for-stm32.7-2018-q2-update.macos64_1.0.0.201904181610/tools/bin/../lib/gcc/arm-none-eabi/7.3.1/thumb/v7e-m/fpv5/hard/crti.o
 .ARM.attributes
                0x0000000000000020       0x32 /Applications/STM32CubeIDE.app/Contents/Eclipse/plugins/com.st.stm32cube.ide.mcu.externaltools.gnu-tools-for-stm32.7-2018-q2-update.macos64_1.0.0.201904181610/tools/bin/../lib/gcc/arm-none-eabi/7.3.1/thumb/v7e-m/fpv5/hard/crtbegin.o
 .ARM.attributes
                0x0000000000000052       0x37 Drivers/STM32H7xx_HAL_Driver/Src/stm32h7xx_hal.o
 .ARM.attributes
                0x0000000000000089       0x37 Drivers/STM32H7xx_HAL_Driver/Src/stm32h7xx_hal_adc.o
 .ARM.attributes
                0x00000000000000c0       0x37 Drivers/STM32H7xx_HAL_Driver/Src/stm32h7xx_hal_adc_ex.o
 .ARM.attributes
                0x00000000000000f7       0x37 Drivers/STM32H7xx_HAL_Driver/Src/stm32h7xx_hal_cortex.o
 .ARM.attributes
                0x000000000000012e       0x37 Drivers/STM32H7xx_HAL_Driver/Src/stm32h7xx_hal_dma.o
 .ARM.attributes
                0x0000000000000165       0x37 Drivers/STM32H7xx_HAL_Driver/Src/stm32h7xx_hal_gpio.o
 .ARM.attributes
                0x000000000000019c       0x37 Drivers/STM32H7xx_HAL_Driver/Src/stm32h7xx_hal_i2c.o
 .ARM.attributes
                0x00000000000001d3       0x37 Drivers/STM32H7xx_HAL_Driver/Src/stm32h7xx_hal_i2c_ex.o
 .ARM.attributes
                0x000000000000020a       0x37 Drivers/STM32H7xx_HAL_Driver/Src/stm32h7xx_hal_pwr_ex.o
 .ARM.attributes
                0x0000000000000241       0x37 Drivers/STM32H7xx_HAL_Driver/Src/stm32h7xx_hal_rcc.o
 .ARM.attributes
                0x0000000000000278       0x37 Drivers/STM32H7xx_HAL_Driver/Src/stm32h7xx_hal_rcc_ex.o
 .ARM.attributes
                0x00000000000002af       0x37 Drivers/STM32H7xx_HAL_Driver/Src/stm32h7xx_hal_rng.o
 .ARM.attributes
                0x00000000000002e6       0x37 Drivers/STM32H7xx_HAL_Driver/Src/stm32h7xx_hal_sai.o
 .ARM.attributes
                0x000000000000031d       0x37 Drivers/STM32H7xx_HAL_Driver/Src/stm32h7xx_hal_sd.o
 .ARM.attributes
                0x0000000000000354       0x37 Drivers/STM32H7xx_HAL_Driver/Src/stm32h7xx_hal_sdram.o
 .ARM.attributes
                0x000000000000038b       0x37 Drivers/STM32H7xx_HAL_Driver/Src/stm32h7xx_hal_spi.o
 .ARM.attributes
                0x00000000000003c2       0x37 Drivers/STM32H7xx_HAL_Driver/Src/stm32h7xx_ll_fmc.o
 .ARM.attributes
                0x00000000000003f9       0x37 Drivers/STM32H7xx_HAL_Driver/Src/stm32h7xx_ll_sdmmc.o
 .ARM.attributes
                0x0000000000000430       0x37 Middlewares/Third_Party/FatFs/src/diskio.o
 .ARM.attributes
                0x0000000000000467       0x37 Middlewares/Third_Party/FatFs/src/ff.o
 .ARM.attributes
                0x000000000000049e       0x37 Middlewares/Third_Party/FatFs/src/ff_gen_drv.o
 .ARM.attributes
                0x00000000000004d5       0x37 Middlewares/Third_Party/FatFs/src/option/ccsbcs.o
 .ARM.attributes
                0x000000000000050c       0x37 Src/adc.o
 .ARM.attributes
                0x0000000000000543       0x37 Src/bsp_driver_sd.o
 .ARM.attributes
                0x000000000000057a       0x37 Src/dma.o
 .ARM.attributes
                0x00000000000005b1       0x37 Src/fatfs.o
 .ARM.attributes
                0x00000000000005e8       0x37 Src/fatfs_platform.o
 .ARM.attributes
                0x000000000000061f       0x37 Src/fmc.o
 .ARM.attributes
                0x0000000000000656       0x37 Src/gpio.o
 .ARM.attributes
                0x000000000000068d       0x37 Src/i2c.o
 .ARM.attributes
                0x00000000000006c4       0x37 Src/main.o
 .ARM.attributes
                0x00000000000006fb       0x37 Src/rng.o
 .ARM.attributes
                0x0000000000000732       0x37 Src/sai.o
 .ARM.attributes
                0x0000000000000769       0x37 Src/sd_diskio.o
 .ARM.attributes
                0x00000000000007a0       0x37 Src/sdmmc.o
 .ARM.attributes
                0x00000000000007d7       0x37 Src/spi.o
 .ARM.attributes
                0x000000000000080e       0x37 Src/stm32h7xx_hal_msp.o
 .ARM.attributes
                0x0000000000000845       0x37 Src/stm32h7xx_it.o
 .ARM.attributes
                0x000000000000087c       0x37 Src/system_stm32h7xx.o
 .ARM.attributes
                0x00000000000008b3       0x21 Startup/startup_stm32h743zitx.o
 .ARM.attributes
                0x00000000000008d4       0x32 /Applications/STM32CubeIDE.app/Contents/Eclipse/plugins/com.st.stm32cube.ide.mcu.externaltools.gnu-tools-for-stm32.7-2018-q2-update.macos64_1.0.0.201904181610/tools/bin/../lib/gcc/arm-none-eabi/7.3.1/../../../../arm-none-eabi/lib/thumb/v7e-m/fpv5/hard/libc_nano.a(lib_a-init.o)
 .ARM.attributes
                0x0000000000000906       0x32 /Applications/STM32CubeIDE.app/Contents/Eclipse/plugins/com.st.stm32cube.ide.mcu.externaltools.gnu-tools-for-stm32.7-2018-q2-update.macos64_1.0.0.201904181610/tools/bin/../lib/gcc/arm-none-eabi/7.3.1/../../../../arm-none-eabi/lib/thumb/v7e-m/fpv5/hard/libc_nano.a(lib_a-itoa.o)
 .ARM.attributes
                0x0000000000000938       0x32 /Applications/STM32CubeIDE.app/Contents/Eclipse/plugins/com.st.stm32cube.ide.mcu.externaltools.gnu-tools-for-stm32.7-2018-q2-update.macos64_1.0.0.201904181610/tools/bin/../lib/gcc/arm-none-eabi/7.3.1/../../../../arm-none-eabi/lib/thumb/v7e-m/fpv5/hard/libc_nano.a(lib_a-memset.o)
 .ARM.attributes
                0x000000000000096a       0x32 /Applications/STM32CubeIDE.app/Contents/Eclipse/plugins/com.st.stm32cube.ide.mcu.externaltools.gnu-tools-for-stm32.7-2018-q2-update.macos64_1.0.0.201904181610/tools/bin/../lib/gcc/arm-none-eabi/7.3.1/../../../../arm-none-eabi/lib/thumb/v7e-m/fpv5/hard/libc_nano.a(lib_a-strncat.o)
 .ARM.attributes
                0x000000000000099c       0x32 /Applications/STM32CubeIDE.app/Contents/Eclipse/plugins/com.st.stm32cube.ide.mcu.externaltools.gnu-tools-for-stm32.7-2018-q2-update.macos64_1.0.0.201904181610/tools/bin/../lib/gcc/arm-none-eabi/7.3.1/../../../../arm-none-eabi/lib/thumb/v7e-m/fpv5/hard/libc_nano.a(lib_a-utoa.o)
 .ARM.attributes
                0x00000000000009ce       0x20 /Applications/STM32CubeIDE.app/Contents/Eclipse/plugins/com.st.stm32cube.ide.mcu.externaltools.gnu-tools-for-stm32.7-2018-q2-update.macos64_1.0.0.201904181610/tools/bin/../lib/gcc/arm-none-eabi/7.3.1/thumb/v7e-m/fpv5/hard/crtn.o
OUTPUT(cube_for_new_genera_brain4.elf elf32-littlearm)

.debug_info     0x0000000000000000    0x3b9f4
 .debug_info    0x0000000000000000     0x1e00 Drivers/STM32H7xx_HAL_Driver/Src/stm32h7xx_hal.o
 .debug_info    0x0000000000001e00     0x25a0 Drivers/STM32H7xx_HAL_Driver/Src/stm32h7xx_hal_adc.o
 .debug_info    0x00000000000043a0     0x26d5 Drivers/STM32H7xx_HAL_Driver/Src/stm32h7xx_hal_adc_ex.o
 .debug_info    0x0000000000006a75     0x1a74 Drivers/STM32H7xx_HAL_Driver/Src/stm32h7xx_hal_cortex.o
 .debug_info    0x00000000000084e9     0x15b7 Drivers/STM32H7xx_HAL_Driver/Src/stm32h7xx_hal_dma.o
 .debug_info    0x0000000000009aa0     0x1640 Drivers/STM32H7xx_HAL_Driver/Src/stm32h7xx_hal_gpio.o
 .debug_info    0x000000000000b0e0     0x2a8f Drivers/STM32H7xx_HAL_Driver/Src/stm32h7xx_hal_i2c.o
 .debug_info    0x000000000000db6f     0x1714 Drivers/STM32H7xx_HAL_Driver/Src/stm32h7xx_hal_i2c_ex.o
 .debug_info    0x000000000000f283     0x1915 Drivers/STM32H7xx_HAL_Driver/Src/stm32h7xx_hal_pwr_ex.o
 .debug_info    0x0000000000010b98     0x17a1 Drivers/STM32H7xx_HAL_Driver/Src/stm32h7xx_hal_rcc.o
 .debug_info    0x0000000000012339     0x1af9 Drivers/STM32H7xx_HAL_Driver/Src/stm32h7xx_hal_rcc_ex.o
 .debug_info    0x0000000000013e32      0xe32 Drivers/STM32H7xx_HAL_Driver/Src/stm32h7xx_hal_rng.o
 .debug_info    0x0000000000014c64     0x1c7e Drivers/STM32H7xx_HAL_Driver/Src/stm32h7xx_hal_sai.o
 .debug_info    0x00000000000168e2     0x21bc Drivers/STM32H7xx_HAL_Driver/Src/stm32h7xx_hal_sd.o
 .debug_info    0x0000000000018a9e     0x186e Drivers/STM32H7xx_HAL_Driver/Src/stm32h7xx_hal_sdram.o
 .debug_info    0x000000000001a30c     0x1da0 Drivers/STM32H7xx_HAL_Driver/Src/stm32h7xx_hal_spi.o
 .debug_info    0x000000000001c0ac     0x1585 Drivers/STM32H7xx_HAL_Driver/Src/stm32h7xx_ll_fmc.o
 .debug_info    0x000000000001d631     0x1b43 Drivers/STM32H7xx_HAL_Driver/Src/stm32h7xx_ll_sdmmc.o
 .debug_info    0x000000000001f174      0xdf6 Middlewares/Third_Party/FatFs/src/diskio.o
 .debug_info    0x000000000001ff6a     0x30b1 Middlewares/Third_Party/FatFs/src/ff.o
 .debug_info    0x000000000002301b      0xd8e Middlewares/Third_Party/FatFs/src/ff_gen_drv.o
 .debug_info    0x0000000000023da9      0xbe1 Middlewares/Third_Party/FatFs/src/option/ccsbcs.o
 .debug_info    0x000000000002498a     0x1839 Src/adc.o
 .debug_info    0x00000000000261c3     0x1160 Src/bsp_driver_sd.o
 .debug_info    0x0000000000027323     0x11d9 Src/dma.o
 .debug_info    0x00000000000284fc      0xebd Src/fatfs.o
 .debug_info    0x00000000000293b9      0xb91 Src/fatfs_platform.o
 .debug_info    0x0000000000029f4a     0x1589 Src/fmc.o
 .debug_info    0x000000000002b4d3     0x1045 Src/gpio.o
 .debug_info    0x000000000002c518     0x158d Src/i2c.o
 .debug_info    0x000000000002daa5     0x40b7 Src/main.o
 .debug_info    0x0000000000031b5c      0xfd6 Src/rng.o
 .debug_info    0x0000000000032b32     0x1702 Src/sai.o
 .debug_info    0x0000000000034234      0xe3a Src/sd_diskio.o
 .debug_info    0x000000000003506e     0x170f Src/sdmmc.o
 .debug_info    0x000000000003677d     0x1ad6 Src/spi.o
 .debug_info    0x0000000000038253      0xe53 Src/stm32h7xx_hal_msp.o
 .debug_info    0x00000000000390a6     0x15fb Src/stm32h7xx_it.o
 .debug_info    0x000000000003a6a1     0x1331 Src/system_stm32h7xx.o
 .debug_info    0x000000000003b9d2       0x22 Startup/startup_stm32h743zitx.o

.debug_abbrev   0x0000000000000000     0x6100
 .debug_abbrev  0x0000000000000000      0x2d9 Drivers/STM32H7xx_HAL_Driver/Src/stm32h7xx_hal.o
 .debug_abbrev  0x00000000000002d9      0x2c8 Drivers/STM32H7xx_HAL_Driver/Src/stm32h7xx_hal_adc.o
 .debug_abbrev  0x00000000000005a1      0x306 Drivers/STM32H7xx_HAL_Driver/Src/stm32h7xx_hal_adc_ex.o