leaf-sampling.c:27:7:tBuffer_init	24	static
leaf-sampling.c:32:7:tBuffer_initToPool	32	static
leaf-sampling.c:48:7:tBuffer_free	24	static
leaf-sampling.c:56:6:tBuffer_tick	24	static
leaf-sampling.c:81:7:tBuffer_read	32	static
leaf-sampling.c:92:7:tBuffer_get	24	static
leaf-sampling.c:99:7:tBuffer_record	24	static
leaf-sampling.c:106:7:tBuffer_stop	24	static
leaf-sampling.c:112:7:tBuffer_getRecordPosition	24	static
leaf-sampling.c:118:8:tBuffer_setRecordPosition	24	static
leaf-sampling.c:124:7:tBuffer_setRecordMode	24	static
leaf-sampling.c:130:7:tBuffer_clear	24	static
leaf-sampling.c:140:6:tBuffer_setBuffer	32	static
leaf-sampling.c:151:10:tBuffer_getBufferLength	24	static
leaf-sampling.c:157:10:tBuffer_getRecordedLength	24	static
leaf-sampling.c:163:6:tBuffer_setRecordedLength	24	static
leaf-sampling.c:169:5:tBuffer_isActive	24	static
leaf-sampling.c:181:6:tSampler_init	24	static
leaf-sampling.c:186:6:tSampler_initToPool	40	static
leaf-sampling.c:244:6:tSampler_free	24	static
leaf-sampling.c:252:6:tSampler_setSample	24	static
leaf-sampling.c:273:7:tSampler_tick	168	static
leaf-sampling.c:536:7:tSampler_tickStereo	192	static
leaf-sampling.c:828:6:tSampler_setMode	24	static
leaf-sampling.c:834:6:tSampler_setCrossfadeLength	24	static
leaf-sampling.c:843:6:tSampler_play	24	static
leaf-sampling.c:884:6:tSampler_stop	24	static
leaf-sampling.c:893:13:handleStartEndChange	24	static
leaf-sampling.c:911:13:attemptStartEndChange	24	static
leaf-sampling.c:926:6:tSampler_setStart	40	static
leaf-sampling.c:996:6:tSampler_setEnd	40	static
leaf-sampling.c:1066:9:tSampler_setLength	24	static
leaf-sampling.c:1073:6:tSampler_setRate	24	static
leaf-sampling.c:1094:9:tAutoSampler_init	24	static
leaf-sampling.c:1099:9:tAutoSampler_initToPool	32	static
leaf-sampling.c:1111:9:tAutoSampler_free	24	static
leaf-sampling.c:1121:9:tAutoSampler_tick	24	static
leaf-sampling.c:1164:9:tAutoSampler_setBuffer	32	static
leaf-sampling.c:1173:9:tAutoSampler_setMode	24	static
leaf-sampling.c:1179:9:tAutoSampler_play	24	static
leaf-sampling.c:1184:9:tAutoSampler_stop	24	static
leaf-sampling.c:1190:9:tAutoSampler_setThreshold	24	static
leaf-sampling.c:1196:9:tAutoSampler_setWindowSize	24	static
leaf-sampling.c:1204:9:tAutoSampler_setCrossfadeLength	24	static
leaf-sampling.c:1210:9:tAutoSampler_setRate	16	static
leaf-sampling.c:1217:6:tMBSampler_init	24	static
leaf-sampling.c:1222:6:tMBSampler_initToPool	32	static
leaf-sampling.c:1250:6:tMBSampler_free	24	static
leaf-sampling.c:1259:6:tMBSampler_setSample	24	static
leaf-sampling.c:1273:7:tMBSampler_tick	168	static
leaf-sampling.c:1514:6:tMBSampler_setMode	24	static
leaf-sampling.c:1520:6:tMBSampler_play	24	static
leaf-sampling.c:1535:6:tMBSampler_stop	24	static
leaf-sampling.c:1543:6:tMBSampler_setStart	24	static
leaf-sampling.c:1552:6:tMBSampler_setEnd	24	static
leaf-sampling.c:1562:9:tMBSampler_setLength	24	static
leaf-sampling.c:1568:6:tMBSampler_setRate	24	static
