leaf-reverb.c:22:9:tPRCReverb_init	24	static
leaf-reverb.c:27:9:tPRCReverb_initToPool	80	static
leaf-reverb.c:66:9:tPRCReverb_free	24	static
leaf-reverb.c:76:9:tPRCRevert_clear	24	static
leaf-reverb.c:85:9:tPRCReverb_setT60	24	static
leaf-reverb.c:98:9:tPRCReverb_setMix	24	static
leaf-reverb.c:104:9:tPRCReverb_tick	48	static
leaf-reverb.c:138:10:tPRCReverbSampleRateChanged	24	static
leaf-reverb.c:147:9:tNReverb_init	24	static
leaf-reverb.c:152:9:tNReverb_initToPool	128	static
leaf-reverb.c:197:9:tNReverb_free	32	static
leaf-reverb.c:214:9:tNReverb_setT60	32	static
leaf-reverb.c:227:9:tNReverb_setMix	24	static
leaf-reverb.c:233:9:tNReverb_clear	32	static
leaf-reverb.c:248:9:tNReverb_tick	56	static
leaf-reverb.c:305:8:tNReverb_tickStereo	72	static
leaf-reverb.c:357:10:tNReverbSampleRateChanged	32	static
leaf-reverb.c:373:9:tDattorroReverb_init	16	static
leaf-reverb.c:378:9:tDattorroReverb_initToPool	32	static
leaf-reverb.c:442:9:tDattorroReverb_free	24	static
leaf-reverb.c:484:9:tDattorroReverb_clear	24	static
leaf-reverb.c:497:9:tDattorroReverb_tick	64	static
leaf-reverb.c:607:8:tDattorroReverb_tickStereo	72	static
leaf-reverb.c:727:9:tDattorroReverb_setMix	24	static
leaf-reverb.c:733:9:tDattorroReverb_setFreeze	32	static
leaf-reverb.c:763:9:tDattorroReverb_setHP	24	static
leaf-reverb.c:772:9:tDattorroReverb_setSize	24	static
leaf-reverb.c:805:9:tDattorroReverb_setInputDelay	24	static
leaf-reverb.c:814:9:tDattorroReverb_setInputFilter	24	static
leaf-reverb.c:823:9:tDattorroReverb_setFeedbackFilter	24	static
leaf-reverb.c:833:9:tDattorroReverb_setFeedbackGain	24	static
