leaf-analysis.c:25:9:tEnvelopeFollower_init	24	static
leaf-analysis.c:30:9:tEnvelopeFollower_initToPool	32	static
leaf-analysis.c:41:9:tEnvelopeFollower_free	24	static
leaf-analysis.c:48:9:tEnvelopeFollower_tick	24	static
leaf-analysis.c:68:9:tEnvelopeFollower_setDecayCoefficient	24	static
leaf-analysis.c:74:9:tEnvelopeFollower_setAttackThreshold	24	static
leaf-analysis.c:86:9:tZeroCrossingCounter_init	24	static
leaf-analysis.c:91:9:tZeroCrossingCounter_initToPool	32	static
leaf-analysis.c:107:9:tZeroCrossingCounter_free	24	static
leaf-analysis.c:117:9:tZeroCrossingCounter_tick	32	static
leaf-analysis.c:156:9:tZeroCrossingCounter_setWindowSize	24	static
leaf-analysis.c:177:9:tPowerFollower_init	24	static
leaf-analysis.c:182:9:tPowerFollower_initToPool	32	static
leaf-analysis.c:193:9:tPowerFollower_free	24	static
leaf-analysis.c:200:9:tPowerFollower_setFactor	24	static
leaf-analysis.c:211:9:tPowerFollower_tick	24	static
leaf-analysis.c:218:9:tPowerFollower_sample	24	static
leaf-analysis.c:231:6:tEnvPD_init	32	static
leaf-analysis.c:236:9:tEnvPD_initToPool	48	static
leaf-analysis.c:280:6:tEnvPD_free	24	static
leaf-analysis.c:287:7:tEnvPD_tick	24	static
leaf-analysis.c:293:6:tEnvPD_processBlock	48	static
leaf-analysis.c:339:6:tAttackDetection_init	32	static
leaf-analysis.c:344:6:tAttackDetection_initToPool	32	static
leaf-analysis.c:353:6:tAttackDetection_free	24	static
leaf-analysis.c:363:6:tAttackDetection_setBlocksize	24	static
leaf-analysis.c:375:6:tAttackDetection_setSamplerate	24	static
leaf-analysis.c:386:6:tAttackDetection_setThreshold	24	static
leaf-analysis.c:392:6:tAttackDetection_setAttack	24	static
leaf-analysis.c:399:6:tAttackDetection_setRelease	24	static
leaf-analysis.c:407:5:tAttackDetection_detect	24	static
leaf-analysis.c:427:13:atkdtk_init	32	static
leaf-analysis.c:444:13:atkdtk_envelope	32	static
leaf-analysis.c:485:6:tSNAC_init	24	static
leaf-analysis.c:490:9:tSNAC_initToPool	32	static
leaf-analysis.c:513:6:tSNAC_free	24	static
leaf-analysis.c:529:6:tSNAC_ioSamples	48	static
leaf-analysis.c:551:6:tSNAC_setOverlap	24	static
leaf-analysis.c:559:6:tSNAC_setBias	24	static
leaf-analysis.c:570:6:tSNAC_setMinRMS	24	static
leaf-analysis.c:580:7:tSNAC_getPeriod	24	static
leaf-analysis.c:587:7:tSNAC_getFidelity	24	static
leaf-analysis.c:600:13:snac_analyzeframe	48	static
leaf-analysis.c:631:13:snac_autocorrelation	48	static
leaf-analysis.c:666:13:snac_normalize	96	static
leaf-analysis.c:705:13:snac_periodandfidelity	32	static
leaf-analysis.c:723:13:snac_pickpeak	48	static
leaf-analysis.c:767:14:snac_spectralpeak	72	static
leaf-analysis.c:813:13:snac_biasbuf	48	static
leaf-analysis.c:836:6:tPeriodDetection_init	32	static
leaf-analysis.c:841:6:tPeriodDetection_initToPool	56	static
leaf-analysis.c:873:6:tPeriodDetection_free	24	static
leaf-analysis.c:882:7:tPeriodDetection_tick	32	static
leaf-analysis.c:920:7:tPeriodDetection_getPeriod	24	static
leaf-analysis.c:926:6:tPeriodDetection_setHopSize	24	static
leaf-analysis.c:932:6:tPeriodDetection_setWindowSize	24	static
leaf-analysis.c:938:6:tPeriodDetection_setFidelityThreshold	24	static
leaf-analysis.c:944:6:tPeriodDetection_setAlpha	24	static
leaf-analysis.c:950:6:tPeriodDetection_setTolerance	24	static
leaf-analysis.c:958:9:tZeroCrossingInfo_init	16	static
leaf-analysis.c:963:9:tZeroCrossingInfo_initToPool	24	static
leaf-analysis.c:974:9:tZeroCrossingInfo_free	24	static
leaf-analysis.c:981:9:tZeroCrossingInfo_updatePeak	32	static
leaf-analysis.c:990:9:tZeroCrossingInfo_period	24	static
leaf-analysis.c:998:9:tZeroCrossingInfo_fractionalPeriod	64	static
leaf-analysis.c:1020:9:tZeroCrossingInfo_getWidth	24	static
leaf-analysis.c:1031:9:tZeroCrossingCollector_init	24	static
leaf-analysis.c:1036:9:tZeroCrossingCollector_initToPool	48	static
leaf-analysis.c:1068:9:tZeroCrossingCollector_free	24	static
leaf-analysis.c:1075:9:tZeroCrossingCollector_tick	24	static
leaf-analysis.c:1106:9:tZeroCrossingCollector_getState	24	static
leaf-analysis.c:1113:25:tZeroCrossingCollector_getCrossing	24	static
leaf-analysis.c:1121:9:tZeroCrossingCollector_getNumEdges	24	static
leaf-analysis.c:1128:9:tZeroCrossingCollector_getCapacity	24	static
leaf-analysis.c:1135:9:tZeroCrossingCollector_getFrame	24	static
leaf-analysis.c:1142:9:tZeroCrossingCollector_getWindowSize	24	static
leaf-analysis.c:1149:9:tZeroCrossingCollector_isReady	24	static
leaf-analysis.c:1156:9:tZeroCrossingCollector_getPeak	24	static
leaf-analysis.c:1163:9:tZeroCrossingCollector_isReset	24	static
leaf-analysis.c:1170:9:tZeroCrossingCollector_setHysteresis	24	static
leaf-analysis.c:1177:20:update_state	24	static
leaf-analysis.c:1231:20:shift	40	static
leaf-analysis.c:1252:20:reset	24	static
leaf-analysis.c:1263:9:tBitset_init	24	static
leaf-analysis.c:1268:9:tBitset_initToPool	32	static
leaf-analysis.c:1286:9:tBitset_free	24	static
leaf-analysis.c:1294:9:tBitset_get	24	static
leaf-analysis.c:1306:17:tBitset_getData	24	static
leaf-analysis.c:1313:10:tBitset_set	40	static
leaf-analysis.c:1325:10:tBitset_setMultiple	48	static
leaf-analysis.c:1396:9:tBitset_getSize	24	static
leaf-analysis.c:1403:9:tBitset_clear	24	static
leaf-analysis.c:1413:9:tBACF_init	24	static
leaf-analysis.c:1418:9:tBACF_initToPool	32	static
leaf-analysis.c:1428:9:tBACF_free	24	static
leaf-analysis.c:1435:8:tBACF_getCorrelation	64	static
leaf-analysis.c:1483:9:tBACF_set	24	static
leaf-analysis.c:1502:9:tPeriodDetector_init	32	static
leaf-analysis.c:1507:9:tPeriodDetector_initToPool	48	static
leaf-analysis.c:1534:9:tPeriodDetector_free	24	static
leaf-analysis.c:1545:7:tPeriodDetector_tick	32	static
leaf-analysis.c:1574:9:tPeriodDetector_getPeriod	24	static
leaf-analysis.c:1581:9:tPeriodDetector_getPeriodicity	24	static
leaf-analysis.c:1588:9:tPeriodDetector_harmonic	40	static
leaf-analysis.c:1608:9:tPeriodDetector_predictPeriod	48	static
leaf-analysis.c:1642:9:tPeriodDetector_isReady	24	static
leaf-analysis.c:1649:9:tPeriodDetector_isReset	24	static
leaf-analysis.c:1656:9:tPeriodDetector_setHysteresis	24	static
leaf-analysis.c:1663:20:set_bitstream	48	static
leaf-analysis.c:1692:20:autocorrelate	176	static
leaf-analysis.c:1784:20:sub_collector_init	24	static
leaf-analysis.c:1797:21:sub_collector_period_of	24	static
leaf-analysis.c:1804:20:sub_collector_save	32	static
leaf-analysis.c:1811:19:sub_collector_try_sub_harmonic	40	static
leaf-analysis.c:1845:19:sub_collector_process_harmonics	48	static
leaf-analysis.c:1855:20:sub_collector_process	24	static
leaf-analysis.c:1867:20:sub_collector_get	24	static
leaf-analysis.c:1884:9:tPitchDetector_init	24	static
leaf-analysis.c:1889:9:tPitchDetector_initToPool	32	static
leaf-analysis.c:1901:9:tPitchDetector_free	24	static
leaf-analysis.c:1909:9:tPitchDetector_tick	48	static
leaf-analysis.c:1960:9:tPitchDetector_getFrequency	24	static
leaf-analysis.c:1967:9:tPitchDetector_getPeriodicity	24	static
leaf-analysis.c:1974:9:tPitchDetector_harmonic	24	static
leaf-analysis.c:1981:9:tPitchDetector_predictFrequency	32	static
leaf-analysis.c:1992:9:tPitchDetector_indeterminate	24	static
leaf-analysis.c:1999:9:tPitchDetector_setHysteresis	24	static
leaf-analysis.c:2006:21:calculate_frequency	32	static
leaf-analysis.c:2017:20:bias	72	static
leaf-analysis.c:2114:9:tDualPitchDetector_init	24	static
leaf-analysis.c:2119:9:tDualPitchDetector_initToPool	32	static
leaf-analysis.c:2134:9:tDualPitchDetector_free	24	static
leaf-analysis.c:2144:9:tDualPitchDetector_tick	72	static
leaf-analysis.c:2190:9:tDualPitchDetector_getFrequency	24	static
leaf-analysis.c:2197:9:tDualPitchDetector_getPeriodicity	24	static
leaf-analysis.c:2204:9:tDualPitchDetector_predictFrequency	24	static
leaf-analysis.c:2213:9:tDualPitchDetector_setHysteresis	24	static
leaf-analysis.c:2221:20:compute_predicted_frequency	32	static
