leaf-oscillators.c:20:9:tTable_init	24	static
leaf-oscillators.c:25:9:tTable_initToPool	32	static
leaf-oscillators.c:37:9:tTable_free	24	static
leaf-oscillators.c:44:10:tTable_setFreq	24	static
leaf-oscillators.c:55:9:tTable_tick	40	static
leaf-oscillators.c:82:10:tTableSampleRateChanged	24	static
leaf-oscillators.c:91:9:tCycle_init	16	static
leaf-oscillators.c:96:9:tCycle_initToPool	24	static
leaf-oscillators.c:106:9:tCycle_free	24	static
leaf-oscillators.c:113:10:tCycle_setFreq	24	static
leaf-oscillators.c:126:9:tCycle_tick	40	static
leaf-oscillators.c:152:10:tCycleSampleRateChanged	24	static
leaf-oscillators.c:162:8:tTriangle_init	16	static
leaf-oscillators.c:167:9:tTriangle_initToPool	24	static
leaf-oscillators.c:178:9:tTriangle_free	24	static
leaf-oscillators.c:185:6:tTriangle_setFreq	24	static
leaf-oscillators.c:203:9:tTriangle_tick	32	static
leaf-oscillators.c:223:10:tTriangleSampleRateChanged	24	static
leaf-oscillators.c:233:8:tSquare_init	16	static
leaf-oscillators.c:238:9:tSquare_initToPool	24	static
leaf-oscillators.c:249:9:tSquare_free	24	static
leaf-oscillators.c:256:9:tSquare_setFreq	24	static
leaf-oscillators.c:273:9:tSquare_tick	32	static
leaf-oscillators.c:293:10:tSquareSampleRateChanged	24	static
leaf-oscillators.c:303:9:tSawtooth_init	16	static
leaf-oscillators.c:308:9:tSawtooth_initToPool	24	static
leaf-oscillators.c:319:9:tSawtooth_free	24	static
leaf-oscillators.c:326:9:tSawtooth_setFreq	24	static
leaf-oscillators.c:343:9:tSawtooth_tick	32	static
leaf-oscillators.c:363:10:tSawtoothSampleRateChanged	24	static
leaf-oscillators.c:374:9:tTri_init	16	static
leaf-oscillators.c:379:9:tTri_initToPool	24	static
leaf-oscillators.c:391:9:tTri_free	24	static
leaf-oscillators.c:398:9:tTri_tick	32	static
leaf-oscillators.c:431:9:tTri_setFreq	24	static
leaf-oscillators.c:440:9:tTri_setSkew	24	static
leaf-oscillators.c:450:9:tPulse_init	16	static
leaf-oscillators.c:455:9:tPulse_initToPool	24	static
leaf-oscillators.c:466:9:tPulse_free	24	static
leaf-oscillators.c:473:9:tPulse_tick	24	static
leaf-oscillators.c:492:9:tPulse_setFreq	24	static
leaf-oscillators.c:501:9:tPulse_setWidth	24	static
leaf-oscillators.c:511:9:tSaw_init	16	static
leaf-oscillators.c:516:9:tSaw_initToPool	24	static
leaf-oscillators.c:526:9:tSaw_free	24	static
leaf-oscillators.c:533:9:tSaw_tick	24	static
leaf-oscillators.c:549:9:tSaw_setFreq	24	static
leaf-oscillators.c:561:10:tPhasorSampleRateChanged	24	static
leaf-oscillators.c:569:9:tPhasor_init	16	static
leaf-oscillators.c:574:9:tPhasor_initToPool	24	static
leaf-oscillators.c:585:9:tPhasor_free	24	static
leaf-oscillators.c:592:9:tPhasor_setFreq	24	static
leaf-oscillators.c:602:9:tPhasor_tick	24	static
leaf-oscillators.c:620:9:tNoise_init	24	static
leaf-oscillators.c:625:9:tNoise_initToPool	40	static
leaf-oscillators.c:636:9:tNoise_free	24	static
leaf-oscillators.c:643:9:tNoise_tick	32	static
leaf-oscillators.c:667:10:tNeuronSampleRateChanged	16	static
leaf-oscillators.c:672:9:tNeuron_init	16	static
leaf-oscillators.c:677:9:tNeuron_initToPool	24	static
leaf-oscillators.c:710:9:tNeuron_free	24	static
leaf-oscillators.c:718:8:tNeuron_reset	24	static
leaf-oscillators.c:747:13:tNeuron_setV1	24	static
leaf-oscillators.c:754:13:tNeuron_setV2	24	static
leaf-oscillators.c:760:13:tNeuron_setV3	24	static
leaf-oscillators.c:766:13:tNeuron_setTimeStep	24	static
leaf-oscillators.c:772:13:tNeuron_setK	24	static
leaf-oscillators.c:778:13:tNeuron_setL	24	static
leaf-oscillators.c:785:13:tNeuron_setN	24	static
leaf-oscillators.c:791:13:tNeuron_setC	24	static
leaf-oscillators.c:798:9:tNeuron_tick	80	static
leaf-oscillators.c:874:13:tNeuron_setMode	24	static
leaf-oscillators.c:880:13:tNeuron_setCurrent	24	static
leaf-oscillators.c:890:6:tMBPulse_init	16	static
leaf-oscillators.c:895:6:tMBPulse_initToPool	24	static
leaf-oscillators.c:911:6:tMBPulse_free	24	static
leaf-oscillators.c:917:7:tMBPulse_tick	88	static
leaf-oscillators.c:1198:6:tMBPulse_setFreq	24	static
leaf-oscillators.c:1204:6:tMBPulse_setWidth	24	static
leaf-oscillators.c:1210:6:tMBPulse_syncIn	24	static
leaf-oscillators.c:1216:7:tMBPulse_syncOut	24	static
leaf-oscillators.c:1224:6:tMBTriangle_init	16	static
leaf-oscillators.c:1229:6:tMBTriangle_initToPool	24	static
leaf-oscillators.c:1245:6:tMBTriangle_free	24	static
leaf-oscillators.c:1251:7:tMBTriangle_tick	96	static
leaf-oscillators.c:1532:6:tMBTriangle_setFreq	24	static
leaf-oscillators.c:1538:6:tMBTriangle_setWidth	24	static
leaf-oscillators.c:1544:6:tMBTriangle_syncIn	24	static
leaf-oscillators.c:1550:7:tMBTriangle_syncOut	24	static
leaf-oscillators.c:1559:6:tMBSaw_init	16	static
leaf-oscillators.c:1564:6:tMBSaw_initToPool	24	static
leaf-oscillators.c:1579:6:tMBSaw_free	24	static
leaf-oscillators.c:1585:7:tMBSaw_tick	72	static
leaf-oscillators.c:1702:6:tMBSaw_setFreq	24	static
leaf-oscillators.c:1708:6:tMBSaw_syncIn	24	static
leaf-oscillators.c:1714:7:tMBSaw_syncOut	24	static
