leaf-filters.c:24:9:tAllpass_init	24	static
leaf-filters.c:29:9:tAllpass_initToPool	32	static
leaf-filters.c:42:9:tAllpass_free	24	static
leaf-filters.c:50:9:tAllpass_setDelay	24	static
leaf-filters.c:57:9:tAllpass_setGain	24	static
leaf-filters.c:64:9:tAllpass_tick	32	static
leaf-filters.c:78:9:tOnePole_init	24	static
leaf-filters.c:83:9:tOnePole_initToPool	32	static
leaf-filters.c:98:9:tOnePole_free	24	static
leaf-filters.c:105:9:tOnePole_setB0	24	static
leaf-filters.c:111:9:tOnePole_setA1	24	static
leaf-filters.c:118:9:tOnePole_setPole	24	static
leaf-filters.c:131:13:tOnePole_setFreq	24	static
leaf-filters.c:141:9:tOnePole_setCoefficients	32	static
leaf-filters.c:149:9:tOnePole_setGain	24	static
leaf-filters.c:155:9:tOnePole_tick	32	static
leaf-filters.c:169:9:tTwoPole_init	16	static
leaf-filters.c:174:9:tTwoPole_initToPool	24	static
leaf-filters.c:188:9:tTwoPole_free	24	static
leaf-filters.c:195:9:tTwoPole_tick	32	static
leaf-filters.c:208:9:tTwoPole_setB0	24	static
leaf-filters.c:214:9:tTwoPole_setA1	24	static
leaf-filters.c:220:9:tTwoPole_setA2	24	static
leaf-filters.c:227:9:tTwoPole_setResonance	56	static
leaf-filters.c:256:9:tTwoPole_setCoefficients	32	static
leaf-filters.c:264:9:tTwoPole_setGain	24	static
leaf-filters.c:270:10:tTwoPoleSampleRateChanged	48	static
leaf-filters.c:290:9:tOneZero_init	24	static
leaf-filters.c:295:9:tOneZero_initToPool	32	static
leaf-filters.c:307:9:tOneZero_free	24	static
leaf-filters.c:314:9:tOneZero_tick	32	static
leaf-filters.c:326:9:tOneZero_setZero	24	static
leaf-filters.c:337:9:tOneZero_setB0	24	static
leaf-filters.c:344:9:tOneZero_setB1	24	static
leaf-filters.c:350:9:tOneZero_setCoefficients	32	static
leaf-filters.c:357:9:tOneZero_setGain	24	static
leaf-filters.c:363:9:tOneZero_getPhaseDelay	48	static
leaf-filters.c:395:9:tTwoZero_init	16	static
leaf-filters.c:400:9:tTwoZero_initToPool	24	static
leaf-filters.c:411:9:tTwoZero_free	24	static
leaf-filters.c:418:9:tTwoZero_tick	32	static
leaf-filters.c:431:9:tTwoZero_setNotch	40	static
leaf-filters.c:456:9:tTwoZero_setB0	24	static
leaf-filters.c:462:9:tTwoZero_setB1	24	static
leaf-filters.c:468:9:tTwoZero_setCoefficients	32	static
leaf-filters.c:476:9:tTwoZero_setGain	24	static
leaf-filters.c:482:6:tTwoZeroSampleRateChanged	24	static
leaf-filters.c:490:8:tPoleZero_init	16	static
leaf-filters.c:495:9:tPoleZero_initToPool	24	static
leaf-filters.c:509:9:tPoleZero_free	24	static
leaf-filters.c:516:9:tPoleZero_setB0	24	static
leaf-filters.c:522:9:tPoleZero_setB1	24	static
leaf-filters.c:528:9:tPoleZero_setA1	24	static
leaf-filters.c:540:9:tPoleZero_setCoefficients	32	static
leaf-filters.c:554:9:tPoleZero_setAllpass	24	static
leaf-filters.c:569:9:tPoleZero_setBlockZero	24	static
leaf-filters.c:584:9:tPoleZero_setGain	24	static
leaf-filters.c:590:9:tPoleZero_tick	32	static
leaf-filters.c:604:9:tBiQuad_init	16	static
leaf-filters.c:609:9:tBiQuad_initToPool	24	static
leaf-filters.c:626:9:tBiQuad_free	24	static
leaf-filters.c:633:9:tBiQuad_tick	32	static
leaf-filters.c:650:9:tBiQuad_setResonance	40	static
leaf-filters.c:676:9:tBiQuad_setNotch	40	static
leaf-filters.c:692:6:tBiQuad_setEqualGainZeros	24	static
leaf-filters.c:700:9:tBiQuad_setB0	24	static
leaf-filters.c:706:9:tBiQuad_setB1	24	static
leaf-filters.c:712:9:tBiQuad_setB2	24	static
leaf-filters.c:718:9:tBiQuad_setA1	24	static
leaf-filters.c:724:9:tBiQuad_setA2	24	static
leaf-filters.c:730:9:tBiQuad_setCoefficients	40	static
leaf-filters.c:740:9:tBiQuad_setGain	24	static
leaf-filters.c:746:9:tBiQuadSampleRateChanged	32	static
leaf-filters.c:764:6:tSVF_init	32	static
leaf-filters.c:775:9:tSVF_initToPool	48	static
leaf-filters.c:841:9:tSVF_free	24	static
leaf-filters.c:848:9:tSVF_tick	32	static
leaf-filters.c:867:10:tSVF_setFreq	24	static
leaf-filters.c:879:10:tSVF_setQ	24	static
leaf-filters.c:890:9:tSVF_setFreqAndQ	32	static
leaf-filters.c:904:8:tEfficientSVF_init	24	static
leaf-filters.c:909:9:tEfficientSVF_initToPool	32	static
leaf-filters.c:927:9:tEfficientSVF_free	24	static
leaf-filters.c:934:9:tEfficientSVF_tick	32	static
leaf-filters.c:954:10:tEfficientSVF_setFreq	24	static
leaf-filters.c:964:10:tEfficientSVF_setQ	24	static
leaf-filters.c:975:9:tHighpass_init	24	static
leaf-filters.c:980:9:tHighpass_initToPool	40	static
leaf-filters.c:995:9:tHighpass_free	24	static
leaf-filters.c:1002:10:tHighpass_setFreq	24	static
leaf-filters.c:1012:11:tHighpass_getFreq	24	static
leaf-filters.c:1019:9:tHighpass_tick	24	static
leaf-filters.c:1027:6:tHighpassSampleRateChanged	24	static
leaf-filters.c:1035:6:tButterworth_init	32	static
leaf-filters.c:1040:9:tButterworth_initToPool	56	static
leaf-filters.c:1061:9:tButterworth_free	24	static
leaf-filters.c:1074:7:tButterworth_tick	24	static
leaf-filters.c:1086:6:tButterworth_setF1	24	static
leaf-filters.c:1094:6:tButterworth_setF2	24	static
leaf-filters.c:1102:6:tButterworth_setFreqs	32	static
leaf-filters.c:1115:9:tFIR_init	24	static
leaf-filters.c:1120:9:tFIR_initToPool	40	static
leaf-filters.c:1132:9:tFIR_free	24	static
leaf-filters.c:1140:9:tFIR_tick	32	static
leaf-filters.c:1157:9:tMedianFilter_init	24	static
leaf-filters.c:1162:9:tMedianFilter_initToPool	40	static
leaf-filters.c:1181:9:tMedianFilter_free	24	static
leaf-filters.c:1190:9:tMedianFilter_tick	40	static
leaf-filters.c:1231:9:tVZFilter_init	32	static
leaf-filters.c:1236:9:tVZFilter_initToPool	48	static
leaf-filters.c:1257:9:tVZFilter_free	24	static
leaf-filters.c:1263:9:tVZFilter_setSampleRate	24	static
leaf-filters.c:1270:9:tVZFilter_tick	32	static
leaf-filters.c:1301:9:tVZFilter_tickEfficient	32	static
leaf-filters.c:1333:8:tVZFilter_calcCoeffs	56	static
leaf-filters.c:1438:8:tVZFilter_calcCoeffsEfficientBP	24	static
leaf-filters.c:1451:8:tVZFilter_setBandwidth	24	static
leaf-filters.c:1457:8:tVZFilter_setFreq	24	static
leaf-filters.c:1465:8:tVZFilter_setFreqAndBandwidth	32	static
leaf-filters.c:1475:8:tVZFilter_setFreqAndBandwidthEfficientBP	32	static
leaf-filters.c:1487:8:tVZFilter_setGain	24	static
leaf-filters.c:1497:8:tVZFilter_setMorph	24	static
leaf-filters.c:1504:6:tVZFilter_setType	24	static
leaf-filters.c:1511:7:tVZFilter_BandwidthToR	40	static
leaf-filters.c:1522:7:tVZFilter_BandwidthToREfficientBP	40	static
leaf-filters.c:1536:9:tDiodeFilter_init	24	static
leaf-filters.c:1541:9:tDiodeFilter_initToPool	40	static
leaf-filters.c:1565:9:tDiodeFilter_free	24	static
leaf-filters.c:1571:7:tanhXdX	32	static
leaf-filters.c:1586:9:tDiodeFilter_tick	80	static
leaf-filters.c:1664:9:tDiodeFilter_setFreq	24	static
leaf-filters.c:1673:9:tDiodeFilter_setQ	24	static
