stm32h7xx_hal_adc_ex.c:136:19:HAL_ADCEx_Calibration_Start	32	static
stm32h7xx_hal_adc_ex.c:210:10:HAL_ADCEx_Calibration_GetValue	0	static
stm32h7xx_hal_adc_ex.c:226:19:HAL_ADCEx_LinearCalibration_GetValue	24	static
stm32h7xx_hal_adc_ex.c:271:19:HAL_ADCEx_Calibration_SetValue	16	static
stm32h7xx_hal_adc_ex.c:322:19:HAL_ADCEx_LinearCalibration_SetValue	32	static
stm32h7xx_hal_adc_ex.c:413:19:HAL_ADCEx_LinearCalibration_FactorLoad	48	static
stm32h7xx_hal_adc_ex.c:459:19:HAL_ADCEx_InjectedStart	16	static
stm32h7xx_hal_adc_ex.c:596:19:HAL_ADCEx_InjectedStop	8	static
stm32h7xx_hal_adc_ex.c:651:19:HAL_ADCEx_InjectedPollForConversion	24	static
stm32h7xx_hal_adc_ex.c:782:19:HAL_ADCEx_InjectedStart_IT	16	static
stm32h7xx_hal_adc_ex.c:943:19:HAL_ADCEx_InjectedStop_IT	8	static
stm32h7xx_hal_adc_ex.c:1009:19:HAL_ADCEx_MultiModeStart_DMA	128	static
stm32h7xx_hal_adc_ex.c:1123:19:HAL_ADCEx_MultiModeStop_DMA	120	static
stm32h7xx_hal_adc_ex.c:1236:10:HAL_ADCEx_MultiModeGetValue	0	static
stm32h7xx_hal_adc_ex.c:1282:10:HAL_ADCEx_InjectedGetValue	0	static
stm32h7xx_hal_adc_ex.c:1317:13:HAL_ADCEx_InjectedConvCpltCallback	0	static
stm32h7xx_hal_adc_ex.c:1336:13:HAL_ADCEx_InjectedQueueOverflowCallback	0	static
stm32h7xx_hal_adc_ex.c:1351:13:HAL_ADCEx_LevelOutOfWindow2Callback	0	static
stm32h7xx_hal_adc_ex.c:1366:13:HAL_ADCEx_LevelOutOfWindow3Callback	0	static
stm32h7xx_hal_adc_ex.c:1382:13:HAL_ADCEx_EndOfSamplingCallback	0	static
stm32h7xx_hal_adc_ex.c:1399:19:HAL_ADCEx_RegularStop	8	static
stm32h7xx_hal_adc_ex.c:1457:19:HAL_ADCEx_RegularStop_IT	8	static
stm32h7xx_hal_adc_ex.c:1517:19:HAL_ADCEx_RegularStop_DMA	16	static
stm32h7xx_hal_adc_ex.c:1603:19:HAL_ADCEx_RegularMultiModeStop_DMA	120	static
stm32h7xx_hal_adc_ex.c:1776:19:HAL_ADCEx_InjectedConfigChannel	32	static,ignoring_inline_asm
stm32h7xx_hal_adc_ex.c:2300:19:HAL_ADCEx_MultiModeConfigChannel	12	static
stm32h7xx_hal_adc_ex.c:2410:19:HAL_ADCEx_EnableInjectedQueue	4	static
stm32h7xx_hal_adc_ex.c:2451:19:HAL_ADCEx_DisableInjectedQueue	0	static
stm32h7xx_hal_adc_ex.c:2488:19:HAL_ADCEx_DisableVoltageRegulator	0	static
stm32h7xx_hal_adc_ex.c:2525:19:HAL_ADCEx_EnterADCDeepPowerDownMode	0	static
