stm32h7xx_hal_adc.c:1105:13:HAL_ADC_MspInit	0	static
stm32h7xx_hal_adc.c:1122:13:HAL_ADC_MspDeInit	0	static
stm32h7xx_hal_adc.c:1407:19:HAL_ADC_Start	24	static
stm32h7xx_hal_adc.c:1528:19:HAL_ADC_Stop	16	static
stm32h7xx_hal_adc.c:1582:19:HAL_ADC_PollForConversion	24	static
stm32h7xx_hal_adc.c:1741:19:HAL_ADC_PollForEvent	24	static
stm32h7xx_hal_adc.c:1886:19:HAL_ADC_Start_IT	24	static
stm32h7xx_hal_adc.c:2061:19:HAL_ADC_Stop_IT	16	static
stm32h7xx_hal_adc.c:2114:19:HAL_ADC_Start_DMA	32	static
stm32h7xx_hal_adc.c:2261:19:HAL_ADC_Stop_DMA	16	static
stm32h7xx_hal_adc.c:2346:10:HAL_ADC_GetValue	0	static
stm32h7xx_hal_adc.c:2721:13:HAL_ADC_ConvCpltCallback	0	static
stm32h7xx_hal_adc.c:2736:13:HAL_ADC_ConvHalfCpltCallback	0	static
stm32h7xx_hal_adc.c:3880:6:ADC_DMAHalfConvCplt	8	static
stm32h7xx_hal_adc.c:2751:13:HAL_ADC_LevelOutOfWindowCallback	0	static
stm32h7xx_hal_adc.c:2773:13:HAL_ADC_ErrorCallback	0	static
stm32h7xx_hal_adc.c:2363:6:HAL_ADC_IRQHandler	24	static
stm32h7xx_hal_adc.c:3802:6:ADC_DMAConvCplt	8	static
stm32h7xx_hal_adc.c:3898:6:ADC_DMAError	8	static
stm32h7xx_hal_adc.c:2819:19:HAL_ADC_ConfigChannel	24	static,ignoring_inline_asm
stm32h7xx_hal_adc.c:3133:19:HAL_ADC_AnalogWDGConfig	16	static,ignoring_inline_asm
stm32h7xx_hal_adc.c:3495:10:HAL_ADC_GetState	0	static
stm32h7xx_hal_adc.c:3509:10:HAL_ADC_GetError	0	static
stm32h7xx_hal_adc.c:3539:19:ADC_ConversionStop	16	static
stm32h7xx_hal_adc.c:851:19:HAL_ADC_DeInit	24	static
stm32h7xx_hal_adc.c:3669:19:ADC_Enable	16	static
stm32h7xx_hal_adc.c:3744:19:ADC_Disable	16	static
stm32h7xx_hal_adc.c:3924:6:ADC_ConfigureBoostMode	16	static
stm32h7xx_hal_adc.c:416:19:HAL_ADC_Init	24	static
