core_cm7.h:2229:22:SCB_EnableICache	4	static,ignoring_inline_asm
core_cm7.h:2281:22:SCB_EnableDCache	24	static,ignoring_inline_asm
main.c:115:5:main	48	static,ignoring_inline_asm
main.c:209:6:SystemClock_Config	312	static
main.c:290:13:MX_ADC1_Init	48	static
main.c:399:13:MX_ADC2_Init	40	static
main.c:500:13:MX_HRTIM_Init	32	static
main.c:545:13:MX_RNG_Init	8	static
main.c:572:13:MX_SPI1_Init	8	static
main.c:620:13:MX_SPI2_Init	8	static
main.c:665:13:MX_DMA_Init	16	static
main.c:692:13:MX_GPIO_Init	56	static
main.c:713:7:randomNumber	16	static
main.c:723:6:MPU_Conf	24	static
main.c:822:5:attackDetectPeak2	40	static
main.c:890:6:ADC_Frame	32	static
main.c:1044:6:HAL_ADC_ConvCpltCallback	16	static
main.c:1052:6:HAL_ADC_ConvHalfCpltCallback	16	static
main.c:1056:6:HAL_ADC_Error	16	static
main.c:1061:6:HAL_SPI_RxCpltCallback	16	static
main.c:1073:6:Error_Handler	4	static
