leaf-sampling.c:27:7:tBuffer_init	24	static
leaf-sampling.c:32:7:tBuffer_initToPool	24	static
leaf-sampling.c:48:7:tBuffer_free	8	static
leaf-sampling.c:56:6:tBuffer_tick	0	static
leaf-sampling.c:81:7:tBuffer_read	12	static
leaf-sampling.c:92:7:tBuffer_get	0	static
leaf-sampling.c:99:7:tBuffer_record	0	static
leaf-sampling.c:106:7:tBuffer_stop	0	static
leaf-sampling.c:112:7:tBuffer_getRecordPosition	0	static
leaf-sampling.c:118:8:tBuffer_setRecordPosition	0	static
leaf-sampling.c:124:7:tBuffer_setRecordMode	0	static
leaf-sampling.c:130:7:tBuffer_clear	0	static
leaf-sampling.c:140:6:tBuffer_setBuffer	4	static
leaf-sampling.c:151:10:tBuffer_getBufferLength	0	static
leaf-sampling.c:157:10:tBuffer_getRecordedLength	0	static
leaf-sampling.c:163:6:tBuffer_setRecordedLength	0	static
leaf-sampling.c:169:5:tBuffer_isActive	0	static
leaf-sampling.c:181:6:tSampler_init	40	static
leaf-sampling.c:186:6:tSampler_initToPool	40	static
leaf-sampling.c:244:6:tSampler_free	8	static
leaf-sampling.c:252:6:tSampler_setSample	4	static
leaf-sampling.c:828:6:tSampler_setMode	0	static
leaf-sampling.c:834:6:tSampler_setCrossfadeLength	8	static
leaf-sampling.c:843:6:tSampler_play	8	static
leaf-sampling.c:884:6:tSampler_stop	0	static
leaf-sampling.c:926:6:tSampler_setStart	24	static
leaf-sampling.c:996:6:tSampler_setEnd	24	static
leaf-sampling.c:536:7:tSampler_tickStereo	120	static
leaf-sampling.c:273:7:tSampler_tick	80	static
leaf-sampling.c:1066:9:tSampler_setLength	24	static
leaf-sampling.c:1073:6:tSampler_setRate	0	static
leaf-sampling.c:1094:9:tAutoSampler_init	48	static
leaf-sampling.c:1099:9:tAutoSampler_initToPool	48	static
leaf-sampling.c:1111:9:tAutoSampler_free	16	static
leaf-sampling.c:1121:9:tAutoSampler_tick	32	static
leaf-sampling.c:1164:9:tAutoSampler_setBuffer	4	static
leaf-sampling.c:1173:9:tAutoSampler_setMode	0	static
leaf-sampling.c:1179:9:tAutoSampler_play	8	static
leaf-sampling.c:1184:9:tAutoSampler_stop	0	static
leaf-sampling.c:1190:9:tAutoSampler_setThreshold	0	static
leaf-sampling.c:1196:9:tAutoSampler_setWindowSize	0	static
leaf-sampling.c:1204:9:tAutoSampler_setCrossfadeLength	8	static
leaf-sampling.c:1210:9:tAutoSampler_setRate	0	static
leaf-sampling.c:1217:6:tMBSampler_init	40	static
leaf-sampling.c:1222:6:tMBSampler_initToPool	40	static
leaf-sampling.c:1250:6:tMBSampler_free	8	static
leaf-sampling.c:1259:6:tMBSampler_setSample	0	static
leaf-sampling.c:1273:7:tMBSampler_tick	64	static
leaf-sampling.c:1514:6:tMBSampler_setMode	0	static
leaf-sampling.c:1520:6:tMBSampler_play	8	static
leaf-sampling.c:1535:6:tMBSampler_stop	8	static
leaf-sampling.c:1543:6:tMBSampler_setStart	0	static
leaf-sampling.c:1552:6:tMBSampler_setEnd	0	static
leaf-sampling.c:1562:9:tMBSampler_setLength	0	static
leaf-sampling.c:1568:6:tMBSampler_setRate	0	static
