leaf-filters.c:24:9:tAllpass_init	32	static
leaf-filters.c:29:9:tAllpass_initToPool	32	static
leaf-filters.c:42:9:tAllpass_free	8	static
leaf-filters.c:50:9:tAllpass_setDelay	0	static
leaf-filters.c:57:9:tAllpass_setGain	0	static
leaf-filters.c:64:9:tAllpass_tick	16	static
leaf-filters.c:78:9:tOnePole_init	24	static
leaf-filters.c:83:9:tOnePole_initToPool	24	static
leaf-filters.c:101:9:tOnePole_free	0	static
leaf-filters.c:108:9:tOnePole_setB0	0	static
leaf-filters.c:114:9:tOnePole_setA1	0	static
leaf-filters.c:121:9:tOnePole_setPole	0	static
leaf-filters.c:134:13:tOnePole_setFreq	8	static
leaf-filters.c:144:9:tOnePole_setCoefficients	0	static
leaf-filters.c:152:9:tOnePole_setGain	0	static
leaf-filters.c:158:9:tOnePole_tick	0	static
leaf-filters.c:171:6:tOnePole_setSampleRate	8	static
leaf-filters.c:181:9:tTwoPole_init	16	static
leaf-filters.c:186:9:tTwoPole_initToPool	16	static
leaf-filters.c:204:9:tTwoPole_free	0	static
leaf-filters.c:210:9:tTwoPole_tick	0	static
leaf-filters.c:223:9:tTwoPole_setB0	0	static
leaf-filters.c:229:9:tTwoPole_setA1	0	static
leaf-filters.c:235:9:tTwoPole_setA2	0	static
leaf-filters.c:241:9:tTwoPole_setResonance	32	static
leaf-filters.c:269:9:tTwoPole_setCoefficients	0	static
leaf-filters.c:277:9:tTwoPole_setGain	0	static
leaf-filters.c:283:10:tTwoPole_setSampleRate	24	static
leaf-filters.c:302:9:tOneZero_init	24	static
leaf-filters.c:307:9:tOneZero_initToPool	24	static
leaf-filters.c:321:9:tOneZero_free	0	static
leaf-filters.c:327:9:tOneZero_tick	0	static
leaf-filters.c:339:9:tOneZero_setZero	0	static
leaf-filters.c:350:9:tOneZero_setB0	0	static
leaf-filters.c:357:9:tOneZero_setB1	0	static
leaf-filters.c:363:9:tOneZero_setCoefficients	0	static
leaf-filters.c:370:9:tOneZero_setGain	0	static
leaf-filters.c:376:9:tOneZero_getPhaseDelay	24	static
leaf-filters.c:406:9:tOneZero_setSampleRate	0	static
leaf-filters.c:413:9:tTwoZero_init	16	static
leaf-filters.c:418:9:tTwoZero_initToPool	16	static
leaf-filters.c:431:9:tTwoZero_free	0	static
leaf-filters.c:437:9:tTwoZero_tick	0	static
leaf-filters.c:450:9:tTwoZero_setNotch	16	static
leaf-filters.c:474:9:tTwoZero_setB0	0	static
leaf-filters.c:480:9:tTwoZero_setB1	0	static
leaf-filters.c:486:9:tTwoZero_setCoefficients	0	static
leaf-filters.c:494:9:tTwoZero_setGain	0	static
leaf-filters.c:500:6:tTwoZero_setSampleRate	16	static
leaf-filters.c:509:8:tPoleZero_init	16	static
leaf-filters.c:514:9:tPoleZero_initToPool	16	static
leaf-filters.c:528:9:tPoleZero_free	0	static
leaf-filters.c:534:9:tPoleZero_setB0	0	static
leaf-filters.c:540:9:tPoleZero_setB1	0	static
leaf-filters.c:546:9:tPoleZero_setA1	0	static
leaf-filters.c:558:9:tPoleZero_setCoefficients	0	static
leaf-filters.c:572:9:tPoleZero_setAllpass	0	static
leaf-filters.c:587:9:tPoleZero_setBlockZero	0	static
leaf-filters.c:602:9:tPoleZero_setGain	0	static
leaf-filters.c:608:9:tPoleZero_tick	0	static
leaf-filters.c:622:9:tBiQuad_init	16	static
leaf-filters.c:627:9:tBiQuad_initToPool	16	static
leaf-filters.c:647:9:tBiQuad_free	0	static
leaf-filters.c:653:9:tBiQuad_tick	0	static
leaf-filters.c:670:9:tBiQuad_setResonance	32	static
leaf-filters.c:695:9:tBiQuad_setNotch	16	static
leaf-filters.c:710:6:tBiQuad_setEqualGainZeros	4	static
leaf-filters.c:718:9:tBiQuad_setB0	0	static
leaf-filters.c:724:9:tBiQuad_setB1	0	static
leaf-filters.c:730:9:tBiQuad_setB2	0	static
leaf-filters.c:736:9:tBiQuad_setA1	0	static
leaf-filters.c:742:9:tBiQuad_setA2	0	static
leaf-filters.c:748:9:tBiQuad_setCoefficients	0	static
leaf-filters.c:758:9:tBiQuad_setGain	0	static
leaf-filters.c:764:9:tBiQuad_setSampleRate	16	static
leaf-filters.c:784:6:tSVF_init	32	static
leaf-filters.c:793:9:tSVF_initToPool	32	static
leaf-filters.c:861:9:tSVF_free	0	static
leaf-filters.c:867:9:tSVF_tick	0	static
leaf-filters.c:886:10:tSVF_setFreq	8	static
leaf-filters.c:897:10:tSVF_setQ	0	static
leaf-filters.c:908:9:tSVF_setFreqAndQ	16	static
leaf-filters.c:920:9:tSVF_setSampleRate	16	static
leaf-filters.c:930:8:tEfficientSVF_init	32	static
leaf-filters.c:935:9:tEfficientSVF_initToPool	32	static
leaf-filters.c:953:9:tEfficientSVF_free	0	static
leaf-filters.c:959:9:tEfficientSVF_tick	0	static
leaf-filters.c:979:10:tEfficientSVF_setFreq	0	static
leaf-filters.c:989:10:tEfficientSVF_setQ	0	static
leaf-filters.c:1001:6:tHighpass_init	24	static
leaf-filters.c:1006:6:tHighpass_initToPool	24	static
leaf-filters.c:1021:6:tHighpass_free	0	static
leaf-filters.c:1027:6:tHighpass_setFreq	0	static
leaf-filters.c:1035:7:tHighpass_getFreq	0	static
leaf-filters.c:1042:7:tHighpass_tick	0	static
leaf-filters.c:1050:6:tHighpass_setSampleRate	0	static
leaf-filters.c:1062:9:tButterworth_initToPool	80	static
leaf-filters.c:1057:6:tButterworth_init	0	static
leaf-filters.c:1088:9:tButterworth_free	16	static
leaf-filters.c:1098:7:tButterworth_tick	0	static
leaf-filters.c:1108:6:tButterworth_setF1	40	static
leaf-filters.c:1118:6:tButterworth_setF2	40	static
leaf-filters.c:1130:6:tButterworth_setFreqs	48	static
leaf-filters.c:1136:9:tButterworth_setSampleRate	40	static
leaf-filters.c:1144:9:tFIR_init	24	static
leaf-filters.c:1149:9:tFIR_initToPool	24	static
leaf-filters.c:1161:9:tFIR_free	8	static
leaf-filters.c:1169:9:tFIR_tick	4	static
leaf-filters.c:1186:9:tMedianFilter_init	24	static
leaf-filters.c:1191:9:tMedianFilter_initToPool	24	static
leaf-filters.c:1210:9:tMedianFilter_free	8	static
leaf-filters.c:1219:9:tMedianFilter_tick	12	static
leaf-filters.c:1260:9:tVZFilter_init	40	static
leaf-filters.c:1265:9:tVZFilter_initToPool	40	static
leaf-filters.c:1287:9:tVZFilter_free	0	static
leaf-filters.c:1293:9:tVZFilter_tick	32	static
leaf-filters.c:1323:9:tVZFilter_tickEfficient	0	static
leaf-filters.c:1353:8:tVZFilter_calcCoeffs	32	static
leaf-filters.c:1457:8:tVZFilter_calcCoeffsEfficientBP	24	static
leaf-filters.c:1466:8:tVZFilter_setBandwidth	32	static
leaf-filters.c:1472:8:tVZFilter_setFreq	32	static
leaf-filters.c:1479:8:tVZFilter_setFreqAndBandwidth	32	static
leaf-filters.c:1488:8:tVZFilter_setFreqAndBandwidthEfficientBP	24	static
leaf-filters.c:1497:8:tVZFilter_setGain	32	static
leaf-filters.c:1505:8:tVZFilter_setMorph	32	static
leaf-filters.c:1512:6:tVZFilter_setType	32	static
leaf-filters.c:1519:7:tVZFilter_BandwidthToR	8	static
leaf-filters.c:1530:7:tVZFilter_BandwidthToREfficientBP	16	static
leaf-filters.c:1541:9:tVZFilter_setSampleRate	32	static
leaf-filters.c:1551:9:tDiodeFilter_init	24	static
leaf-filters.c:1556:9:tDiodeFilter_initToPool	24	static
leaf-filters.c:1582:9:tDiodeFilter_free	0	static
leaf-filters.c:1588:7:tanhXdX	0	static
leaf-filters.c:1603:9:tDiodeFilter_tick	40	static
leaf-filters.c:1676:9:tDiodeFilter_setFreq	8	static
leaf-filters.c:1684:9:tDiodeFilter_setQ	8	static
leaf-filters.c:1690:9:tDiodeFilter_setSampleRate	8	static
