leaf-physical.c:20:9:tPluck_init	32	static
leaf-physical.c:25:9:tPluck_initToPool	32	static
leaf-physical.c:48:9:tPluck_free	8	static
leaf-physical.c:60:9:tPluck_getLastOut	0	static
leaf-physical.c:66:9:tPluck_tick	16	static
leaf-physical.c:72:9:tPluck_pluck	32	static
leaf-physical.c:88:9:tPluck_noteOn	40	static
leaf-physical.c:97:9:tPluck_noteOff	0	static
leaf-physical.c:108:9:tPluck_setFrequency	32	static
leaf-physical.c:125:9:tPluck_controlChange	0	static
leaf-physical.c:130:6:tPluck_setSampleRate	24	static
leaf-physical.c:145:9:tKarplusStrong_init	56	static
leaf-physical.c:150:9:tKarplusStrong_initToPool	56	static
leaf-physical.c:186:9:tKarplusStrong_free	8	static
leaf-physical.c:203:9:tKarplusStrong_getLastOut	0	static
leaf-physical.c:209:9:tKarplusStrong_tick	32	static
leaf-physical.c:228:9:tKarplusStrong_pluck	40	static
leaf-physical.c:246:9:tKarplusStrong_noteOn	56	static
leaf-physical.c:253:9:tKarplusStrong_noteOff	0	static
leaf-physical.c:264:9:tKarplusStrong_setFrequency	48	static
leaf-physical.c:285:9:tKarplusStrong_setStretch	40	static
leaf-physical.c:312:9:tKarplusStrong_setPickupPosition	0	static
leaf-physical.c:324:9:tKarplusStrong_setBaseLoopGain	0	static
leaf-physical.c:334:9:tKarplusStrong_controlChange	40	static
leaf-physical.c:349:9:tKarplusStrong_setSampleRate	48	static
leaf-physical.c:373:9:tSimpleLivingString_init	48	static
leaf-physical.c:380:9:tSimpleLivingString_initToPool	48	static
leaf-physical.c:402:9:tSimpleLivingString_free	8	static
leaf-physical.c:415:10:tSimpleLivingString_setFreq	0	static
leaf-physical.c:425:10:tSimpleLivingString_setWaveLength	0	static
leaf-physical.c:435:10:tSimpleLivingString_setDampFreq	0	static
leaf-physical.c:441:10:tSimpleLivingString_setDecay	0	static
leaf-physical.c:447:10:tSimpleLivingString_setTargetLev	0	static
leaf-physical.c:453:10:tSimpleLivingString_setLevSmoothFactor	0	static
leaf-physical.c:459:10:tSimpleLivingString_setLevStrength	0	static
leaf-physical.c:465:10:tSimpleLivingString_setLevMode	16	static
leaf-physical.c:472:9:tSimpleLivingString_tick	24	static
leaf-physical.c:484:9:tSimpleLivingString_sample	0	static
leaf-physical.c:490:8:tSimpleLivingString_setSampleRate	8	static
leaf-physical.c:510:9:tLivingString_initToPool	80	static
leaf-physical.c:503:9:tLivingString_init	0	static
leaf-physical.c:549:9:tLivingString_free	8	static
leaf-physical.c:571:10:tLivingString_setFreq	0	static
leaf-physical.c:581:10:tLivingString_setWaveLength	0	static
leaf-physical.c:590:10:tLivingString_setPickPos	0	static
leaf-physical.c:599:10:tLivingString_setPrepIndex	0	static
leaf-physical.c:607:10:tLivingString_setDampFreq	16	static
leaf-physical.c:616:10:tLivingString_setDecay	0	static
leaf-physical.c:622:10:tLivingString_setTargetLev	16	static
leaf-physical.c:629:10:tLivingString_setLevSmoothFactor	16	static
leaf-physical.c:636:10:tLivingString_setLevStrength	16	static
leaf-physical.c:643:10:tLivingString_setLevMode	16	static
leaf-physical.c:651:9:tLivingString_tick	56	static
leaf-physical.c:687:9:tLivingString_sample	0	static
leaf-physical.c:693:8:tLivingString_setSampleRate	8	static
leaf-physical.c:722:9:tLivingString2_initToPool	96	static
leaf-physical.c:715:9:tLivingString2_init	0	static
leaf-physical.c:766:9:tLivingString2_free	8	static
leaf-physical.c:790:10:tLivingString2_setFreq	0	static
leaf-physical.c:802:10:tLivingString2_setWaveLength	0	static
leaf-physical.c:814:10:tLivingString2_setPickPos	0	static
leaf-physical.c:823:10:tLivingString2_setPrepPos	0	static
leaf-physical.c:832:10:tLivingString2_setPickupPos	0	static
leaf-physical.c:841:10:tLivingString2_setPrepIndex	0	static
leaf-physical.c:849:10:tLivingString2_setBrightness	16	static
leaf-physical.c:861:10:tLivingString2_setDecay	8	static
leaf-physical.c:867:10:tLivingString2_setTargetLev	16	static
leaf-physical.c:874:10:tLivingString2_setLevSmoothFactor	16	static
leaf-physical.c:881:10:tLivingString2_setLevStrength	16	static
leaf-physical.c:888:10:tLivingString2_setLevMode	16	static
leaf-physical.c:896:9:tLivingString2_tick	64	static
leaf-physical.c:1006:9:tLivingString2_sample	0	static
leaf-physical.c:1012:9:tLivingString2_setSampleRate	8	static
leaf-physical.c:1037:9:tComplexLivingString_initToPool	96	static
leaf-physical.c:1030:9:tComplexLivingString_init	0	static
leaf-physical.c:1085:9:tComplexLivingString_free	8	static
leaf-physical.c:1110:10:tComplexLivingString_setFreq	0	static
leaf-physical.c:1120:10:tComplexLivingString_setWaveLength	0	static
leaf-physical.c:1129:10:tComplexLivingString_setPickPos	0	static
leaf-physical.c:1138:10:tComplexLivingString_setPrepPos	0	static
leaf-physical.c:1147:10:tComplexLivingString_setPrepIndex	0	static
leaf-physical.c:1155:10:tComplexLivingString_setDampFreq	16	static
leaf-physical.c:1164:10:tComplexLivingString_setDecay	0	static
leaf-physical.c:1170:10:tComplexLivingString_setTargetLev	16	static
leaf-physical.c:1177:10:tComplexLivingString_setLevSmoothFactor	16	static
leaf-physical.c:1184:10:tComplexLivingString_setLevStrength	16	static
leaf-physical.c:1191:10:tComplexLivingString_setLevMode	16	static
leaf-physical.c:1199:9:tComplexLivingString_tick	72	static
leaf-physical.c:1261:9:tComplexLivingString_sample	0	static
leaf-physical.c:1267:9:tComplexLivingString_setSampleRate	8	static
leaf-physical.c:1285:9:tReedTable_init	24	static
leaf-physical.c:1290:9:tReedTable_initToPool	24	static
leaf-physical.c:1300:9:tReedTable_free	0	static
leaf-physical.c:1307:9:tReedTable_tick	0	static
leaf-physical.c:1326:9:tReedTable_tanh_tick	0	static
leaf-physical.c:1338:10:tReedTable_setOffset	0	static
leaf-physical.c:1344:10:tReedTable_setSlope	0	static
