leaf-envelopes.c:27:9:tEnvelope_init	32	static
leaf-envelopes.c:32:9:tEnvelope_initToPool	32	static
leaf-envelopes.c:74:9:tEnvelope_free	0	static
leaf-envelopes.c:80:10:tEnvelope_setAttack	0	static
leaf-envelopes.c:97:10:tEnvelope_setDecay	0	static
leaf-envelopes.c:114:10:tEnvelope_loop	0	static
leaf-envelopes.c:121:10:tEnvelope_on	0	static
leaf-envelopes.c:143:9:tEnvelope_tick	4	static
leaf-envelopes.c:218:9:tADSR_init	32	static
leaf-envelopes.c:223:9:tADSR_initToPool	32	static
leaf-envelopes.c:285:9:tADSR_free	0	static
leaf-envelopes.c:291:10:tADSR_setAttack	0	static
leaf-envelopes.c:308:10:tADSR_setDecay	0	static
leaf-envelopes.c:325:10:tADSR_setSustain	0	static
leaf-envelopes.c:334:10:tADSR_setRelease	0	static
leaf-envelopes.c:352:10:tADSR_setLeakFactor	0	static
leaf-envelopes.c:360:6:tADSR_on	0	static
leaf-envelopes.c:384:6:tADSR_off	0	static
leaf-envelopes.c:398:9:tADSR_tick	4	static
leaf-envelopes.c:501:9:tADSR2_init	48	static
leaf-envelopes.c:506:9:tADSR2_initToPool	48	static
leaf-envelopes.c:539:9:tADSR2_free	0	static
leaf-envelopes.c:545:10:tADSR2_setAttack	8	static
leaf-envelopes.c:553:10:tADSR2_setDecay	8	static
leaf-envelopes.c:561:10:tADSR2_setSustain	0	static
leaf-envelopes.c:575:10:tADSR2_setRelease	8	static
leaf-envelopes.c:583:10:tADSR2_setLeakFactor	0	static
leaf-envelopes.c:590:6:tADSR2_on	0	static
leaf-envelopes.c:600:6:tADSR2_off	0	static
leaf-envelopes.c:607:9:tADSR2_tick	0	static
leaf-envelopes.c:651:7:calcADSR3Coef	16	static
leaf-envelopes.c:657:9:tADSR3_init	40	static
leaf-envelopes.c:662:9:tADSR3_initToPool	40	static
leaf-envelopes.c:697:9:tADSR3_free	0	static
leaf-envelopes.c:703:10:tADSR3_setAttack	24	static
leaf-envelopes.c:712:10:tADSR3_setDecay	24	static
leaf-envelopes.c:721:10:tADSR3_setSustain	0	static
leaf-envelopes.c:729:10:tADSR3_setRelease	24	static
leaf-envelopes.c:739:10:tADSR3_setLeakFactor	0	static
leaf-envelopes.c:746:6:tADSR3_on	0	static
leaf-envelopes.c:753:6:tADSR3_off	0	static
leaf-envelopes.c:763:9:tADSR3_tick	0	static
leaf-envelopes.c:805:9:tADSR4_init	40	static
leaf-envelopes.c:812:9:tADSR4_initToPool	40	static
leaf-envelopes.c:854:9:tADSR4_free	0	static
leaf-envelopes.c:860:10:tADSR4_setAttack	0	static
leaf-envelopes.c:872:10:tADSR4_setDecay	0	static
leaf-envelopes.c:883:10:tADSR4_setSustain	0	static
leaf-envelopes.c:892:10:tADSR4_setRelease	0	static
leaf-envelopes.c:904:10:tADSR4_setLeakFactor	0	static
leaf-envelopes.c:912:6:tADSR4_on	0	static
leaf-envelopes.c:933:6:tADSR4_off	0	static
leaf-envelopes.c:948:9:tADSR4_tick	16	static
leaf-envelopes.c:1073:9:tADSR4_tickNoInterp	0	static
leaf-envelopes.c:1155:9:tRamp_init	24	static
leaf-envelopes.c:1160:9:tRamp_initToPool	24	static
leaf-envelopes.c:1186:9:tRamp_free	0	static
leaf-envelopes.c:1193:10:tRamp_setTime	0	static
leaf-envelopes.c:1210:10:tRamp_setDest	0	static
leaf-envelopes.c:1217:10:tRamp_setVal	0	static
leaf-envelopes.c:1224:9:tRamp_tick	0	static
leaf-envelopes.c:1239:9:tRamp_sample	0	static
leaf-envelopes.c:1245:9:tRampSampleRateChanged	0	static
leaf-envelopes.c:1258:9:tRampUpDown_init	24	static
leaf-envelopes.c:1263:9:tRampUpDown_initToPool	24	static
leaf-envelopes.c:1299:9:tRampUpDown_free	0	static
leaf-envelopes.c:1306:10:tRampUpDown_setUpTime	0	static
leaf-envelopes.c:1322:10:tRampUpDown_setDownTime	0	static
leaf-envelopes.c:1337:10:tRampUpDown_setDest	0	static
leaf-envelopes.c:1345:10:tRampUpDown_setVal	0	static
leaf-envelopes.c:1353:9:tRampUpDown_tick	0	static
leaf-envelopes.c:1387:9:tRampUpDown_sample	0	static
leaf-envelopes.c:1399:9:tExpSmooth_init	24	static
leaf-envelopes.c:1404:9:tExpSmooth_initToPool	24	static
leaf-envelopes.c:1418:9:tExpSmooth_free	0	static
leaf-envelopes.c:1425:10:tExpSmooth_setFactor	0	static
leaf-envelopes.c:1437:10:tExpSmooth_setDest	0	static
leaf-envelopes.c:1443:10:tExpSmooth_setVal	0	static
leaf-envelopes.c:1449:10:tExpSmooth_setValAndDest	0	static
leaf-envelopes.c:1456:9:tExpSmooth_tick	0	static
leaf-envelopes.c:1463:9:tExpSmooth_sample	0	static
leaf-envelopes.c:1472:9:tSlide_init	24	static
leaf-envelopes.c:1477:9:tSlide_initToPool	24	static
leaf-envelopes.c:1500:9:tSlide_free	0	static
leaf-envelopes.c:1507:6:tSlide_setUpSlide	0	static
leaf-envelopes.c:1513:6:tSlide_setDownSlide	0	static
leaf-envelopes.c:1519:6:tSlide_setDest	0	static
leaf-envelopes.c:1525:7:tSlide_tickNoInput	0	static
leaf-envelopes.c:1547:7:tSlide_tick	0	static
