leaf-effects.c:70:6:tTalkbox_free	8	static
leaf-effects.c:86:6:tTalkbox_update	32	static
leaf-effects.c:40:6:tTalkbox_initToPool	32	static
leaf-effects.c:35:6:tTalkbox_init	0	static
leaf-effects.c:120:6:tTalkbox_suspend	4	static
leaf-effects.c:143:6:tTalkbox_warpedAutocorrelate	28	static
leaf-effects.c:181:6:tTalkbox_lpcDurbin	336	static
leaf-effects.c:263:6:tTalkbox_lpc	344	static
leaf-effects.c:214:7:tTalkbox_tick	64	static
leaf-effects.c:320:6:tTalkbox_setQuality	0	static
leaf-effects.c:333:6:tTalkbox_setWarpFactor	0	static
leaf-effects.c:340:6:tTalkbox_setWarpOn	0	static
leaf-effects.c:347:6:tTalkbox_setFreeze	0	static
leaf-effects.c:402:6:tTalkboxFloat_free	8	static
leaf-effects.c:418:6:tTalkboxFloat_update	32	static
leaf-effects.c:372:6:tTalkboxFloat_initToPool	32	static
leaf-effects.c:367:6:tTalkboxFloat_init	0	static
leaf-effects.c:452:6:tTalkboxFloat_suspend	4	static
leaf-effects.c:475:6:tTalkboxFloat_warpedAutocorrelate	28	static
leaf-effects.c:513:6:tTalkboxFloat_lpcDurbin	0	static
leaf-effects.c:596:6:tTalkboxFloat_lpc	344	static
leaf-effects.c:547:7:tTalkboxFloat_tick	64	static
leaf-effects.c:656:6:tTalkboxFloat_setQuality	0	static
leaf-effects.c:669:6:tTalkboxFloat_setWarpFactor	0	static
leaf-effects.c:676:6:tTalkboxFloat_setWarpOn	0	static
leaf-effects.c:683:6:tTalkboxFloat_setFreeze	0	static
leaf-effects.c:718:6:tVocoder_free	0	static
leaf-effects.c:725:13:tVocoder_update	56	static
leaf-effects.c:700:6:tVocoder_initToPool	16	static
leaf-effects.c:695:6:tVocoder_init	16	static
leaf-effects.c:810:13:tVocoder_tick	16	static
leaf-effects.c:877:13:tVocoder_suspend	4	static
leaf-effects.c:891:6:tRosenbergGlottalPulse_init	16	static
leaf-effects.c:896:6:tRosenbergGlottalPulse_initToPool	16	static
leaf-effects.c:910:6:tRosenbergGlottalPulse_free	0	static
leaf-effects.c:916:9:tRosenbergGlottalPulse_tick	8	static
leaf-effects.c:945:9:tRosenbergGlottalPulse_tickHQ	8	static
leaf-effects.c:973:8:tRosenbergGlottalPulse_setFreq	0	static
leaf-effects.c:982:8:tRosenbergGlottalPulse_setOpenLength	0	static
leaf-effects.c:989:8:tRosenbergGlottalPulse_setPulseLength	0	static
leaf-effects.c:996:8:tRosenbergGlottalPulse_setOpenLengthAndPulseLength	0	static
leaf-effects.c:1023:6:tSOLAD_init	16	static
leaf-effects.c:1028:6:tSOLAD_initToPool	16	static
leaf-effects.c:1040:6:tSOLAD_free	8	static
leaf-effects.c:1049:6:tSOLAD_ioSamples	24	static
leaf-effects.c:1067:6:tSOLAD_setPeriod	0	static
leaf-effects.c:1076:6:tSOLAD_setPitchFactor	0	static
leaf-effects.c:1085:6:tSOLAD_setReadLag	0	static
leaf-effects.c:1100:6:tSOLAD_resetState	8	static
leaf-effects.c:1378:6:tPitchShift_init	40	static
leaf-effects.c:1383:6:tPitchShift_initToPool	40	static
leaf-effects.c:1409:6:tPitchShift_free	16	static
leaf-effects.c:1418:6:tPitchShift_setPitchFactor	0	static
leaf-effects.c:1425:7:tPitchShift_shift	32	static
leaf-effects.c:1457:7:tPitchShift_shiftToFreq	48	static
leaf-effects.c:1493:7:tPitchShift_shiftToFunc	40	static
leaf-effects.c:1541:6:tRetune_initToPool	64	static
leaf-effects.c:1536:6:tRetune_init	4	static
leaf-effects.c:1577:6:tRetune_free	24	static
leaf-effects.c:1595:8:tRetune_tick	56	static
leaf-effects.c:1609:6:tRetune_setNumVoices	40	static
leaf-effects.c:1621:6:tRetune_setPitchFactors	4	static
leaf-effects.c:1632:6:tRetune_setPitchFactor	4	static
leaf-effects.c:1640:6:tRetune_setTimeConstant	8	static
leaf-effects.c:1649:6:tRetune_setHopSize	0	static
leaf-effects.c:1657:6:tRetune_setWindowSize	0	static
leaf-effects.c:1665:6:tRetune_setFidelityThreshold	0	static
leaf-effects.c:1672:7:tRetune_getInputPeriod	0	static
leaf-effects.c:1680:7:tRetune_getInputFreq	0	static
leaf-effects.c:1697:6:tAutotune_initToPool	64	static
leaf-effects.c:1692:6:tAutotune_init	4	static
leaf-effects.c:1734:6:tAutotune_free	24	static
leaf-effects.c:1752:8:tAutotune_tick	64	static
leaf-effects.c:1770:6:tAutotune_setNumVoices	40	static
leaf-effects.c:1782:6:tAutotune_setFreqs	0	static
leaf-effects.c:1792:6:tAutotune_setFreq	0	static
leaf-effects.c:1799:6:tAutotune_setTimeConstant	8	static
leaf-effects.c:1808:6:tAutotune_setHopSize	0	static
leaf-effects.c:1816:6:tAutotune_setWindowSize	0	static
leaf-effects.c:1824:6:tAutotune_setFidelityThreshold	0	static
leaf-effects.c:1831:10:tAutotune_setAlpha	0	static
leaf-effects.c:1837:10:tAutotune_setTolerance	0	static
leaf-effects.c:1843:7:tAutotune_getInputPeriod	0	static
leaf-effects.c:1850:7:tAutotune_getInputFreq	0	static
leaf-effects.c:1867:6:tFormantShifter_initToPool	48	static
leaf-effects.c:1862:6:tFormantShifter_init	0	static
leaf-effects.c:1904:6:tFormantShifter_free	8	static
leaf-effects.c:1929:7:tFormantShifter_remove	8	static
leaf-effects.c:1968:7:tFormantShifter_add	32	static
leaf-effects.c:1924:7:tFormantShifter_tick	8	static
leaf-effects.c:2066:6:tFormantShifter_setShiftFactor	0	static
leaf-effects.c:2072:6:tFormantShifter_setIntensity	8	static
