leaf-math.c:27:7:log2f_approx	32	static
leaf-math.c:43:7:log2f_approx2	16	static
leaf-math.c:48:7:interpolate3max	32	static
leaf-math.c:60:7:interpolate3phase	32	static
leaf-math.c:74:7:fastcosf	24	static
leaf-math.c:91:7:fastercosf	24	static
leaf-math.c:106:5:fastabs_int	24	static
leaf-math.c:117:14:fastabsf	24	static
leaf-math.c:130:8:fastexp	16	static
leaf-math.c:138:14:fastexpf	16	static
leaf-math.c:146:8:fasterexp	16	static
leaf-math.c:153:14:fasterexpf	16	static
leaf-math.c:162:7:fastexp2f	32	static
leaf-math.c:192:7:fastPowf	24	static
leaf-math.c:204:8:fastPow	32	static
leaf-math.c:227:6:LEAF_crossfade	24	static
leaf-math.c:233:7:LEAF_chebyshevT	24	static
leaf-math.c:240:7:LEAF_CompoundChebyshevT	64	dynamic
leaf-math.c:256:7:LEAF_frequencyToMidi	16	static
leaf-math.c:262:7:LEAF_shaper	48	static
leaf-math.c:278:7:LEAF_round	24	static
leaf-math.c:291:7:LEAF_bitwise_xor	24	static
leaf-math.c:300:7:LEAF_reedTable	32	static
leaf-math.c:308:9:LEAF_softClip	24	static
leaf-math.c:328:9:LEAF_clip	32	static
leaf-math.c:351:7:LEAF_clipInt	32	static
leaf-math.c:369:9:LEAF_isPrime	32	static
leaf-math.c:381:7:LEAF_tanh	16	static
leaf-math.c:393:7:LEAF_tanhNoClip	16	static
leaf-math.c:399:7:fast_tanh	32	static
leaf-math.c:406:7:fast_tanh2	16	static
leaf-math.c:411:7:fast_tanh3	24	static
leaf-math.c:418:9:fast_tanh4	48	static
leaf-math.c:432:6:LEAF_generate_sine	32	static
leaf-math.c:442:6:LEAF_generate_sawtooth	56	static
leaf-math.c:464:6:LEAF_generate_triangle	64	static
leaf-math.c:493:6:LEAF_generate_square	56	static
leaf-math.c:517:6:LEAF_generate_exp	48	static
leaf-math.c:528:6:LEAF_generate_atodb	40	static
leaf-math.c:540:6:LEAF_generate_atodbPositiveClipped	48	static
leaf-math.c:558:7:LEAF_poly_blep	16	static
leaf-math.c:611:7:LEAF_midiToFrequency	16	static
leaf-math.c:620:7:LEAF_interpolate_hermite	48	static
leaf-math.c:636:7:LEAF_interpolate_hermite_x	56	static
leaf-math.c:649:7:LEAF_interpolation_linear	32	static
leaf-math.c:665:7:mtof	16	static
leaf-math.c:672:7:fast_mtof	16	static
leaf-math.c:677:7:faster_mtof	16	static
leaf-math.c:682:7:ftom	16	static
leaf-math.c:687:7:powtodb	24	static
leaf-math.c:697:7:rmstodb	24	static
leaf-math.c:707:7:dbtopow	16	static
leaf-math.c:719:7:dbtorms	16	static
leaf-math.c:732:7:atodb	16	static
leaf-math.c:737:7:dbtoa	16	static
leaf-math.c:744:7:fastdbtoa	16	static
leaf-math.c:750:7:fasterdbtoa	16	static
leaf-math.c:757:7:maximum	16	static
leaf-math.c:762:7:minimum	16	static
leaf-math.c:771:5:popcount	32	static
leaf-math.c:785:7:median3f	32	static
