leaf-effects.c:73:6:tTalkbox_free	8	static
leaf-effects.c:89:6:tTalkbox_update	32	static
leaf-effects.c:40:6:tTalkbox_initToPool	32	static
leaf-effects.c:35:6:tTalkbox_init	0	static
leaf-effects.c:122:6:tTalkbox_suspend	4	static
leaf-effects.c:145:6:tTalkbox_warpedAutocorrelate	28	static
leaf-effects.c:183:6:tTalkbox_lpcDurbin	336	static
leaf-effects.c:265:6:tTalkbox_lpc	344	static
leaf-effects.c:216:7:tTalkbox_tick	64	static
leaf-effects.c:322:6:tTalkbox_setQuality	0	static
leaf-effects.c:334:6:tTalkbox_setWarpFactor	0	static
leaf-effects.c:341:6:tTalkbox_setWarpOn	0	static
leaf-effects.c:348:6:tTalkbox_setFreeze	0	static
leaf-effects.c:355:6:tTalkbox_setSampleRate	32	static
leaf-effects.c:411:6:tTalkboxFloat_free	8	static
leaf-effects.c:427:6:tTalkboxFloat_update	32	static
leaf-effects.c:378:6:tTalkboxFloat_initToPool	32	static
leaf-effects.c:373:6:tTalkboxFloat_init	0	static
leaf-effects.c:460:6:tTalkboxFloat_suspend	4	static
leaf-effects.c:483:6:tTalkboxFloat_warpedAutocorrelate	28	static
leaf-effects.c:521:6:tTalkboxFloat_lpcDurbin	0	static
leaf-effects.c:604:6:tTalkboxFloat_lpc	344	static
leaf-effects.c:555:7:tTalkboxFloat_tick	64	static
leaf-effects.c:664:6:tTalkboxFloat_setQuality	0	static
leaf-effects.c:676:6:tTalkboxFloat_setWarpFactor	0	static
leaf-effects.c:683:6:tTalkboxFloat_setWarpOn	0	static
leaf-effects.c:690:6:tTalkboxFloat_setFreeze	0	static
leaf-effects.c:697:6:tTalkboxFloat_setSampleRate	32	static
leaf-effects.c:734:6:tVocoder_free	0	static
leaf-effects.c:741:13:tVocoder_update	48	static
leaf-effects.c:713:6:tVocoder_initToPool	16	static
leaf-effects.c:708:6:tVocoder_init	16	static
leaf-effects.c:825:13:tVocoder_tick	20	static
leaf-effects.c:891:13:tVocoder_suspend	0	static
leaf-effects.c:902:9:tVocoder_setSampleRate	0	static
leaf-effects.c:912:6:tRosenbergGlottalPulse_init	16	static
leaf-effects.c:917:6:tRosenbergGlottalPulse_initToPool	16	static
leaf-effects.c:933:6:tRosenbergGlottalPulse_free	0	static
leaf-effects.c:939:9:tRosenbergGlottalPulse_tick	8	static
leaf-effects.c:968:9:tRosenbergGlottalPulse_tickHQ	8	static
leaf-effects.c:996:8:tRosenbergGlottalPulse_setFreq	0	static
leaf-effects.c:1005:8:tRosenbergGlottalPulse_setOpenLength	0	static
leaf-effects.c:1012:8:tRosenbergGlottalPulse_setPulseLength	0	static
leaf-effects.c:1019:8:tRosenbergGlottalPulse_setOpenLengthAndPulseLength	0	static
leaf-effects.c:1027:8:tRosenbergGlottalPulse_setSampleRate	0	static
leaf-effects.c:1051:6:tSOLAD_init	32	static
leaf-effects.c:1056:6:tSOLAD_initToPool	32	static
leaf-effects.c:1076:6:tSOLAD_free	8	static
leaf-effects.c:1087:6:tSOLAD_ioSamples	64	static
leaf-effects.c:1439:6:tPitchShift_shiftBy	32	static
leaf-effects.c:1455:9:tPitchShift_shiftTo	32	static
leaf-effects.c:1119:6:tSOLAD_setPeriod	0	static
leaf-effects.c:1129:6:tSOLAD_setPitchFactor	0	static
leaf-effects.c:1141:6:tSOLAD_setReadLag	0	static
leaf-effects.c:1156:6:tSOLAD_resetState	8	static
leaf-effects.c:1172:6:tSOLAD_setSampleRate	16	static
leaf-effects.c:1409:6:tPitchShift_init	48	static
leaf-effects.c:1414:6:tPitchShift_initToPool	48	static
leaf-effects.c:1431:6:tPitchShift_free	16	static
leaf-effects.c:1472:9:tPitchShift_setPickiness	0	static
leaf-effects.c:1478:9:tPitchShift_setSampleRate	16	static
leaf-effects.c:1494:6:tSimpleRetune_initToPool	64	static
leaf-effects.c:1489:6:tSimpleRetune_init	0	static
leaf-effects.c:1523:6:tSimpleRetune_free	24	static
leaf-effects.c:1539:7:tSimpleRetune_tick	24	static
leaf-effects.c:1561:6:tSimpleRetune_setMode	4	static
leaf-effects.c:1569:6:tSimpleRetune_setNumVoices	40	static
leaf-effects.c:1582:6:tSimpleRetune_setPickiness	0	static
leaf-effects.c:1592:6:tSimpleRetune_tuneVoices	4	static
leaf-effects.c:1602:6:tSimpleRetune_tuneVoice	0	static
leaf-effects.c:1609:7:tSimpleRetune_getInputFrequency	0	static
leaf-effects.c:1616:6:tSimpleRetune_setSampleRate	24	static
leaf-effects.c:1635:6:tRetune_initToPool	80	static
leaf-effects.c:1630:6:tRetune_init	0	static
leaf-effects.c:1667:6:tRetune_free	24	static
leaf-effects.c:1686:8:tRetune_tick	24	static
leaf-effects.c:1711:6:tRetune_setMode	4	static
leaf-effects.c:1719:6:tRetune_setPickiness	0	static
leaf-effects.c:1726:6:tRetune_setNumVoices	40	static
leaf-effects.c:1739:6:tRetune_tuneVoices	4	static
leaf-effects.c:1749:6:tRetune_tuneVoice	0	static
leaf-effects.c:1756:7:tRetune_getInputFrequency	0	static
leaf-effects.c:1763:6:tRetune_setSampleRate	24	static
leaf-effects.c:1783:6:tFormantShifter_initToPool	56	static
leaf-effects.c:1778:6:tFormantShifter_init	0	static
leaf-effects.c:1822:6:tFormantShifter_free	8	static
leaf-effects.c:1847:7:tFormantShifter_remove	8	static
leaf-effects.c:1886:7:tFormantShifter_add	32	static
leaf-effects.c:1842:7:tFormantShifter_tick	8	static
leaf-effects.c:1984:6:tFormantShifter_setShiftFactor	0	static
leaf-effects.c:1990:6:tFormantShifter_setIntensity	8	static
leaf-effects.c:2009:6:tFormantShifter_setSampleRate	24	static
