leaf-math.c:27:7:log2f_approx	16	static
leaf-math.c:43:7:log2f_approx2	0	static
leaf-math.c:48:7:interpolate3max	0	static
leaf-math.c:60:7:interpolate3phase	0	static
leaf-math.c:74:7:fastcosf	0	static
leaf-math.c:91:7:fastercosf	0	static
leaf-math.c:102:7:fasttanf	0	static
leaf-math.c:122:7:fastertanf	0	static
leaf-math.c:135:7:fastsqrtf	0	static
leaf-math.c:146:5:fastabs_int	0	static
leaf-math.c:157:7:fastabsf	0	static
leaf-math.c:170:8:fastexp	0	static
leaf-math.c:178:14:fastexpf	0	static
leaf-math.c:186:8:fasterexp	0	static
leaf-math.c:193:14:fasterexpf	0	static
leaf-math.c:202:7:fastexp2f	0	static
leaf-math.c:232:7:fastPowf	0	static
leaf-math.c:244:8:fastPow	0	static
leaf-math.c:267:6:LEAF_crossfade	0	static
leaf-math.c:273:7:LEAF_chebyshevT	160	static
leaf-math.c:280:7:LEAF_CompoundChebyshevT	24	dynamic
leaf-math.c:296:7:LEAF_frequencyToMidi	8	static
leaf-math.c:302:7:LEAF_shaper	0	static
leaf-math.c:318:7:LEAF_round	0	static
leaf-math.c:331:7:LEAF_bitwise_xor	0	static
leaf-math.c:340:7:LEAF_reedTable	0	static
leaf-math.c:348:9:LEAF_softClip	0	static
leaf-math.c:368:9:LEAF_clip	0	static
leaf-math.c:391:7:LEAF_clipInt	0	static
leaf-math.c:409:9:LEAF_isPrime	24	static
leaf-math.c:421:7:LEAF_tanh	0	static
leaf-math.c:433:7:LEAF_tanhNoClip	0	static
leaf-math.c:439:7:fast_tanh	0	static
leaf-math.c:446:7:fast_tanh2	0	static
leaf-math.c:451:7:fast_tanh3	0	static
leaf-math.c:458:9:fast_tanh4	0	static
leaf-math.c:472:6:LEAF_generate_sine	24	static
leaf-math.c:482:6:LEAF_generate_sawtooth	72	static
leaf-math.c:504:6:LEAF_generate_triangle	72	static
leaf-math.c:533:6:LEAF_generate_square	72	static
leaf-math.c:557:6:LEAF_generate_exp	32	static
leaf-math.c:568:6:LEAF_generate_atodb	32	static
leaf-math.c:580:6:LEAF_generate_atodbPositiveClipped	48	static
leaf-math.c:598:7:LEAF_poly_blep	0	static
leaf-math.c:651:7:LEAF_midiToFrequency	8	static
leaf-math.c:660:7:LEAF_interpolate_hermite	0	static
leaf-math.c:676:7:LEAF_interpolate_hermite_x	0	static
leaf-math.c:689:7:LEAF_interpolation_linear	0	static
leaf-math.c:705:7:mtof	8	static
leaf-math.c:712:7:fast_mtof	0	static
leaf-math.c:717:7:faster_mtof	0	static
leaf-math.c:722:7:ftom	8	static
leaf-math.c:727:7:powtodb	16	static
leaf-math.c:737:7:rmstodb	16	static
leaf-math.c:747:7:dbtopow	0	static
leaf-math.c:759:7:dbtorms	0	static
leaf-math.c:772:7:atodb	8	static
leaf-math.c:777:7:dbtoa	0	static
leaf-math.c:784:7:fastdbtoa	0	static
leaf-math.c:790:7:fasterdbtoa	0	static
leaf-math.c:797:7:maximum	0	static
leaf-math.c:802:7:minimum	0	static
leaf-math.c:811:5:popcount	24	static
leaf-math.c:825:7:median3f	0	static
leaf-math.c:833:6:place_step_dd	0	static
leaf-math.c:857:6:place_slope_dd	0	static
