leaf-physical.c:20:9:tPluck_init	32	static
leaf-physical.c:25:9:tPluck_initToPool	32	static
leaf-physical.c:46:9:tPluck_free	8	static
leaf-physical.c:58:9:tPluck_getLastOut	0	static
leaf-physical.c:64:9:tPluck_tick	16	static
leaf-physical.c:70:9:tPluck_pluck	32	static
leaf-physical.c:86:9:tPluck_noteOn	40	static
leaf-physical.c:95:9:tPluck_noteOff	0	static
leaf-physical.c:106:9:tPluck_setFrequency	32	static
leaf-physical.c:125:9:tPluck_controlChange	0	static
leaf-physical.c:130:6:tPluckSampleRateChanged	32	static
leaf-physical.c:137:9:tKarplusStrong_init	56	static
leaf-physical.c:142:9:tKarplusStrong_initToPool	56	static
leaf-physical.c:176:9:tKarplusStrong_free	8	static
leaf-physical.c:193:9:tKarplusStrong_getLastOut	0	static
leaf-physical.c:199:9:tKarplusStrong_tick	32	static
leaf-physical.c:218:9:tKarplusStrong_pluck	40	static
leaf-physical.c:236:9:tKarplusStrong_noteOn	56	static
leaf-physical.c:243:9:tKarplusStrong_noteOff	0	static
leaf-physical.c:254:9:tKarplusStrong_setFrequency	48	static
leaf-physical.c:277:9:tKarplusStrong_setStretch	40	static
leaf-physical.c:305:9:tKarplusStrong_setPickupPosition	0	static
leaf-physical.c:317:9:tKarplusStrong_setBaseLoopGain	0	static
leaf-physical.c:327:9:tKarplusStrong_controlChange	40	static
leaf-physical.c:342:9:tKarplusStrongSampleRateChanged	48	static
leaf-physical.c:352:9:tSimpleLivingString_init	48	static
leaf-physical.c:359:9:tSimpleLivingString_initToPool	48	static
leaf-physical.c:380:9:tSimpleLivingString_free	8	static
leaf-physical.c:393:10:tSimpleLivingString_setFreq	0	static
leaf-physical.c:404:10:tSimpleLivingString_setWaveLength	0	static
leaf-physical.c:414:10:tSimpleLivingString_setDampFreq	0	static
leaf-physical.c:420:10:tSimpleLivingString_setDecay	0	static
leaf-physical.c:426:10:tSimpleLivingString_setTargetLev	0	static
leaf-physical.c:432:10:tSimpleLivingString_setLevSmoothFactor	0	static
leaf-physical.c:438:10:tSimpleLivingString_setLevStrength	0	static
leaf-physical.c:444:10:tSimpleLivingString_setLevMode	16	static
leaf-physical.c:451:9:tSimpleLivingString_tick	24	static
leaf-physical.c:463:9:tSimpleLivingString_sample	0	static
leaf-physical.c:478:9:tLivingString_initToPool	80	static
leaf-physical.c:471:9:tLivingString_init	0	static
leaf-physical.c:516:9:tLivingString_free	8	static
leaf-physical.c:538:10:tLivingString_setFreq	0	static
leaf-physical.c:549:10:tLivingString_setWaveLength	0	static
leaf-physical.c:558:10:tLivingString_setPickPos	0	static
leaf-physical.c:567:10:tLivingString_setPrepIndex	0	static
leaf-physical.c:575:10:tLivingString_setDampFreq	16	static
leaf-physical.c:584:10:tLivingString_setDecay	0	static
leaf-physical.c:590:10:tLivingString_setTargetLev	16	static
leaf-physical.c:597:10:tLivingString_setLevSmoothFactor	16	static
leaf-physical.c:604:10:tLivingString_setLevStrength	16	static
leaf-physical.c:611:10:tLivingString_setLevMode	16	static
leaf-physical.c:619:9:tLivingString_tick	56	static
leaf-physical.c:655:9:tLivingString_sample	0	static
leaf-physical.c:673:9:tComplexLivingString_initToPool	96	static
leaf-physical.c:666:9:tComplexLivingString_init	0	static
leaf-physical.c:720:9:tComplexLivingString_free	8	static
leaf-physical.c:745:10:tComplexLivingString_setFreq	0	static
leaf-physical.c:756:10:tComplexLivingString_setWaveLength	0	static
leaf-physical.c:765:10:tComplexLivingString_setPickPos	0	static
leaf-physical.c:774:10:tComplexLivingString_setPrepPos	0	static
leaf-physical.c:783:10:tComplexLivingString_setPrepIndex	0	static
leaf-physical.c:791:10:tComplexLivingString_setDampFreq	16	static
leaf-physical.c:800:10:tComplexLivingString_setDecay	0	static
leaf-physical.c:806:10:tComplexLivingString_setTargetLev	16	static
leaf-physical.c:813:10:tComplexLivingString_setLevSmoothFactor	16	static
leaf-physical.c:820:10:tComplexLivingString_setLevStrength	16	static
leaf-physical.c:827:10:tComplexLivingString_setLevMode	16	static
leaf-physical.c:835:9:tComplexLivingString_tick	72	static
leaf-physical.c:897:9:tComplexLivingString_sample	0	static
leaf-physical.c:908:9:tReedTable_init	24	static
leaf-physical.c:913:9:tReedTable_initToPool	24	static
leaf-physical.c:923:9:tReedTable_free	0	static
leaf-physical.c:930:9:tReedTable_tick	0	static
leaf-physical.c:949:9:tReedTable_tanh_tick	0	static
leaf-physical.c:961:10:tReedTable_setOffset	0	static
leaf-physical.c:967:10:tReedTable_setSlope	0	static
