leaf-electrical.c:48:13:wdf_init	40	static
leaf-electrical.c:167:6:tWDF_init	40	static
leaf-electrical.c:172:9:tWDF_initToPool	40	static
leaf-electrical.c:180:9:tWDF_free	24	static
leaf-electrical.c:187:7:tWDF_tick	40	static
leaf-electrical.c:214:6:tWDF_setValue	24	static
leaf-electrical.c:220:6:tWDF_setSampleRate	24	static
leaf-electrical.c:226:9:tWDF_isLeaf	24	static
leaf-electrical.c:233:7:tWDF_getPortResistance	24	static
leaf-electrical.c:239:6:tWDF_setIncidentWave	32	static
leaf-electrical.c:245:7:tWDF_getReflectedWaveUp	24	static
leaf-electrical.c:251:7:tWDF_getReflectedWaveDown	32	static
leaf-electrical.c:257:7:tWDF_getVoltage	24	static
leaf-electrical.c:263:7:tWDF_getCurrent	24	static
leaf-electrical.c:273:14:get_port_resistance_for_resistor	24	static
leaf-electrical.c:283:14:get_port_resistance_for_capacitor	24	static
leaf-electrical.c:293:14:get_port_resistance_for_inductor	24	static
leaf-electrical.c:303:14:get_port_resistance_for_resistive	24	static
leaf-electrical.c:313:14:get_port_resistance_for_inverter	24	static
leaf-electrical.c:323:14:get_port_resistance_for_series	24	static
leaf-electrical.c:338:14:get_port_resistance_for_parallel	24	static
leaf-electrical.c:353:14:get_port_resistance_for_root	24	static
leaf-electrical.c:370:13:set_incident_wave_for_leaf	32	static
leaf-electrical.c:376:13:set_incident_wave_for_leaf_inverted	32	static
leaf-electrical.c:382:13:set_incident_wave_for_inverter	32	static
leaf-electrical.c:389:13:set_incident_wave_for_series	48	static
leaf-electrical.c:408:13:set_incident_wave_for_parallel	48	static
leaf-electrical.c:426:14:get_reflected_wave_for_resistor	24	static
leaf-electrical.c:433:14:get_reflected_wave_for_capacitor	24	static
leaf-electrical.c:440:14:get_reflected_wave_for_resistive	24	static
leaf-electrical.c:447:14:get_reflected_wave_for_inverter	24	static
leaf-electrical.c:454:14:get_reflected_wave_for_series	32	static
leaf-electrical.c:462:14:get_reflected_wave_for_parallel	40	static
leaf-electrical.c:473:14:get_reflected_wave_for_ideal	24	static
leaf-electrical.c:485:14:wrightOmega3	16	static
leaf-electrical.c:501:14:wrightOmegaApproximation	24	static
leaf-electrical.c:507:14:lambertW	32	static
leaf-electrical.c:514:14:get_reflected_wave_for_diode	48	static
leaf-electrical.c:523:14:get_reflected_wave_for_diode_pair	48	static
