leaf-dynamics.c:44:6:tCompressor_init	16	static
leaf-dynamics.c:49:6:tCompressor_initToPool	16	static
leaf-dynamics.c:66:6:tCompressor_free	0	static
leaf-dynamics.c:73:7:tCompressor_tick	40	static
leaf-dynamics.c:125:6:tFeedbackLeveler_init	40	static
leaf-dynamics.c:130:6:tFeedbackLeveler_initToPool	40	static
leaf-dynamics.c:143:6:tFeedbackLeveler_free	8	static
leaf-dynamics.c:151:10:tFeedbackLeveler_setStrength	0	static
leaf-dynamics.c:158:10:tFeedbackLeveler_setFactor	0	static
leaf-dynamics.c:164:10:tFeedbackLeveler_setMode	0	static
leaf-dynamics.c:170:9:tFeedbackLeveler_tick	16	static
leaf-dynamics.c:179:9:tFeedbackLeveler_sample	0	static
leaf-dynamics.c:186:10:tFeedbackLeveler_setTargetLevel	0	static
leaf-dynamics.c:194:6:tThreshold_init	24	static
leaf-dynamics.c:199:6:tThreshold_initToPool	24	static
leaf-dynamics.c:211:6:tThreshold_free	0	static
leaf-dynamics.c:218:5:tThreshold_tick	0	static
leaf-dynamics.c:234:6:tThreshold_setLow	0	static
leaf-dynamics.c:241:6:tThreshold_setHigh	0	static
