leaf-sampling.c:27:7:tBuffer_init	16	static
leaf-sampling.c:32:7:tBuffer_initToPool	32	static
leaf-sampling.c:47:7:tBuffer_free	24	static
leaf-sampling.c:55:6:tBuffer_tick	24	static
leaf-sampling.c:80:7:tBuffer_read	32	static
leaf-sampling.c:91:7:tBuffer_get	24	static
leaf-sampling.c:98:7:tBuffer_record	24	static
leaf-sampling.c:105:7:tBuffer_stop	24	static
leaf-sampling.c:111:7:tBuffer_getRecordPosition	24	static
leaf-sampling.c:117:8:tBuffer_setRecordPosition	24	static
leaf-sampling.c:123:7:tBuffer_setRecordMode	24	static
leaf-sampling.c:129:7:tBuffer_clear	24	static
leaf-sampling.c:139:10:tBuffer_getBufferLength	24	static
leaf-sampling.c:145:10:tBuffer_getRecordedLength	24	static
leaf-sampling.c:151:6:tBuffer_setRecordedLength	24	static
leaf-sampling.c:157:5:tBuffer_isActive	24	static
leaf-sampling.c:169:6:tSampler_init	16	static
leaf-sampling.c:174:6:tSampler_initToPool	40	static
leaf-sampling.c:214:6:tSampler_free	24	static
leaf-sampling.c:222:6:tSampler_setSample	24	static
leaf-sampling.c:239:7:tSampler_tick	168	static
leaf-sampling.c:502:6:tSampler_setMode	24	static
leaf-sampling.c:508:6:tSampler_setCrossfadeLength	24	static
leaf-sampling.c:517:6:tSampler_play	24	static
leaf-sampling.c:549:6:tSampler_stop	24	static
leaf-sampling.c:558:13:handleStartEndChange	24	static
leaf-sampling.c:576:13:attemptStartEndChange	24	static
leaf-sampling.c:591:6:tSampler_setStart	40	static
leaf-sampling.c:661:6:tSampler_setEnd	40	static
leaf-sampling.c:731:9:tSampler_setLength	24	static
leaf-sampling.c:738:6:tSampler_setRate	24	static
leaf-sampling.c:758:9:tAutoSampler_init	16	static
leaf-sampling.c:763:9:tAutoSampler_initToPool	32	static
leaf-sampling.c:775:9:tAutoSampler_free	24	static
leaf-sampling.c:785:9:tAutoSampler_tick	24	static
leaf-sampling.c:828:9:tAutoSampler_setBuffer	32	static
leaf-sampling.c:837:9:tAutoSampler_setMode	24	static
leaf-sampling.c:843:9:tAutoSampler_play	24	static
leaf-sampling.c:848:9:tAutoSampler_stop	24	static
leaf-sampling.c:854:9:tAutoSampler_setThreshold	24	static
leaf-sampling.c:860:9:tAutoSampler_setWindowSize	24	static
leaf-sampling.c:868:9:tAutoSampler_setCrossfadeLength	24	static
leaf-sampling.c:874:9:tAutoSampler_setRate	16	static
