leaf-filters.c:25:9:tAllpass_init	32	static
leaf-filters.c:30:9:tAllpass_initToPool	32	static
leaf-filters.c:43:9:tAllpass_free	8	static
leaf-filters.c:51:9:tAllpass_setDelay	0	static
leaf-filters.c:58:9:tAllpass_setGain	0	static
leaf-filters.c:65:9:tAllpass_tick	16	static
leaf-filters.c:79:9:tOnePole_init	32	static
leaf-filters.c:84:9:tOnePole_initToPool	32	static
leaf-filters.c:99:9:tOnePole_free	0	static
leaf-filters.c:106:9:tOnePole_setB0	0	static
leaf-filters.c:112:9:tOnePole_setA1	0	static
leaf-filters.c:119:9:tOnePole_setPole	0	static
leaf-filters.c:132:13:tOnePole_setFreq	8	static
leaf-filters.c:142:9:tOnePole_setCoefficients	0	static
leaf-filters.c:150:9:tOnePole_setGain	0	static
leaf-filters.c:156:9:tOnePole_tick	0	static
leaf-filters.c:170:9:tTwoPole_init	16	static
leaf-filters.c:175:9:tTwoPole_initToPool	16	static
leaf-filters.c:189:9:tTwoPole_free	0	static
leaf-filters.c:196:9:tTwoPole_tick	0	static
leaf-filters.c:209:9:tTwoPole_setB0	0	static
leaf-filters.c:215:9:tTwoPole_setA1	0	static
leaf-filters.c:221:9:tTwoPole_setA2	0	static
leaf-filters.c:228:9:tTwoPole_setResonance	32	static
leaf-filters.c:257:9:tTwoPole_setCoefficients	0	static
leaf-filters.c:265:9:tTwoPole_setGain	0	static
leaf-filters.c:271:10:tTwoPoleSampleRateChanged	24	static
leaf-filters.c:291:9:tOneZero_init	24	static
leaf-filters.c:296:9:tOneZero_initToPool	24	static
leaf-filters.c:308:9:tOneZero_free	0	static
leaf-filters.c:315:9:tOneZero_tick	0	static
leaf-filters.c:327:9:tOneZero_setZero	0	static
leaf-filters.c:338:9:tOneZero_setB0	0	static
leaf-filters.c:345:9:tOneZero_setB1	0	static
leaf-filters.c:351:9:tOneZero_setCoefficients	0	static
leaf-filters.c:358:9:tOneZero_setGain	0	static
leaf-filters.c:364:9:tOneZero_getPhaseDelay	24	static
leaf-filters.c:396:9:tTwoZero_init	16	static
leaf-filters.c:401:9:tTwoZero_initToPool	16	static
leaf-filters.c:412:9:tTwoZero_free	0	static
leaf-filters.c:419:9:tTwoZero_tick	0	static
leaf-filters.c:432:9:tTwoZero_setNotch	16	static
leaf-filters.c:457:9:tTwoZero_setB0	0	static
leaf-filters.c:463:9:tTwoZero_setB1	0	static
leaf-filters.c:469:9:tTwoZero_setCoefficients	0	static
leaf-filters.c:477:9:tTwoZero_setGain	0	static
leaf-filters.c:483:6:tTwoZeroSampleRateChanged	16	static
leaf-filters.c:491:8:tPoleZero_init	16	static
leaf-filters.c:496:9:tPoleZero_initToPool	16	static
leaf-filters.c:510:9:tPoleZero_free	0	static
leaf-filters.c:517:9:tPoleZero_setB0	0	static
leaf-filters.c:523:9:tPoleZero_setB1	0	static
leaf-filters.c:529:9:tPoleZero_setA1	0	static
leaf-filters.c:541:9:tPoleZero_setCoefficients	0	static
leaf-filters.c:555:9:tPoleZero_setAllpass	0	static
leaf-filters.c:570:9:tPoleZero_setBlockZero	0	static
leaf-filters.c:585:9:tPoleZero_setGain	0	static
leaf-filters.c:591:9:tPoleZero_tick	0	static
leaf-filters.c:605:9:tBiQuad_init	16	static
leaf-filters.c:610:9:tBiQuad_initToPool	16	static
leaf-filters.c:627:9:tBiQuad_free	0	static
leaf-filters.c:634:9:tBiQuad_tick	0	static
leaf-filters.c:651:9:tBiQuad_setResonance	32	static
leaf-filters.c:677:9:tBiQuad_setNotch	16	static
leaf-filters.c:693:6:tBiQuad_setEqualGainZeros	4	static
leaf-filters.c:701:9:tBiQuad_setB0	0	static
leaf-filters.c:707:9:tBiQuad_setB1	0	static
leaf-filters.c:713:9:tBiQuad_setB2	0	static
leaf-filters.c:719:9:tBiQuad_setA1	0	static
leaf-filters.c:725:9:tBiQuad_setA2	0	static
leaf-filters.c:731:9:tBiQuad_setCoefficients	0	static
leaf-filters.c:741:9:tBiQuad_setGain	0	static
leaf-filters.c:747:9:tBiQuadSampleRateChanged	16	static
leaf-filters.c:765:6:tSVF_init	32	static
leaf-filters.c:776:9:tSVF_initToPool	32	static
leaf-filters.c:842:9:tSVF_free	0	static
leaf-filters.c:849:9:tSVF_tick	0	static
leaf-filters.c:868:10:tSVF_setFreq	16	static
leaf-filters.c:880:10:tSVF_setQ	0	static
leaf-filters.c:891:9:tSVF_setFreqAndQ	24	static
leaf-filters.c:905:8:tEfficientSVF_init	32	static
leaf-filters.c:910:9:tEfficientSVF_initToPool	32	static
leaf-filters.c:928:9:tEfficientSVF_free	0	static
leaf-filters.c:935:9:tEfficientSVF_tick	0	static
leaf-filters.c:955:10:tEfficientSVF_setFreq	0	static
leaf-filters.c:965:10:tEfficientSVF_setQ	0	static
leaf-filters.c:976:9:tHighpass_init	24	static
leaf-filters.c:981:9:tHighpass_initToPool	24	static
leaf-filters.c:996:9:tHighpass_free	0	static
leaf-filters.c:1003:10:tHighpass_setFreq	0	static
leaf-filters.c:1013:11:tHighpass_getFreq	0	static
leaf-filters.c:1020:9:tHighpass_tick	0	static
leaf-filters.c:1028:6:tHighpassSampleRateChanged	0	static
leaf-filters.c:1041:9:tButterworth_initToPool	72	static
leaf-filters.c:1036:6:tButterworth_init	0	static
leaf-filters.c:1062:9:tButterworth_free	24	static
leaf-filters.c:1075:7:tButterworth_tick	4	static
leaf-filters.c:1087:6:tButterworth_setF1	48	static
leaf-filters.c:1095:6:tButterworth_setF2	48	static
leaf-filters.c:1103:6:tButterworth_setFreqs	56	static
leaf-filters.c:1116:9:tFIR_init	24	static
leaf-filters.c:1121:9:tFIR_initToPool	24	static
leaf-filters.c:1133:9:tFIR_free	8	static
leaf-filters.c:1141:9:tFIR_tick	4	static
leaf-filters.c:1158:9:tMedianFilter_init	24	static
leaf-filters.c:1163:9:tMedianFilter_initToPool	24	static
leaf-filters.c:1182:9:tMedianFilter_free	8	static
leaf-filters.c:1191:9:tMedianFilter_tick	12	static
leaf-filters.c:1232:9:tVZFilter_init	40	static
leaf-filters.c:1237:9:tVZFilter_initToPool	40	static
leaf-filters.c:1258:9:tVZFilter_free	0	static
leaf-filters.c:1264:9:tVZFilter_setSampleRate	0	static
leaf-filters.c:1271:9:tVZFilter_tick	32	static
leaf-filters.c:1302:9:tVZFilter_tickEfficient	0	static
leaf-filters.c:1334:8:tVZFilter_calcCoeffs	32	static
leaf-filters.c:1439:8:tVZFilter_calcCoeffsEfficientBP	24	static
leaf-filters.c:1452:8:tVZFilter_setBandwidth	32	static
leaf-filters.c:1458:8:tVZFilter_setFreq	32	static
leaf-filters.c:1466:8:tVZFilter_setFreqAndBandwidth	32	static
leaf-filters.c:1476:8:tVZFilter_setFreqAndBandwidthEfficientBP	32	static
leaf-filters.c:1488:8:tVZFilter_setGain	32	static
leaf-filters.c:1498:8:tVZFilter_setMorph	32	static
leaf-filters.c:1505:6:tVZFilter_setType	32	static
leaf-filters.c:1512:7:tVZFilter_BandwidthToR	8	static
leaf-filters.c:1523:7:tVZFilter_BandwidthToREfficientBP	16	static
leaf-filters.c:1537:9:tDiodeFilter_init	24	static
leaf-filters.c:1542:9:tDiodeFilter_initToPool	24	static
leaf-filters.c:1566:9:tDiodeFilter_free	0	static
leaf-filters.c:1572:7:tanhXdX	0	static
leaf-filters.c:1587:9:tDiodeFilter_tick	40	static
leaf-filters.c:1665:9:tDiodeFilter_setFreq	16	static
leaf-filters.c:1674:9:tDiodeFilter_setQ	8	static
