leaf-delay.c:22:9:tDelay_init	24	static
leaf-delay.c:27:9:tDelay_initToPool	24	static
leaf-delay.c:50:6:tDelay_free	8	static
leaf-delay.c:58:9:tDelay_clear	0	static
leaf-delay.c:67:9:tDelay_tick	4	static
leaf-delay.c:83:10:tDelay_setDelay	16	static
leaf-delay.c:94:7:tDelay_tapOut	0	static
leaf-delay.c:107:6:tDelay_tapIn	0	static
leaf-delay.c:119:7:tDelay_addTo	0	static
leaf-delay.c:131:12:tDelay_getDelay	0	static
leaf-delay.c:137:9:tDelay_getLastOut	0	static
leaf-delay.c:143:9:tDelay_getLastIn	0	static
leaf-delay.c:149:6:tDelay_setGain	0	static
leaf-delay.c:156:7:tDelay_getGain	0	static
leaf-delay.c:163:8:tLinearDelay_init	32	static
leaf-delay.c:168:6:tLinearDelay_initToPool	32	static
leaf-delay.c:193:6:tLinearDelay_free	8	static
leaf-delay.c:201:9:tLinearDelay_clear	0	static
leaf-delay.c:210:9:tLinearDelay_tick	4	static
leaf-delay.c:234:8:tLinearDelay_tickIn	0	static
leaf-delay.c:244:9:tLinearDelay_tickOut	4	static
leaf-delay.c:263:10:tLinearDelay_setDelay	8	static
leaf-delay.c:282:7:tLinearDelay_tapOut	0	static
leaf-delay.c:293:6:tLinearDelay_tapIn	0	static
leaf-delay.c:305:7:tLinearDelay_addTo	0	static
leaf-delay.c:317:9:tLinearDelay_getDelay	0	static
leaf-delay.c:323:9:tLinearDelay_getLastOut	0	static
leaf-delay.c:329:9:tLinearDelay_getLastIn	0	static
leaf-delay.c:335:6:tLinearDelay_setGain	0	static
leaf-delay.c:342:7:tLinearDelay_getGain	0	static
leaf-delay.c:351:6:tHermiteDelay_init	32	static
leaf-delay.c:356:6:tHermiteDelay_initToPool	32	static
leaf-delay.c:400:6:tHermiteDelay_free	8	static
leaf-delay.c:409:9:tHermiteDelay_clear	0	static
leaf-delay.c:418:9:tHermiteDelay_tick	24	static
leaf-delay.c:442:8:tHermiteDelay_tickIn	0	static
leaf-delay.c:452:9:tHermiteDelay_tickOut	16	static
leaf-delay.c:472:6:tHermiteDelay_setDelay	0	static
leaf-delay.c:489:7:tHermiteDelay_tapOut	0	static
leaf-delay.c:499:9:tHermiteDelay_tapOutInterpolated	8	static
leaf-delay.c:512:6:tHermiteDelay_tapIn	0	static
leaf-delay.c:521:7:tHermiteDelay_addTo	0	static
leaf-delay.c:530:9:tHermiteDelay_getDelay	0	static
leaf-delay.c:536:9:tHermiteDelay_getLastOut	0	static
leaf-delay.c:542:9:tHermiteDelay_getLastIn	0	static
leaf-delay.c:548:6:tHermiteDelay_setGain	0	static
leaf-delay.c:555:7:tHermiteDelay_getGain	0	static
leaf-delay.c:566:6:tAllpassDelay_init	32	static
leaf-delay.c:571:6:tAllpassDelay_initToPool	32	static
leaf-delay.c:598:6:tAllpassDelay_free	8	static
leaf-delay.c:606:6:tAllpassDelay_clear	0	static
leaf-delay.c:615:7:tAllpassDelay_tick	4	static
leaf-delay.c:638:10:tAllpassDelay_setDelay	8	static
leaf-delay.c:670:7:tAllpassDelay_tapOut	0	static
leaf-delay.c:683:6:tAllpassDelay_tapIn	0	static
leaf-delay.c:695:7:tAllpassDelay_addTo	0	static
leaf-delay.c:707:9:tAllpassDelay_getDelay	0	static
leaf-delay.c:713:9:tAllpassDelay_getLastOut	0	static
leaf-delay.c:719:9:tAllpassDelay_getLastIn	0	static
leaf-delay.c:725:6:tAllpassDelay_setGain	0	static
leaf-delay.c:732:7:tAllpassDelay_getGain	0	static
leaf-delay.c:739:6:tTapeDelay_init	32	static
leaf-delay.c:744:6:tTapeDelay_initToPool	32	static
leaf-delay.c:766:6:tTapeDelay_free	8	static
leaf-delay.c:774:6:tTapeDelay_clear	0	static
leaf-delay.c:785:9:tTapeDelay_tick	24	static
leaf-delay.c:817:7:tTapeDelay_incrementInPoint	0	static
leaf-delay.c:825:6:tTapeDelay_setRate	0	static
leaf-delay.c:831:10:tTapeDelay_setDelay	8	static
leaf-delay.c:837:7:tTapeDelay_tapOut	16	static
leaf-delay.c:860:6:tTapeDelay_tapIn	0	static
leaf-delay.c:872:7:tTapeDelay_addTo	0	static
leaf-delay.c:884:9:tTapeDelay_getDelay	0	static
leaf-delay.c:890:9:tTapeDelay_getLastOut	0	static
leaf-delay.c:896:9:tTapeDelay_getLastIn	0	static
leaf-delay.c:902:6:tTapeDelay_setGain	0	static
leaf-delay.c:909:7:tTapeDelay_getGain	0	static
leaf-delay.c:917:9:tRingBuffer_init	24	static
leaf-delay.c:922:9:tRingBuffer_initToPool	24	static
leaf-delay.c:937:9:tRingBuffer_free	8	static
leaf-delay.c:945:8:tRingBuffer_push	0	static
leaf-delay.c:954:9:tRingBuffer_getNewest	0	static
leaf-delay.c:961:9:tRingBuffer_getOldest	0	static
leaf-delay.c:968:9:tRingBuffer_get	0	static
leaf-delay.c:975:9:tRingBuffer_getSize	0	static
