leaf-distortion.c:25:6:tSampleReducer_init	16	static
leaf-distortion.c:30:6:tSampleReducer_initToPool	16	static
leaf-distortion.c:41:6:tSampleReducer_free	0	static
leaf-distortion.c:48:7:tSampleReducer_tick	0	static
leaf-distortion.c:62:6:tSampleReducer_setRatio	0	static
leaf-distortion.c:75:6:tOversampler_init	32	static
leaf-distortion.c:80:6:tOversampler_initToPool	32	static
leaf-distortion.c:104:6:tOversampler_free	8	static
leaf-distortion.c:127:6:tOversampler_upsample	24	static
leaf-distortion.c:113:7:tOversampler_tick	32	static
leaf-distortion.c:226:7:tOversampler_downsample	16	static
leaf-distortion.c:312:9:tOversampler_setRatio	16	static
leaf-distortion.c:330:9:tOversampler_setQuality	16	static
leaf-distortion.c:347:5:tOversampler_getLatency	0	static
leaf-distortion.c:362:6:tLockhartWavefolder_init	32	static
leaf-distortion.c:367:6:tLockhartWavefolder_initToPool	32	static
leaf-distortion.c:412:6:tLockhartWavefolder_free	0	static
leaf-distortion.c:421:8:tLockhartWavefolderLambert	56	static
leaf-distortion.c:508:7:tLockhartWavefolder_tick	80	static
leaf-distortion.c:604:6:tCrusher_init	24	static
leaf-distortion.c:609:6:tCrusher_initToPool	24	static
leaf-distortion.c:623:6:tCrusher_free	8	static
leaf-distortion.c:631:7:tCrusher_tick	8	static
leaf-distortion.c:655:9:tCrusher_setOperation	0	static
leaf-distortion.c:662:9:tCrusher_setQuality	8	static
leaf-distortion.c:674:9:tCrusher_setRound	0	static
leaf-distortion.c:680:9:tCrusher_setSamplingRatio	0	static
