leaf-electrical.c:274:14:get_port_resistance_for_resistor	0	static
leaf-electrical.c:284:14:get_port_resistance_for_capacitor	0	static
leaf-electrical.c:294:14:get_port_resistance_for_inductor	0	static
leaf-electrical.c:314:14:get_port_resistance_for_inverter	8	static
leaf-electrical.c:324:14:get_port_resistance_for_series	8	static
leaf-electrical.c:339:14:get_port_resistance_for_parallel	8	static
leaf-electrical.c:354:14:get_port_resistance_for_root	8	static
leaf-electrical.c:371:13:set_incident_wave_for_leaf	0	static
leaf-electrical.c:377:13:set_incident_wave_for_leaf_inverted	0	static
leaf-electrical.c:383:13:set_incident_wave_for_inverter	0	static
leaf-electrical.c:390:13:set_incident_wave_for_series	32	static
leaf-electrical.c:409:13:set_incident_wave_for_parallel	40	static
leaf-electrical.c:427:14:get_reflected_wave_for_resistor	0	static
leaf-electrical.c:434:14:get_reflected_wave_for_capacitor	0	static
leaf-electrical.c:441:14:get_reflected_wave_for_resistive	0	static
leaf-electrical.c:448:14:get_reflected_wave_for_inverter	8	static
leaf-electrical.c:455:14:get_reflected_wave_for_series	16	static
leaf-electrical.c:463:14:get_reflected_wave_for_parallel	32	static
leaf-electrical.c:474:14:get_reflected_wave_for_ideal	0	static
leaf-electrical.c:524:14:get_reflected_wave_for_diode_pair	32	static
leaf-electrical.c:304:14:get_port_resistance_for_resistive	0	static
leaf-electrical.c:515:14:get_reflected_wave_for_diode	24	static
leaf-electrical.c:168:6:tWDF_init	32	static
leaf-electrical.c:173:9:tWDF_initToPool	32	static
leaf-electrical.c:181:9:tWDF_free	0	static
leaf-electrical.c:188:7:tWDF_tick	32	static
leaf-electrical.c:215:6:tWDF_setValue	0	static
leaf-electrical.c:221:6:tWDF_setSampleRate	0	static
leaf-electrical.c:227:9:tWDF_isLeaf	0	static
leaf-electrical.c:234:7:tWDF_getPortResistance	0	static
leaf-electrical.c:240:6:tWDF_setIncidentWave	0	static
leaf-electrical.c:246:7:tWDF_getReflectedWaveUp	0	static
leaf-electrical.c:252:7:tWDF_getReflectedWaveDown	0	static
leaf-electrical.c:258:7:tWDF_getVoltage	0	static
leaf-electrical.c:264:7:tWDF_getCurrent	0	static
