leaf-analysis.c:25:9:tEnvelopeFollower_init	24	static
leaf-analysis.c:30:9:tEnvelopeFollower_initToPool	24	static
leaf-analysis.c:41:9:tEnvelopeFollower_free	0	static
leaf-analysis.c:48:9:tEnvelopeFollower_tick	0	static
leaf-analysis.c:67:9:tEnvelopeFollower_setDecayCoefficient	0	static
leaf-analysis.c:73:9:tEnvelopeFollower_setAttackThreshold	0	static
leaf-analysis.c:85:9:tZeroCrossingCounter_init	24	static
leaf-analysis.c:90:9:tZeroCrossingCounter_initToPool	24	static
leaf-analysis.c:106:9:tZeroCrossingCounter_free	8	static
leaf-analysis.c:116:9:tZeroCrossingCounter_tick	8	static
leaf-analysis.c:155:9:tZeroCrossingCounter_setWindowSize	0	static
leaf-analysis.c:176:9:tPowerFollower_init	24	static
leaf-analysis.c:181:9:tPowerFollower_initToPool	24	static
leaf-analysis.c:192:9:tPowerFollower_free	0	static
leaf-analysis.c:199:9:tPowerFollower_setFactor	0	static
leaf-analysis.c:210:9:tPowerFollower_tick	0	static
leaf-analysis.c:217:9:tPowerFollower_sample	0	static
leaf-analysis.c:235:9:tEnvPD_initToPool	64	static
leaf-analysis.c:230:6:tEnvPD_init	16	static
leaf-analysis.c:279:6:tEnvPD_free	0	static
leaf-analysis.c:286:7:tEnvPD_tick	0	static
leaf-analysis.c:292:6:tEnvPD_processBlock	32	static
leaf-analysis.c:338:6:tAttackDetection_init	40	static
leaf-analysis.c:343:6:tAttackDetection_initToPool	32	static
leaf-analysis.c:352:6:tAttackDetection_free	0	static
leaf-analysis.c:362:6:tAttackDetection_setBlocksize	0	static
leaf-analysis.c:374:6:tAttackDetection_setSamplerate	24	static
leaf-analysis.c:385:6:tAttackDetection_setThreshold	0	static
leaf-analysis.c:391:6:tAttackDetection_setAttack	8	static
leaf-analysis.c:398:6:tAttackDetection_setRelease	8	static
leaf-analysis.c:406:5:tAttackDetection_detect	16	static
leaf-analysis.c:488:9:tSNAC_initToPool	40	static
leaf-analysis.c:483:6:tSNAC_init	0	static
leaf-analysis.c:511:6:tSNAC_free	8	static
leaf-analysis.c:527:6:tSNAC_ioSamples	88	static
leaf-analysis.c:549:6:tSNAC_setOverlap	0	static
leaf-analysis.c:557:6:tSNAC_setBias	32	static
leaf-analysis.c:568:6:tSNAC_setMinRMS	0	static
leaf-analysis.c:578:7:tSNAC_getPeriod	0	static
leaf-analysis.c:585:7:tSNAC_getFidelity	0	static
leaf-analysis.c:834:6:tPeriodDetection_init	56	static
leaf-analysis.c:839:6:tPeriodDetection_initToPool	56	static
leaf-analysis.c:870:6:tPeriodDetection_free	16	static
leaf-analysis.c:879:7:tPeriodDetection_tick	16	static
leaf-analysis.c:917:7:tPeriodDetection_getPeriod	0	static
leaf-analysis.c:923:6:tPeriodDetection_setHopSize	0	static
leaf-analysis.c:929:6:tPeriodDetection_setWindowSize	0	static
leaf-analysis.c:935:6:tPeriodDetection_setFidelityThreshold	0	static
leaf-analysis.c:941:6:tPeriodDetection_setAlpha	8	static
leaf-analysis.c:947:6:tPeriodDetection_setTolerance	0	static
leaf-analysis.c:955:9:tZeroCrossingInfo_init	16	static
leaf-analysis.c:960:9:tZeroCrossingInfo_initToPool	16	static
leaf-analysis.c:971:9:tZeroCrossingInfo_free	0	static
leaf-analysis.c:978:9:tZeroCrossingInfo_updatePeak	0	static
leaf-analysis.c:987:9:tZeroCrossingInfo_period	0	static
leaf-analysis.c:995:9:tZeroCrossingInfo_fractionalPeriod	0	static
leaf-analysis.c:1017:9:tZeroCrossingInfo_getWidth	0	static
leaf-analysis.c:1024:9:tZeroCrossingInfo_isSimilar	0	static
leaf-analysis.c:1046:9:tZeroCrossingCollector_initToPool	40	static
leaf-analysis.c:1041:9:tZeroCrossingCollector_init	0	static
leaf-analysis.c:1078:9:tZeroCrossingCollector_free	0	static
leaf-analysis.c:1085:9:tZeroCrossingCollector_tick	16	static
leaf-analysis.c:1116:9:tZeroCrossingCollector_getState	0	static
leaf-analysis.c:1123:25:tZeroCrossingCollector_getCrossing	4	static
leaf-analysis.c:1131:9:tZeroCrossingCollector_getNumEdges	0	static
leaf-analysis.c:1138:9:tZeroCrossingCollector_getCapacity	0	static
leaf-analysis.c:1145:9:tZeroCrossingCollector_getFrame	0	static
leaf-analysis.c:1152:9:tZeroCrossingCollector_getWindowSize	0	static
leaf-analysis.c:1159:9:tZeroCrossingCollector_isReady	0	static
leaf-analysis.c:1166:9:tZeroCrossingCollector_getPeak	0	static
leaf-analysis.c:1173:9:tZeroCrossingCollector_isReset	0	static
leaf-analysis.c:1263:9:tBitset_init	24	static
leaf-analysis.c:1268:9:tBitset_initToPool	24	static
leaf-analysis.c:1286:9:tBitset_free	8	static
leaf-analysis.c:1294:9:tBitset_get	4	static
leaf-analysis.c:1306:17:tBitset_getData	0	static
leaf-analysis.c:1313:10:tBitset_set	8	static
leaf-analysis.c:1325:10:tBitset_setMultiple	16	static
leaf-analysis.c:1396:9:tBitset_getSize	0	static
leaf-analysis.c:1403:9:tBitset_clear	0	static
leaf-analysis.c:1413:9:tBACF_init	16	static
leaf-analysis.c:1418:9:tBACF_initToPool	16	static
leaf-analysis.c:1428:9:tBACF_free	0	static
leaf-analysis.c:1435:8:tBACF_getCorrelation	40	static
leaf-analysis.c:1483:9:tBACF_set	0	static
leaf-analysis.c:1502:9:tPeriodDetector_init	40	static
leaf-analysis.c:1507:9:tPeriodDetector_initToPool	40	static
leaf-analysis.c:1530:9:tPeriodDetector_free	16	static
leaf-analysis.c:1541:7:tPeriodDetector_tick	184	static
leaf-analysis.c:1570:9:tPeriodDetector_getPeriod	0	static
leaf-analysis.c:1577:9:tPeriodDetector_getPeriodicity	0	static
leaf-analysis.c:1584:9:tPeriodDetector_harmonic	48	static
leaf-analysis.c:1604:9:tPeriodDetector_predictPeriod	32	static
leaf-analysis.c:1636:9:tPeriodDetector_isReady	0	static
leaf-analysis.c:1838:9:tPitchDetector_init	48	static
leaf-analysis.c:1843:9:tPitchDetector_initToPool	48	static
leaf-analysis.c:1854:9:tPitchDetector_free	16	static
leaf-analysis.c:1862:9:tPitchDetector_tick	48	static
leaf-analysis.c:1899:9:tPitchDetector_getFrequency	0	static
leaf-analysis.c:1906:9:tPitchDetector_getPeriodicity	0	static
leaf-analysis.c:1913:9:tPitchDetector_harmonic	48	static
leaf-analysis.c:1920:9:tPitchDetector_predictFrequency	40	static
leaf-analysis.c:1945:9:tPitchDetector_reset	0	static
