leaf-dynamics.c:44:6:tCompressor_init	24	static
leaf-dynamics.c:49:6:tCompressor_initToPool	24	static
leaf-dynamics.c:69:6:tCompressor_free	0	static
leaf-dynamics.c:76:7:tCompressor_tick	32	static
leaf-dynamics.c:127:6:tFeedbackLeveler_init	40	static
leaf-dynamics.c:132:6:tFeedbackLeveler_initToPool	40	static
leaf-dynamics.c:145:6:tFeedbackLeveler_free	8	static
leaf-dynamics.c:153:10:tFeedbackLeveler_setStrength	0	static
leaf-dynamics.c:160:10:tFeedbackLeveler_setFactor	0	static
leaf-dynamics.c:166:10:tFeedbackLeveler_setMode	0	static
leaf-dynamics.c:172:9:tFeedbackLeveler_tick	16	static
leaf-dynamics.c:181:9:tFeedbackLeveler_sample	0	static
leaf-dynamics.c:188:10:tFeedbackLeveler_setTargetLevel	0	static
leaf-dynamics.c:196:6:tThreshold_init	24	static
leaf-dynamics.c:201:6:tThreshold_initToPool	24	static
leaf-dynamics.c:213:6:tThreshold_free	0	static
leaf-dynamics.c:220:5:tThreshold_tick	0	static
leaf-dynamics.c:236:6:tThreshold_setLow	0	static
leaf-dynamics.c:243:6:tThreshold_setHigh	0	static
