leaf-electrical.c:284:14:get_port_resistance_for_resistor	0	static
leaf-electrical.c:294:14:get_port_resistance_for_capacitor	0	static
leaf-electrical.c:304:14:get_port_resistance_for_inductor	0	static
leaf-electrical.c:324:14:get_port_resistance_for_inverter	8	static
leaf-electrical.c:334:14:get_port_resistance_for_series	8	static
leaf-electrical.c:349:14:get_port_resistance_for_parallel	8	static
leaf-electrical.c:364:14:get_port_resistance_for_root	8	static
leaf-electrical.c:381:13:set_incident_wave_for_leaf	0	static
leaf-electrical.c:387:13:set_incident_wave_for_leaf_inverted	0	static
leaf-electrical.c:393:13:set_incident_wave_for_inverter	0	static
leaf-electrical.c:400:13:set_incident_wave_for_series	32	static
leaf-electrical.c:419:13:set_incident_wave_for_parallel	40	static
leaf-electrical.c:437:14:get_reflected_wave_for_resistor	0	static
leaf-electrical.c:444:14:get_reflected_wave_for_capacitor	0	static
leaf-electrical.c:451:14:get_reflected_wave_for_resistive	0	static
leaf-electrical.c:458:14:get_reflected_wave_for_inverter	8	static
leaf-electrical.c:465:14:get_reflected_wave_for_series	16	static
leaf-electrical.c:473:14:get_reflected_wave_for_parallel	32	static
leaf-electrical.c:484:14:get_reflected_wave_for_ideal	0	static
leaf-electrical.c:534:14:get_reflected_wave_for_diode_pair	32	static
leaf-electrical.c:314:14:get_port_resistance_for_resistive	0	static
leaf-electrical.c:525:14:get_reflected_wave_for_diode	24	static
leaf-electrical.c:168:6:tWDF_init	32	static
leaf-electrical.c:173:9:tWDF_initToPool	32	static
leaf-electrical.c:181:9:tWDF_free	0	static
leaf-electrical.c:188:7:tWDF_tick	32	static
leaf-electrical.c:215:6:tWDF_setValue	0	static
leaf-electrical.c:221:6:tWDF_setSampleRate	0	static
leaf-electrical.c:237:9:tWDF_isLeaf	0	static
leaf-electrical.c:244:7:tWDF_getPortResistance	0	static
leaf-electrical.c:250:6:tWDF_setIncidentWave	0	static
leaf-electrical.c:256:7:tWDF_getReflectedWaveUp	0	static
leaf-electrical.c:262:7:tWDF_getReflectedWaveDown	0	static
leaf-electrical.c:268:7:tWDF_getVoltage	0	static
leaf-electrical.c:274:7:tWDF_getCurrent	0	static
