leaf-sampling.c:27:7:tBuffer_init	24	static
leaf-sampling.c:32:7:tBuffer_initToPool	24	static
leaf-sampling.c:49:7:tBuffer_free	8	static
leaf-sampling.c:57:6:tBuffer_tick	0	static
leaf-sampling.c:82:7:tBuffer_read	12	static
leaf-sampling.c:93:7:tBuffer_get	0	static
leaf-sampling.c:100:7:tBuffer_record	0	static
leaf-sampling.c:107:7:tBuffer_stop	0	static
leaf-sampling.c:113:7:tBuffer_getRecordPosition	0	static
leaf-sampling.c:119:8:tBuffer_setRecordPosition	0	static
leaf-sampling.c:125:7:tBuffer_setRecordMode	0	static
leaf-sampling.c:131:7:tBuffer_clear	0	static
leaf-sampling.c:141:6:tBuffer_setBuffer	4	static
leaf-sampling.c:152:10:tBuffer_getBufferLength	0	static
leaf-sampling.c:158:10:tBuffer_getRecordedLength	0	static
leaf-sampling.c:164:6:tBuffer_setRecordedLength	0	static
leaf-sampling.c:170:5:tBuffer_isActive	0	static
leaf-sampling.c:182:6:tSampler_init	40	static
leaf-sampling.c:187:6:tSampler_initToPool	40	static
leaf-sampling.c:244:6:tSampler_free	8	static
leaf-sampling.c:252:6:tSampler_setSample	4	static
leaf-sampling.c:809:6:tSampler_setMode	0	static
leaf-sampling.c:815:6:tSampler_setCrossfadeLength	8	static
leaf-sampling.c:824:6:tSampler_play	8	static
leaf-sampling.c:865:6:tSampler_stop	0	static
leaf-sampling.c:907:6:tSampler_setStart	24	static
leaf-sampling.c:977:6:tSampler_setEnd	24	static
leaf-sampling.c:529:7:tSampler_tickStereo	120	static
leaf-sampling.c:270:7:tSampler_tick	80	static
leaf-sampling.c:1047:9:tSampler_setLength	24	static
leaf-sampling.c:1054:6:tSampler_setRate	0	static
leaf-sampling.c:1074:6:tSampler_setSampleRate	0	static
leaf-sampling.c:1087:9:tAutoSampler_init	48	static
leaf-sampling.c:1092:9:tAutoSampler_initToPool	48	static
leaf-sampling.c:1104:9:tAutoSampler_free	16	static
leaf-sampling.c:1114:9:tAutoSampler_tick	32	static
leaf-sampling.c:1157:9:tAutoSampler_setBuffer	4	static
leaf-sampling.c:1166:9:tAutoSampler_setMode	0	static
leaf-sampling.c:1172:9:tAutoSampler_play	8	static
leaf-sampling.c:1177:9:tAutoSampler_stop	0	static
leaf-sampling.c:1183:9:tAutoSampler_setThreshold	0	static
leaf-sampling.c:1189:9:tAutoSampler_setWindowSize	0	static
leaf-sampling.c:1197:9:tAutoSampler_setCrossfadeLength	8	static
leaf-sampling.c:1203:9:tAutoSampler_setRate	0	static
leaf-sampling.c:1208:9:tAutoSampler_setSampleRate	0	static
leaf-sampling.c:1215:6:tMBSampler_init	40	static
leaf-sampling.c:1220:6:tMBSampler_initToPool	40	static
leaf-sampling.c:1248:6:tMBSampler_free	8	static
leaf-sampling.c:1257:6:tMBSampler_setSample	0	static
leaf-sampling.c:1269:7:tMBSampler_tick	64	static
leaf-sampling.c:1510:6:tMBSampler_setMode	0	static
leaf-sampling.c:1516:6:tMBSampler_play	8	static
leaf-sampling.c:1531:6:tMBSampler_stop	8	static
leaf-sampling.c:1539:6:tMBSampler_setStart	0	static
leaf-sampling.c:1548:6:tMBSampler_setEnd	0	static
leaf-sampling.c:1558:9:tMBSampler_setLength	0	static
leaf-sampling.c:1564:6:tMBSampler_setRate	0	static
