leaf-oscillators.c:21:9:tCycle_init	16	static
leaf-oscillators.c:26:9:tCycle_initToPool	16	static
leaf-oscillators.c:38:9:tCycle_free	0	static
leaf-oscillators.c:45:10:tCycle_setFreq	0	static
leaf-oscillators.c:58:9:tCycle_tick	0	static
leaf-oscillators.c:84:10:tCycle_setSampleRate	0	static
leaf-oscillators.c:96:8:tTriangle_init	16	static
leaf-oscillators.c:101:9:tTriangle_initToPool	16	static
leaf-oscillators.c:114:9:tTriangle_free	0	static
leaf-oscillators.c:121:6:tTriangle_setFreq	8	static
leaf-oscillators.c:141:9:tTriangle_tick	8	static
leaf-oscillators.c:177:10:tTriangle_setSampleRate	8	static
leaf-oscillators.c:189:8:tSquare_init	16	static
leaf-oscillators.c:194:9:tSquare_initToPool	16	static
leaf-oscillators.c:207:9:tSquare_free	0	static
leaf-oscillators.c:214:9:tSquare_setFreq	8	static
leaf-oscillators.c:233:9:tSquare_tick	8	static
leaf-oscillators.c:269:10:tSquare_setSampleRate	8	static
leaf-oscillators.c:281:9:tSawtooth_init	16	static
leaf-oscillators.c:286:9:tSawtooth_initToPool	16	static
leaf-oscillators.c:299:9:tSawtooth_free	0	static
leaf-oscillators.c:306:9:tSawtooth_setFreq	8	static
leaf-oscillators.c:325:9:tSawtooth_tick	8	static
leaf-oscillators.c:361:10:tSawtooth_setSampleRate	8	static
leaf-oscillators.c:373:9:tPBTriangle_init	16	static
leaf-oscillators.c:378:9:tPBTriangle_initToPool	16	static
leaf-oscillators.c:392:9:tPBTriangle_free	0	static
leaf-oscillators.c:399:9:tPBTriangle_tick	24	static
leaf-oscillators.c:430:9:tPBTriangle_setFreq	0	static
leaf-oscillators.c:438:9:tPBTriangle_setSkew	0	static
leaf-oscillators.c:444:10:tPBTriangle_setSampleRate	0	static
leaf-oscillators.c:456:9:tPBPulse_init	16	static
leaf-oscillators.c:461:9:tPBPulse_initToPool	16	static
leaf-oscillators.c:474:9:tPBPulse_free	0	static
leaf-oscillators.c:481:9:tPBPulse_tick	16	static
leaf-oscillators.c:498:9:tPBPulse_setFreq	0	static
leaf-oscillators.c:506:9:tPBPulse_setWidth	0	static
leaf-oscillators.c:512:9:tPBPulse_setSampleRate	0	static
leaf-oscillators.c:523:9:tPBSaw_init	16	static
leaf-oscillators.c:528:9:tPBSaw_initToPool	16	static
leaf-oscillators.c:540:9:tPBSaw_free	0	static
leaf-oscillators.c:547:9:tPBSaw_tick	16	static
leaf-oscillators.c:561:9:tPBSaw_setFreq	0	static
leaf-oscillators.c:569:9:tPBSaw_setSampleRate	0	static
leaf-oscillators.c:580:9:tPhasor_init	16	static
leaf-oscillators.c:585:9:tPhasor_initToPool	16	static
leaf-oscillators.c:598:9:tPhasor_free	0	static
leaf-oscillators.c:605:9:tPhasor_setFreq	0	static
leaf-oscillators.c:615:9:tPhasor_tick	0	static
leaf-oscillators.c:636:10:tPhasor_setSampleRate	0	static
leaf-oscillators.c:646:9:tNoise_init	16	static
leaf-oscillators.c:651:9:tNoise_initToPool	16	static
leaf-oscillators.c:662:9:tNoise_free	0	static
leaf-oscillators.c:669:9:tNoise_tick	8	static
leaf-oscillators.c:693:6:tNeuron_init	24	static
leaf-oscillators.c:698:6:tNeuron_initToPool	24	static
leaf-oscillators.c:733:9:tNeuron_free	8	static
leaf-oscillators.c:741:8:tNeuron_reset	16	static
leaf-oscillators.c:770:6:tNeuron_setV1	0	static
leaf-oscillators.c:776:6:tNeuron_setV2	0	static
leaf-oscillators.c:782:6:tNeuron_setV3	0	static
leaf-oscillators.c:788:6:tNeuron_setTimeStep	0	static
leaf-oscillators.c:794:6:tNeuron_setK	0	static
leaf-oscillators.c:800:6:tNeuron_setL	0	static
leaf-oscillators.c:807:6:tNeuron_setN	0	static
leaf-oscillators.c:813:6:tNeuron_setC	0	static
leaf-oscillators.c:820:7:tNeuron_tick	32	static
leaf-oscillators.c:896:6:tNeuron_setMode	0	static
leaf-oscillators.c:902:6:tNeuron_setCurrent	0	static
leaf-oscillators.c:908:6:tNeuron_setSampleRate	0	static
leaf-oscillators.c:917:6:tMBPulse_init	16	static
leaf-oscillators.c:922:6:tMBPulse_initToPool	16	static
leaf-oscillators.c:944:6:tMBPulse_free	0	static
leaf-oscillators.c:950:7:tMBPulse_tick	64	static
leaf-oscillators.c:1177:6:tMBPulse_setFreq	0	static
leaf-oscillators.c:1183:6:tMBPulse_setWidth	0	static
leaf-oscillators.c:1189:7:tMBPulse_sync	0	static
leaf-oscillators.c:1205:6:tMBPulse_setSyncMode	0	static
leaf-oscillators.c:1211:6:tMBPulse_setSampleRate	0	static
leaf-oscillators.c:1220:6:tMBTriangle_init	16	static
leaf-oscillators.c:1225:6:tMBTriangle_initToPool	16	static
leaf-oscillators.c:1246:6:tMBTriangle_free	0	static
leaf-oscillators.c:1252:7:tMBTriangle_tick	80	static
leaf-oscillators.c:1479:6:tMBTriangle_setFreq	0	static
leaf-oscillators.c:1485:6:tMBTriangle_setWidth	0	static
leaf-oscillators.c:1491:7:tMBTriangle_sync	0	static
leaf-oscillators.c:1507:6:tMBTriangle_setSyncMode	0	static
leaf-oscillators.c:1513:6:tMBTriangle_setSampleRate	0	static
leaf-oscillators.c:1522:6:tMBSaw_init	16	static
leaf-oscillators.c:1527:6:tMBSaw_initToPool	16	static
leaf-oscillators.c:1547:6:tMBSaw_free	0	static
leaf-oscillators.c:1553:7:tMBSaw_tick	40	static
leaf-oscillators.c:1651:6:tMBSaw_setFreq	0	static
leaf-oscillators.c:1657:7:tMBSaw_sync	0	static
leaf-oscillators.c:1673:6:tMBSaw_setSyncMode	0	static
leaf-oscillators.c:1679:6:tMBSaw_setSampleRate	0	static
leaf-oscillators.c:1687:9:tTable_init	24	static
leaf-oscillators.c:1692:9:tTable_initToPool	24	static
leaf-oscillators.c:1706:9:tTable_free	0	static
leaf-oscillators.c:1713:10:tTable_setFreq	0	static
leaf-oscillators.c:1724:9:tTable_tick	4	static
leaf-oscillators.c:1750:10:tTable_setSampleRate	0	static
leaf-oscillators.c:1762:6:tWaveTable_initToPool	56	static
leaf-oscillators.c:1757:6:tWaveTable_init	0	static
leaf-oscillators.c:1826:6:tWaveTable_free	16	static
leaf-oscillators.c:1838:6:tWaveTable_setSampleRate	48	static
leaf-oscillators.c:1899:6:tWaveOsc_init	24	static
leaf-oscillators.c:1904:6:tWaveOsc_initToPool	24	static
leaf-oscillators.c:1923:6:tWaveOsc_free	0	static
leaf-oscillators.c:1929:7:tWaveOsc_tick	16	static
leaf-oscillators.c:1968:6:tWaveOsc_setFreq	8	static
leaf-oscillators.c:1991:6:tWaveOsc_setAntiAliasing	8	static
leaf-oscillators.c:1998:6:tWaveOsc_setPhaseOffset	0	static
leaf-oscillators.c:2004:6:tWaveOsc_setSampleRate	8	static
leaf-oscillators.c:2020:9:tWaveSynth_initToPool	72	static
leaf-oscillators.c:2014:9:tWaveSynth_init	4	static
leaf-oscillators.c:2057:9:tWaveSynth_free	24	static
leaf-oscillators.c:2073:9:tWaveSynth_tick	56	static
leaf-oscillators.c:2097:7:tWaveSynth_tickVoice	36	static
leaf-oscillators.c:2121:6:tWaveSynth_setFreq	32	static
leaf-oscillators.c:2130:6:tWaveSynth_setAntiAliasing	40	static
leaf-oscillators.c:2142:6:tWaveSynth_setIndex	0	static
leaf-oscillators.c:2148:6:tWaveSynth_setIndexGain	0	static
leaf-oscillators.c:2155:6:tWaveSynth_setIndexPhase	0	static
leaf-oscillators.c:2165:6:tWaveSynth_setSampleRate	40	static
leaf-oscillators.c:2184:6:tWaveTableS_initToPool	64	static
leaf-oscillators.c:2179:6:tWaveTableS_init	0	static
leaf-oscillators.c:2247:9:tWaveTableS_free	16	static
leaf-oscillators.c:2260:9:tWaveTableS_setSampleRate	64	static
leaf-oscillators.c:2324:6:tWaveOscS_init	24	static
leaf-oscillators.c:2329:6:tWaveOscS_initToPool	24	static
leaf-oscillators.c:2345:6:tWaveOscS_free	0	static
leaf-oscillators.c:2351:7:tWaveOscS_tick	16	static
leaf-oscillators.c:2391:6:tWaveOscS_setFreq	8	static
leaf-oscillators.c:2411:6:tWaveOscS_setAntiAliasing	8	static
leaf-oscillators.c:2418:6:tWaveOscS_setPhaseOffset	0	static
leaf-oscillators.c:2424:6:tWaveOscS_setSampleRate	8	static
leaf-oscillators.c:2440:6:tWaveSynthS_initToPool	72	static
leaf-oscillators.c:2434:6:tWaveSynthS_init	4	static
leaf-oscillators.c:2477:6:tWaveSynthS_free	24	static
leaf-oscillators.c:2493:7:tWaveSynthS_tick	56	static
leaf-oscillators.c:2517:7:tWaveSynthS_tickVoice	48	static
leaf-oscillators.c:2541:6:tWaveSynthS_setFreq	32	static
leaf-oscillators.c:2550:6:tWaveSynthS_setAntiAliasing	40	static
leaf-oscillators.c:2562:6:tWaveSynthS_setIndex	0	static
leaf-oscillators.c:2568:6:tWaveSynthS_setIndexGain	0	static
leaf-oscillators.c:2575:6:tWaveSynthS_setIndexPhase	0	static
leaf-oscillators.c:2585:6:tWaveSynthS_setSampleRate	40	static
