leaf-instruments.c:21:6:t808Cowbell_init	40	static
leaf-instruments.c:26:13:t808Cowbell_initToPool	40	static
leaf-instruments.c:57:13:t808Cowbell_free	8	static
leaf-instruments.c:73:6:t808Cowbell_on	16	static
leaf-instruments.c:83:7:t808Cowbell_tick	32	static
leaf-instruments.c:107:6:t808Cowbell_setDecay	0	static
leaf-instruments.c:113:6:t808Cowbell_setHighpassFreq	0	static
leaf-instruments.c:119:6:t808Cowbell_setBandpassFreq	0	static
leaf-instruments.c:125:6:t808Cowbell_setFreq	16	static
leaf-instruments.c:132:6:t808Cowbell_setOscMix	0	static
leaf-instruments.c:138:6:t808Cowbell_setStick	0	static
leaf-instruments.c:144:6:t808Cowbell_setSampleRate	16	static
leaf-instruments.c:162:9:t808Hihat_initToPool	32	static
leaf-instruments.c:157:6:t808Hihat_init	0	static
leaf-instruments.c:197:9:t808Hihat_free	16	static
leaf-instruments.c:220:6:t808Hihat_on	16	static
leaf-instruments.c:227:6:t808Hihat_setOscNoiseMix	0	static
leaf-instruments.c:233:7:t808Hihat_tick	32	static
leaf-instruments.c:269:6:t808Hihat_setDecay	0	static
leaf-instruments.c:275:6:t808Hihat_setHighpassFreq	0	static
leaf-instruments.c:281:6:t808Hihat_setStretch	0	static
leaf-instruments.c:287:6:t808Hihat_setFM	0	static
leaf-instruments.c:293:6:t808Hihat_setOscBandpassFreq	0	static
leaf-instruments.c:299:6:t808Hihat_setOscBandpassQ	0	static
leaf-instruments.c:305:6:t808Hihat_setStickBandPassFreq	0	static
leaf-instruments.c:311:6:t808Hihat_setStickBandPassQ	0	static
leaf-instruments.c:317:6:t808Hihat_setOscFreq	0	static
leaf-instruments.c:323:6:t808Hihat_setSampleRate	24	static
leaf-instruments.c:346:9:t808Snare_initToPool	56	static
leaf-instruments.c:341:6:t808Snare_init	0	static
leaf-instruments.c:376:9:t808Snare_free	8	static
leaf-instruments.c:397:6:t808Snare_on	16	static
leaf-instruments.c:412:6:t808Snare_setTone1Freq	0	static
leaf-instruments.c:419:6:t808Snare_setTone2Freq	0	static
leaf-instruments.c:426:6:t808Snare_setTone1Decay	0	static
leaf-instruments.c:432:6:t808Snare_setTone2Decay	0	static
leaf-instruments.c:438:6:t808Snare_setNoiseDecay	0	static
leaf-instruments.c:444:6:t808Snare_setToneNoiseMix	0	static
leaf-instruments.c:450:6:t808Snare_setNoiseFilterFreq	0	static
leaf-instruments.c:456:6:t808Snare_setNoiseFilterQ	0	static
leaf-instruments.c:464:7:t808Snare_tick	40	static
leaf-instruments.c:486:6:t808Snare_setSampleRate	16	static
leaf-instruments.c:500:6:t808Kick_init	32	static
leaf-instruments.c:505:6:t808Kick_initToPool	32	static
leaf-instruments.c:525:9:t808Kick_free	8	static
leaf-instruments.c:540:13:t808Kick_tick	32	static
leaf-instruments.c:552:13:t808Kick_on	16	static
leaf-instruments.c:561:13:t808Kick_setToneFreq	0	static
leaf-instruments.c:568:13:t808Kick_setToneDecay	16	static
leaf-instruments.c:582:13:t808Kick_setSampleRate	16	static
